MADNESS runtime initialized with 7 threads in the pool and affinity -1 -1 -1

                 MPQC4: Massively Parallel Quantum Chemistry (v4)
                                Version 4.0.0-alpha
                 Revision 29174b29cc05b7ff7bb3ce699b81a0ad8afc4140

  Machine:          Darwin-17.4.0-x86_64
  User:             xiaowang@Xiaos-MacBook-Pro.local
  Start Time:       Wed Apr  4 18:07:12 2018 UTC
  Default World:    1 MPI process

  Input KeyVal (format=JSON):
{
    "units": "2006CODATA",
    "h2": {
        "charge": "0",
        "file_name": "h2.xyz",
        "sort_input": "false",
        "n_cluster": "1",
        "lattice_param": [
            "0.0",
            "0.0",
            "3.7"
        ]
    },
    "basis": {
        "name": "6-31g",
        "atoms": "$:h2"
    },
    "dfbs": {
        "name": "cc-pvdz",
        "atoms": "$:h2"
    },
    "wfn_world": {
        "atoms": "$:h2",
        "basis": "$:basis",
        "df_basis": "$:dfbs",
        "screen": "schwarz",
        "threshold": "1.0e-20",
        "shell_pair_threshold": "1.0e-12",
        "rmax": [
            "0",
            "0",
            "5"
        ],
        "rjmax": [
            "0",
            "0",
            "5"
        ],
        "rdmax": [
            "0",
            "0",
            "5"
        ]
    },
    "wfn": {
        "type": "RIJ-CADFK-zRHF",
        "atoms": "$:h2",
        "wfn_world": "$:wfn_world",
        "max_iter": "100",
        "soad_guess": "true",
        "print_detail": "true",
        "max_condition_num": "1e8",
        "force_shape_threshold": "1.0e-8",
        "k_points": [
            "1",
            "1",
            "11"
        ]
    },
    "property": {
        "type": "Energy",
        "wfn": "$:wfn",
        "precision": "1.0e-9"
    }
}

  Using fundamental constants system 2006CODATA

Constructing Basis Registry: 
OBS Basis = 6-31g
( tiles = [ 0, 1 ), elements = [ 0, 4 ) )
Min and Max block size: 4 4
Average: 4

DF Basis = cc-pvdz
( tiles = [ 0, 1 ), elements = [ 0, 10 ) )
Min and Max block size: 10 10
Average: 10

  Engine precision = 2.22044604925031e-16
  Non-negligible shell-pair threshold = 1e-12
  Density sparse threshold = 9.99999968265523e-21

User specified range of lattice sum for |mu nu_R) = 0 0 5
Updated range of lattice sum for |mu nu_R) = 0 0 2

Computing Two Center Integral for Periodic System: < κ | λ >
 Size: 5.96046447753906e-07 GB Time: 0.011755513 s

Computing Two Center Integral for Periodic System: < U | Κ >
 Size: 7.45058059692383e-08 GB Time: 0.001685097 s

Computing Two Center Integral for Periodic System: < Κ |I| Λ >
 Size: 7.45058059692383e-07 GB Time: 0.000163332 s

Computing Two Center Integral for Periodic System: ( Κ |G| Λ )
 Size: 7.45058059692383e-07 GB Time: 0.005444564 s

RI-J init time decomposition:
	V perp:              0.000609796 s
	A = V_perp + P_para: 4.0206e-05 s
	A inv:               0.002555086 s
	IM:                  6.5788e-05 s
	3-c builder ctor:    0.013808476 s

force shape threshold = 1e-08
  Printing size information for C(X,μ,ν)
    Full     = 3.2e-05 GB
    Sparse   = 1.152e-05 GB
    Low Rank = 0 GB

CADF-K init time decomposition:
	C(X_Rx, μ_0, ν_Rν):  0.041165605 s


Updating RD-dependent variables:
	M(X_0, Y_(Ry-Rx)):        0.001006569 s
	direct ERI3:              0.00330022 s
	misc:                     0.000992885 s

Init RI-J time:      0.042837527 s

Init CADF-K time:      0.04730848 s


PeriodicAOFactory computational parameters:
	R_max (range of expansion of Bloch Gaussians in AO Gaussians): [0 0 2]
	Rj_max (range of Coulomb operation): [0 0 5]
	Rd_max (Range of density representation): [0 0 5]

Molecule info:
	C.O.M: 0 0 0
	Mass: 2.01565006446

Elements:
	AtomBasedCluster: {C. Of Mass: 0 0 0, elements: {Atom: {Z: 1, charge: 1, mass: 1.00782503223, pos:                 0                 0 0.700003692500297}, Atom: {Z: 1, charge: 1, mass: 1.00782503223, pos:                  0                  0 -0.700003692500297}}}

Unit cell info:
	Lattice parameters (in Bohr): [               0                0 6.99198669167688]

zRHF computational parameters:
  # of k points in each direction: [ 1  1 11]

Computing Two Center Integral for Periodic System: < κ |T| λ >
 Size: 5.96046447753906e-07 GB Time: 0.002286585 s

Computing Two Center Integral for Periodic System: < κ |V| λ >
 Time: 0.016017148 s
Retrieved Periodic AO Integral: < κ | λ > Size: 5.96046447753906e-07 GB

Building Fock Matrix from SOAD Guess ...

Integrals per node:
  Ints for J on node(0): 1496
  Ints for K on node(0): 550

Total PeriodicFourCenterFock builder time: 0.002430476

SOAD Time: 0.026422052 s

	overlap condition number = 21.4089982401755 at k = 0
	overlap condition number = 24.0238265678376 at k = 1
	overlap condition number = 29.3128371845317 at k = 2
	overlap condition number = 36.9307258152202 at k = 3
	overlap condition number = 44.790079355475 at k = 4
	overlap condition number = 48.3750714301437 at k = 5
	overlap condition number = 44.790079355475 at k = 6
	overlap condition number = 36.9307258152205 at k = 7
	overlap condition number = 29.3128371845317 at k = 8
	overlap condition number = 24.0238265678376 at k = 9
	overlap condition number = 21.4089982401755 at k = 10
Periodic RHF Init Time: 0.153941656 s

Nuclear Repulsion Energy: 2.03463240259795

Iteration: 1

RI-J time decomposition:
	Sum_RJ (X|μν) D_μν:   0.007874738 s
	C_para_Xμν D_μν:      0.000734198 s
	C_Xμν D_μν:           0.00733979 s
	J_part1:              0.000989436 s
	J_part2:              0.000726617 s

Total J builder time: 0.017907773 s

Truncating lattice range of density representation
	User specified lattice range = 0 0 5
	Updated lattice range = 0 0 5

Lattice range of density representation is not changed. No need to update RD-dependent variables!
  Printing size information for Q(Y,ν,ρ)
    Full     = 9.6e-05 GB
    Sparse   = 7.552e-05 GB
    Low Rank = 0 GB
  Printing size information for F(Y,μ,ρ)
    Full     = 0.0001216 GB
    Sparse   = 4.48e-05 GB
    Low Rank = 0 GB

CADF-K time decomposition:
	Q(Y, ν_R, ρ_Rj) :         0.000957238 s
	F = 2 * ERI3 - C M:       0.003838946 s
	  Eval E(Y, μ_0, ρ):      0.001083494 s
	  Contract C M:           0.002744583 s
	Permute F and Q:          0.000519243 s
	K = F Q:                  0.000573596 s

Total K builder time:     0.006634469 s

zRHF Energy: -3.16873765666688
Total Energy: -1.13410525406893
Delta(E): -3.16873765666688
RMS(D): 0.000350853327840958
Fock Build Time: 0.028530721 s
Transform Fock (Real->Recip) Time: 0.000208645 s
Density Time: 0.000490807 s
Iteration Time: 0.031237459 s

Max LUCO: 10.1452024448335 eV at k = (0 0 0)
Min LUCO: 5.57740608369345 eV at k = (0 0 5)
Max HOCO: -16.4859854187285 eV at k = (0 0 5)
Min HOCO: -16.7963847496021 eV at k = (0 0 0)
Indirect band gap: 22.063391502422 eV
Max direct band gap: 26.9415871944355 eV at k = (0 0 0)
Min direct band gap: 22.063391502422 eV at k = (0 0 5)

Iteration: 2

RI-J time decomposition:
	Sum_RJ (X|μν) D_μν:   0.001277031 s
	C_para_Xμν D_μν:      0.000242533 s
	C_Xμν D_μν:           0.000155274 s
	J_part1:              0.00071824 s
	J_part2:              0.00019786 s

Total J builder time: 0.002797168 s

Truncating lattice range of density representation
	User specified lattice range = 0 0 5
	Updated lattice range = 0 0 5

Lattice range of density representation is not changed. No need to update RD-dependent variables!
  Printing size information for Q(Y,ν,ρ)
    Full     = 9.6e-05 GB
    Sparse   = 7.552e-05 GB
    Low Rank = 0 GB
  Printing size information for F(Y,μ,ρ)
    Full     = 0.0001216 GB
    Sparse   = 3.2e-05 GB
    Low Rank = 0 GB

CADF-K time decomposition:
	Q(Y, ν_R, ρ_Rj) :         0.000579551 s
	F = 2 * ERI3 - C M:       0.007039707 s
	  Eval E(Y, μ_0, ρ):      0.005834264 s
	  Contract C M:           0.001195458 s
	Permute F and Q:          0.000410675 s
	K = F Q:                  0.000324418 s

Total K builder time:     0.008960333 s

zRHF Energy: -3.16855458591419
Total Energy: -1.13392218331624
Delta(E): 0.00018307075268309
RMS(D): 7.67791692201842e-05
Fock Build Time: 0.012660428 s
Transform Fock (Real->Recip) Time: 0.000165804 s
Density Time: 0.000424225 s
Iteration Time: 0.021624695 s

Max LUCO: 10.6670535910766 eV at k = (0 0 0)
Min LUCO: 6.0010880175174 eV at k = ( 0  0 -5)
Max HOCO: -16.0029336379597 eV at k = (0 0 5)
Min HOCO: -16.2944736350287 eV at k = (0 0 0)
Indirect band gap: 22.0040216554771 eV
Max direct band gap: 26.9615272261053 eV at k = (0 0 0)
Min direct band gap: 22.0040216554771 eV at k = ( 0  0 -5)

Iteration: 3

RI-J time decomposition:
	Sum_RJ (X|μν) D_μν:   0.010838636 s
	C_para_Xμν D_μν:      0.000267459 s
	C_Xμν D_μν:           0.00014888 s
	J_part1:              0.000708479 s
	J_part2:              0.000194652 s

Total J builder time: 0.01238362 s

Truncating lattice range of density representation
	User specified lattice range = 0 0 5
	Updated lattice range = 0 0 5

Lattice range of density representation is not changed. No need to update RD-dependent variables!
  Printing size information for Q(Y,ν,ρ)
    Full     = 9.6e-05 GB
    Sparse   = 7.552e-05 GB
    Low Rank = 0 GB
  Printing size information for F(Y,μ,ρ)
    Full     = 0.0001216 GB
    Sparse   = 4.48e-05 GB
    Low Rank = 0 GB

CADF-K time decomposition:
	Q(Y, ν_R, ρ_Rj) :         0.00055766 s
	F = 2 * ERI3 - C M:       0.006731964 s
	  Eval E(Y, μ_0, ρ):      0.005685546 s
	  Contract C M:           0.001036115 s
	Permute F and Q:          0.000585615 s
	K = F Q:                  0.000474299 s

Total K builder time:     0.008949976 s

zRHF Energy: -3.16717567157719
Total Energy: -1.13254326897924
Delta(E): 0.0013789143370011
RMS(D): 1.68333601838176e-05
Fock Build Time: 0.022466412 s
Transform Fock (Real->Recip) Time: 0.001216072 s
Density Time: 0.000625712 s
Iteration Time: 0.025370524 s

Max LUCO: 10.7766081967961 eV at k = (0 0 0)
Min LUCO: 6.08992180942582 eV at k = ( 0  0 -5)
Max HOCO: -15.8965996401229 eV at k = (0 0 5)
Min HOCO: -16.1833261485814 eV at k = (0 0 0)
Indirect band gap: 21.9865214495488 eV
Max direct band gap: 26.9599343453776 eV at k = (0 0 0)
Min direct band gap: 21.9865214495488 eV at k = (0 0 5)

Iteration: 4

RI-J time decomposition:
	Sum_RJ (X|μν) D_μν:   0.003099185 s
	C_para_Xμν D_μν:      0.00029441 s
	C_Xμν D_μν:           0.006422666 s
	J_part1:              0.005320175 s
	J_part2:              0.000185393 s

Total J builder time: 0.015750962 s

Truncating lattice range of density representation
	User specified lattice range = 0 0 5
	Updated lattice range = 0 0 5

Lattice range of density representation is not changed. No need to update RD-dependent variables!
  Printing size information for Q(Y,ν,ρ)
    Full     = 9.6e-05 GB
    Sparse   = 7.552e-05 GB
    Low Rank = 0 GB
  Printing size information for F(Y,μ,ρ)
    Full     = 0.0001216 GB
    Sparse   = 4.48e-05 GB
    Low Rank = 0 GB

CADF-K time decomposition:
	Q(Y, ν_R, ρ_Rj) :         0.000447364 s
	F = 2 * ERI3 - C M:       0.003954149 s
	  Eval E(Y, μ_0, ρ):      0.000657529 s
	  Contract C M:           0.003286703 s
	Permute F and Q:          0.00071012 s
	K = F Q:                  0.000478078 s

Total K builder time:     0.006174188 s

zRHF Energy: -3.16681313817628
Total Energy: -1.13218073557834
Delta(E): 0.000362533400906528
RMS(D): 3.68974041007817e-06
Fock Build Time: 0.022885179 s
Transform Fock (Real->Recip) Time: 0.000142087 s
Density Time: 0.000407826 s
Iteration Time: 0.024295397 s

Max LUCO: 10.800352013657 eV at k = (0 0 0)
Min LUCO: 6.10920962014592 eV at k = (0 0 5)
Max HOCO: -15.8733249847232 eV at k = (0 0 5)
Min HOCO: -16.1589272877207 eV at k = (0 0 0)
Indirect band gap: 21.9825346048691 eV
Max direct band gap: 26.9592793013777 eV at k = (0 0 0)
Min direct band gap: 21.9825346048691 eV at k = (0 0 5)

Iteration: 5

RI-J time decomposition:
	Sum_RJ (X|μν) D_μν:   0.001161595 s
	C_para_Xμν D_μν:      0.000255818 s
	C_Xμν D_μν:           0.00013686 s
	J_part1:              0.000662562 s
	J_part2:              0.000189651 s

Total J builder time: 0.00257693 s

Truncating lattice range of density representation
	User specified lattice range = 0 0 5
	Updated lattice range = 0 0 5

Lattice range of density representation is not changed. No need to update RD-dependent variables!
  Printing size information for Q(Y,ν,ρ)
    Full     = 9.6e-05 GB
    Sparse   = 7.552e-05 GB
    Low Rank = 0 GB
  Printing size information for F(Y,μ,ρ)
    Full     = 0.0001216 GB
    Sparse   = 4.48e-05 GB
    Low Rank = 0 GB

CADF-K time decomposition:
	Q(Y, ν_R, ρ_Rj) :         0.000412007 s
	F = 2 * ERI3 - C M:       0.002008308 s
	  Eval E(Y, μ_0, ρ):      0.000668268 s
	  Contract C M:           0.001328913 s
	Permute F and Q:          0.000432584 s
	K = F Q:                  0.000430016 s

Total K builder time:     0.003848637 s

zRHF Energy: -3.1667308810341
Total Energy: -1.13209847843615
Delta(E): 8.22571421843499e-05
RMS(D): 8.08686760987474e-07
Fock Build Time: 0.007394585 s
Transform Fock (Real->Recip) Time: 0.00017694 s
Density Time: 0.00042645 s
Iteration Time: 0.008959263 s

Max LUCO: 10.8055360159107 eV at k = (0 0 0)
Min LUCO: 6.11343025324113 eV at k = (0 0 5)
Max HOCO: -15.8682330127165 eV at k = (0 0 5)
Min HOCO: -16.1535782819014 eV at k = (0 0 0)
Indirect band gap: 21.9816632659576 eV
Max direct band gap: 26.9591142978121 eV at k = (0 0 0)
Min direct band gap: 21.9816632659576 eV at k = (0 0 5)

Iteration: 6

RI-J time decomposition:
	Sum_RJ (X|μν) D_μν:   0.005280251 s
	C_para_Xμν D_μν:      0.000256099 s
	C_Xμν D_μν:           0.000148572 s
	J_part1:              0.002676308 s
	J_part2:              0.000213539 s

Total J builder time: 0.008779895 s

Truncating lattice range of density representation
	User specified lattice range = 0 0 5
	Updated lattice range = 0 0 5

Lattice range of density representation is not changed. No need to update RD-dependent variables!
  Printing size information for Q(Y,ν,ρ)
    Full     = 9.6e-05 GB
    Sparse   = 7.552e-05 GB
    Low Rank = 0 GB
  Printing size information for F(Y,μ,ρ)
    Full     = 0.0001216 GB
    Sparse   = 4.48e-05 GB
    Low Rank = 0 GB

CADF-K time decomposition:
	Q(Y, ν_R, ρ_Rj) :         0.000470666 s
	F = 2 * ERI3 - C M:       0.0016006 s
	  Eval E(Y, μ_0, ρ):      0.000685424 s
	  Contract C M:           0.000905645 s
	Permute F and Q:          0.000496628 s
	K = F Q:                  0.000424506 s

Total K builder time:     0.003553453 s

zRHF Energy: -3.16671273030601
Total Energy: -1.13208032770806
Delta(E): 1.81507280885285e-05
RMS(D): 1.77231288300063e-07
Fock Build Time: 0.013766444 s
Transform Fock (Real->Recip) Time: 0.000175393 s
Density Time: 0.000415575 s
Iteration Time: 0.016193047 s

Max LUCO: 10.8066698668381 eV at k = (0 0 0)
Min LUCO: 6.11435527262169 eV at k = (0 0 5)
Max HOCO: -15.8671188835941 eV at k = ( 0  0 -5)
Min HOCO: -16.152406024231 eV at k = (0 0 0)
Indirect band gap: 21.9814741562158 eV
Max direct band gap: 26.9590758910691 eV at k = (0 0 0)
Min direct band gap: 21.9814741562158 eV at k = ( 0  0 -5)

Iteration: 7

RI-J time decomposition:
	Sum_RJ (X|μν) D_μν:   0.001221279 s
	C_para_Xμν D_μν:      0.000248567 s
	C_Xμν D_μν:           0.000144505 s
	J_part1:              0.000692361 s
	J_part2:              0.000183166 s

Total J builder time: 0.00266449 s

Truncating lattice range of density representation
	User specified lattice range = 0 0 5
	Updated lattice range = 0 0 5

Lattice range of density representation is not changed. No need to update RD-dependent variables!
  Printing size information for Q(Y,ν,ρ)
    Full     = 9.6e-05 GB
    Sparse   = 7.552e-05 GB
    Low Rank = 0 GB
  Printing size information for F(Y,μ,ρ)
    Full     = 0.0001216 GB
    Sparse   = 4.48e-05 GB
    Low Rank = 0 GB

CADF-K time decomposition:
	Q(Y, ν_R, ρ_Rj) :         0.000412483 s
	F = 2 * ERI3 - C M:       0.00157333 s
	  Eval E(Y, μ_0, ρ):      0.000689268 s
	  Contract C M:           0.000874927 s
	Permute F and Q:          0.000594258 s
	K = F Q:                  0.000406959 s

Total K builder time:     0.003448409 s

zRHF Energy: -3.16670874875565
Total Energy: -1.1320763461577
Delta(E): 3.98155036362979e-06
RMS(D): 3.88397520602562e-08
Fock Build Time: 0.007003271 s
Transform Fock (Real->Recip) Time: 0.00017091 s
Density Time: 0.000420555 s
Iteration Time: 0.00856832 s

Max LUCO: 10.8069179920872 eV at k = (0 0 0)
Min LUCO: 6.11455804809942 eV at k = (0 0 5)
Max HOCO: -15.8668750714191 eV at k = (0 0 5)
Min HOCO: -16.1521491534433 eV at k = (0 0 0)
Indirect band gap: 21.9814331195185 eV
Max direct band gap: 26.9590671455305 eV at k = (0 0 0)
Min direct band gap: 21.9814331195185 eV at k = (0 0 5)

Iteration: 8

RI-J time decomposition:
	Sum_RJ (X|μν) D_μν:   0.001214251 s
	C_para_Xμν D_μν:      0.000230083 s
	C_Xμν D_μν:           0.000127867 s
	J_part1:              0.000651189 s
	J_part2:              0.000297182 s

Total J builder time: 0.002687765 s

Truncating lattice range of density representation
	User specified lattice range = 0 0 5
	Updated lattice range = 0 0 5

Lattice range of density representation is not changed. No need to update RD-dependent variables!
  Printing size information for Q(Y,ν,ρ)
    Full     = 9.6e-05 GB
    Sparse   = 7.552e-05 GB
    Low Rank = 0 GB
  Printing size information for F(Y,μ,ρ)
    Full     = 0.0001216 GB
    Sparse   = 4.48e-05 GB
    Low Rank = 0 GB

CADF-K time decomposition:
	Q(Y, ν_R, ρ_Rj) :         0.000419014 s
	F = 2 * ERI3 - C M:       0.006956939 s
	  Eval E(Y, μ_0, ρ):      0.00596677 s
	  Contract C M:           0.000979412 s
	Permute F and Q:          0.000543131 s
	K = F Q:                  0.000535188 s

Total K builder time:     0.009041097 s

zRHF Energy: -3.16670787646281
Total Energy: -1.13207547386486
Delta(E): 8.72292841513911e-07
RMS(D): 8.51114219447574e-09
Fock Build Time: 0.012757848 s
Transform Fock (Real->Recip) Time: 0.000211768 s
Density Time: 0.000486612 s
Iteration Time: 0.014554304 s

Max LUCO: 10.8069723020407 eV at k = (0 0 0)
Min LUCO: 6.1146024960265 eV at k = (0 0 5)
Max HOCO: -15.8668217084649 eV at k = (0 0 5)
Min HOCO: -16.1520928710228 eV at k = (0 0 0)
Indirect band gap: 21.9814242044914 eV
Max direct band gap: 26.9590651730635 eV at k = (0 0 0)
Min direct band gap: 21.9814242044914 eV at k = (0 0 5)

Iteration: 9

RI-J time decomposition:
	Sum_RJ (X|μν) D_μν:   0.001366341 s
	C_para_Xμν D_μν:      0.000288404 s
	C_Xμν D_μν:           0.000178112 s
	J_part1:              0.000701695 s
	J_part2:              0.000206497 s

Total J builder time: 0.002932078 s

Truncating lattice range of density representation
	User specified lattice range = 0 0 5
	Updated lattice range = 0 0 5

Lattice range of density representation is not changed. No need to update RD-dependent variables!
  Printing size information for Q(Y,ν,ρ)
    Full     = 9.6e-05 GB
    Sparse   = 7.552e-05 GB
    Low Rank = 0 GB
  Printing size information for F(Y,μ,ρ)
    Full     = 0.0001216 GB
    Sparse   = 4.48e-05 GB
    Low Rank = 0 GB

CADF-K time decomposition:
	Q(Y, ν_R, ρ_Rj) :         0.000496217 s
	F = 2 * ERI3 - C M:       0.001688742 s
	  Eval E(Y, μ_0, ρ):      0.000740159 s
	  Contract C M:           0.000939154 s
	Permute F and Q:          0.000491618 s
	K = F Q:                  0.000471281 s

Total K builder time:     0.003722921 s

zRHF Energy: -3.16670768540644
Total Energy: -1.13207528280849
Delta(E): 1.91056366283249e-07
RMS(D): 1.8649838277633e-09
Fock Build Time: 0.007731058 s
Transform Fock (Real->Recip) Time: 0.000205204 s
Density Time: 0.00041637 s
Iteration Time: 0.00930824 s

Max LUCO: 10.8069841910483 eV at k = (0 0 0)
Min LUCO: 6.11461223787333 eV at k = ( 0  0 -5)
Max HOCO: -15.8668100274687 eV at k = (0 0 5)
Min HOCO: -16.1520805397851 eV at k = (0 0 0)
Indirect band gap: 21.981422265342 eV
Max direct band gap: 26.9590647308334 eV at k = (0 0 0)
Min direct band gap: 21.981422265342 eV at k = ( 0  0 -5)

Iteration: 10

RI-J time decomposition:
	Sum_RJ (X|μν) D_μν:   0.001179223 s
	C_para_Xμν D_μν:      0.000243051 s
	C_Xμν D_μν:           0.000133199 s
	J_part1:              0.000607329 s
	J_part2:              0.000184871 s

Total J builder time: 0.002517048 s

Truncating lattice range of density representation
	User specified lattice range = 0 0 5
	Updated lattice range = 0 0 5

Lattice range of density representation is not changed. No need to update RD-dependent variables!
  Printing size information for Q(Y,ν,ρ)
    Full     = 9.6e-05 GB
    Sparse   = 7.552e-05 GB
    Low Rank = 0 GB
  Printing size information for F(Y,μ,ρ)
    Full     = 0.0001216 GB
    Sparse   = 4.48e-05 GB
    Low Rank = 0 GB

CADF-K time decomposition:
	Q(Y, ν_R, ρ_Rj) :         0.000443462 s
	F = 2 * ERI3 - C M:       0.002668405 s
	  Eval E(Y, μ_0, ρ):      0.000664701 s
	  Contract C M:           0.001994486 s
	Permute F and Q:          0.00045083 s
	K = F Q:                  0.000416776 s

Total K builder time:     0.004521872 s

zRHF Energy: -3.16670764356193
Total Energy: -1.13207524096398
Delta(E): 4.18445131877831e-08
RMS(D): 4.08638882088265e-10
Fock Build Time: 0.008486596 s
Transform Fock (Real->Recip) Time: 0.000197203 s
Density Time: 0.000395526 s
Iteration Time: 0.010022001 s

Max LUCO: 10.8069867939225 eV at k = (0 0 0)
Min LUCO: 6.11461437280937 eV at k = (0 0 5)
Max HOCO: -15.866807470272 eV at k = (0 0 5)
Min HOCO: -16.1520778381974 eV at k = (0 0 0)
Indirect band gap: 21.9814218430814 eV
Max direct band gap: 26.9590646321199 eV at k = (0 0 0)
Min direct band gap: 21.9814218430814 eV at k = (0 0 5)

Iteration: 11

RI-J time decomposition:
	Sum_RJ (X|μν) D_μν:   0.002947717 s
	C_para_Xμν D_μν:      0.000236091 s
	C_Xμν D_μν:           0.000152448 s
	J_part1:              0.000677535 s
	J_part2:              0.000175544 s

Total J builder time: 0.004380515 s

Truncating lattice range of density representation
	User specified lattice range = 0 0 5
	Updated lattice range = 0 0 5

Lattice range of density representation is not changed. No need to update RD-dependent variables!
  Printing size information for Q(Y,ν,ρ)
    Full     = 9.6e-05 GB
    Sparse   = 7.552e-05 GB
    Low Rank = 0 GB
  Printing size information for F(Y,μ,ρ)
    Full     = 0.0001216 GB
    Sparse   = 4.48e-05 GB
    Low Rank = 0 GB

CADF-K time decomposition:
	Q(Y, ν_R, ρ_Rj) :         0.000443026 s
	F = 2 * ERI3 - C M:       0.001564975 s
	  Eval E(Y, μ_0, ρ):      0.000634911 s
	  Contract C M:           0.000920942 s
	Permute F and Q:          0.00054017 s
	K = F Q:                  0.000490144 s

Total K builder time:     0.0035799 s

zRHF Energy: -3.16670763439691
Total Energy: -1.13207523179896
Delta(E): 9.16501496917022e-09
RMS(D): 8.95330689364128e-11
Fock Build Time: 0.009323745 s
Transform Fock (Real->Recip) Time: 0.000236781 s
Density Time: 0.000518595 s
Iteration Time: 0.011094714 s

Max LUCO: 10.8069873638275 eV at k = (0 0 0)
Min LUCO: 6.11461484065098 eV at k = (0 0 5)
Max HOCO: -15.8668069103931 eV at k = ( 0  0 -5)
Min HOCO: -16.1520772463332 eV at k = (0 0 0)
Indirect band gap: 21.9814217510441 eV
Max direct band gap: 26.9590646101607 eV at k = (0 0 0)
Min direct band gap: 21.9814217510441 eV at k = (0 0 5)

Iteration: 12

RI-J time decomposition:
	Sum_RJ (X|μν) D_μν:   0.001808205 s
	C_para_Xμν D_μν:      0.0002375 s
	C_Xμν D_μν:           0.000155194 s
	J_part1:              0.000688041 s
	J_part2:              0.000176049 s

Total J builder time: 0.003218477 s

Truncating lattice range of density representation
	User specified lattice range = 0 0 5
	Updated lattice range = 0 0 5

Lattice range of density representation is not changed. No need to update RD-dependent variables!
  Printing size information for Q(Y,ν,ρ)
    Full     = 9.6e-05 GB
    Sparse   = 7.552e-05 GB
    Low Rank = 0 GB
  Printing size information for F(Y,μ,ρ)
    Full     = 0.0001216 GB
    Sparse   = 4.48e-05 GB
    Low Rank = 0 GB

CADF-K time decomposition:
	Q(Y, ν_R, ρ_Rj) :         0.000432035 s
	F = 2 * ERI3 - C M:       0.001768161 s
	  Eval E(Y, μ_0, ρ):      0.000890592 s
	  Contract C M:           0.000868548 s
	Permute F and Q:          0.000531054 s
	K = F Q:                  0.000422413 s

Total K builder time:     0.003653578 s

zRHF Energy: -3.16670763239033
Total Energy: -1.13207522979238
Delta(E): 2.00658289983835e-09
RMS(D): 1.96160473848623e-11
Fock Build Time: 0.007702726 s
Transform Fock (Real->Recip) Time: 0.000178578 s
Density Time: 0.002411618 s
Iteration Time: 0.01109312 s

Max LUCO: 10.8069874885962 eV at k = (0 0 0)
Min LUCO: 6.11461494314323 eV at k = ( 0  0 -5)
Max HOCO: -15.8668067878249 eV at k = ( 0  0 -5)
Min HOCO: -16.1520771166936 eV at k = (0 0 0)
Indirect band gap: 21.9814217309681 eV
Max direct band gap: 26.9590646052898 eV at k = (0 0 0)
Min direct band gap: 21.9814217309681 eV at k = ( 0  0 -5)

Iteration: 13

RI-J time decomposition:
	Sum_RJ (X|μν) D_μν:   0.001167363 s
	C_para_Xμν D_μν:      0.000252139 s
	C_Xμν D_μν:           0.00015125 s
	J_part1:              0.000652531 s
	J_part2:              0.000199084 s

Total J builder time: 0.002614489 s

Truncating lattice range of density representation
	User specified lattice range = 0 0 5
	Updated lattice range = 0 0 5

Lattice range of density representation is not changed. No need to update RD-dependent variables!
  Printing size information for Q(Y,ν,ρ)
    Full     = 9.6e-05 GB
    Sparse   = 7.552e-05 GB
    Low Rank = 0 GB
  Printing size information for F(Y,μ,ρ)
    Full     = 0.0001216 GB
    Sparse   = 4.48e-05 GB
    Low Rank = 0 GB

CADF-K time decomposition:
	Q(Y, ν_R, ρ_Rj) :         0.000418393 s
	F = 2 * ERI3 - C M:       0.006735586 s
	  Eval E(Y, μ_0, ρ):      0.000805531 s
	  Contract C M:           0.00591887 s
	Permute F and Q:          0.001176485 s
	K = F Q:                  0.00050402 s

Total K builder time:     0.00942418 s

zRHF Energy: -3.16670763195052
Total Energy: -1.13207522935257
Delta(E): 4.39806857599478e-10
RMS(D): 4.2975223784472e-12
Fock Build Time: 0.01338831 s
Transform Fock (Real->Recip) Time: 0.00021318 s
Density Time: 0.00051777 s
Iteration Time: 0.015257574 s

Max LUCO: 10.806987515926 eV at k = (0 0 0)
Min LUCO: 6.11461496560794 eV at k = (0 0 5)
Max HOCO: -15.8668067609775 eV at k = (0 0 5)
Min HOCO: -16.1520770882854 eV at k = (0 0 0)
Indirect band gap: 21.9814217265854 eV
Max direct band gap: 26.9590646042115 eV at k = (0 0 0)
Min direct band gap: 21.9814217265854 eV at k = (0 0 5)

Periodic Hartree-Fock iterations have converged!

Max LUCO: 10.806987515926 eV at k = (0 0 0)
Min LUCO: 6.11461496560794 eV at k = (0 0 5)
Max HOCO: -15.8668067609775 eV at k = (0 0 5)
Min HOCO: -16.1520770882854 eV at k = (0 0 0)
Indirect band gap: 21.9814217265854 eV
Max direct band gap: 26.9590646042115 eV at k = (0 0 0)
Min direct band gap: 21.9814217265854 eV at k = (0 0 5)

Total Periodic Hartree-Fock energy = -1.13207522935257

 k | orbital energies
0 | -0.58309  0.22471  0.91048    1.318
1 | -0.58478  0.24273  0.89145   1.3507
2 | -0.58756  0.27794  0.85824    1.413
3 | -0.59053  0.32635  0.81753   1.4974
4 | -0.59276  0.37491  0.77945   1.5812
5 | -0.59358  0.39715  0.76234    1.619
6 | -0.59276  0.37491  0.77945   1.5812
7 | -0.59053  0.32635  0.81753   1.4974
8 | -0.58756  0.27794  0.85824    1.413
9 | -0.58478  0.24273  0.89145   1.3507
10 | -0.58309  0.22471  0.91048    1.318

Time(s):
	Init:                               0.154
	Coulomb term:                       0.000
	Exchange term:                      0.000
	Real->Recip trans:                  0.003
	Diag + Density:                     0.008
	Total:                              0.208


*** test multipole after converged scf ***
  Engine precision = 2.22044604925031e-16
  Non-negligible shell-pair threshold = 1e-12
  Density sparse threshold = 9.99999968265523e-21

User specified range of lattice sum for |mu nu_R) = 0 0 5
Updated range of lattice sum for |mu nu_R) = 0 0 2

PeriodicAOFactory computational parameters:
	R_max (range of expansion of Bloch Gaussians in AO Gaussians): [0 0 2]
	Rj_max (range of Coulomb operation): [0 0 5]
	Rd_max (Range of density representation): [0 0 5]


Crystal dimensionality : 1

Multipole approximation thresholds:
	energy threshold = 1e-09
	well-separateness criterion = 3
	primitive pair extent threshold = 1e-06
	primitive pair extent small value = 0.01
	dipole correction threshold = 0.001

Computing Two Center Integral for Periodic System: < κ |O| λ >
 Size: 6.55651092529297e-06 GB Time: 0.013816391 s

!!!!!! Warning !!!!!!
The range limit in dimension 2 is not enough to reach Crystal Far Field. Use larger `rjmax` in the input.

The boundary of Crystal Far Field is 0 0 5

Cannot reach CFF within the given `rjmax`. Skip the rest of multipole approximation calculation.

MA init time decomposition:
	basis pair ctor:          0.000237786 s
	multipole ints:           0.013968651 s
	CFF boundary:             5.8285e-05 s
	nuclear multipole + misc: 4.709e-06 s
electronic spherical multipole moments:
monopole: -2
dipole m=-1: -0
dipole m=0:  1.06817555919986e-12
dipole m=1:  -0
quadrupole m=-2: -0
quadrupole m=-1: -0
quadrupole m=0:  -0.337329111489794
quadrupole m=1:  -0
quadrupole m=2:  -0
  Output KeyVal (format=JSON):
{
    "units": "2006CODATA",
    "h2": {
        "charge": "0",
        "file_name": "h2.xyz",
        "sort_input": "false",
        "n_cluster": "1",
        "lattice_param": [
            "0.0",
            "0.0",
            "3.7"
        ]
    },
    "basis": {
        "name": "6-31g",
        "atoms": "$:h2"
    },
    "dfbs": {
        "name": "cc-pvdz",
        "atoms": "$:h2"
    },
    "wfn_world": {
        "atoms": "$:h2",
        "basis": "$:basis",
        "df_basis": "$:dfbs",
        "screen": "schwarz",
        "threshold": "1.0e-20",
        "shell_pair_threshold": "1.0e-12",
        "rmax": [
            "0",
            "0",
            "5"
        ],
        "rjmax": [
            "0",
            "0",
            "5"
        ],
        "rdmax": [
            "0",
            "0",
            "5"
        ]
    },
    "wfn": {
        "type": "RIJ-CADFK-zRHF",
        "atoms": "$:h2",
        "wfn_world": "$:wfn_world",
        "max_iter": "100",
        "soad_guess": "true",
        "print_detail": "true",
        "max_condition_num": "1e8",
        "force_shape_threshold": "1.0e-8",
        "k_points": [
            "1",
            "1",
            "11"
        ]
    },
    "property": {
        "type": "Energy",
        "wfn": "$:wfn",
        "precision": "1.0e-9",
        "value": {
            "value": "-1.1320752293525747"
        }
    }
}

