MADNESS runtime initialized with 3 threads in the pool and affinity -1 -1 -1

                 MPQC4: Massively Parallel Quantum Chemistry (v4)
                                Version 4.0.0-alpha
                 Revision db02c57f7dd3619a8aa1b4163ceeec710c4b33a2

  Using fundamental constants system 2006CODATA
OBS Basis Trange 
( tiles = [ 0, 2 ), elements = [ 0, 2 ) )
Min and Max block size: 1 1
Average: 1

Screen: qqr
Threshold: 1e-20
Precision: 2.22044604925031e-16


Periodic Hartree-Fock computational parameter:
	R_max (range of expansion of Bloch Gaussians in AO Gaussians): [0 0 4]
	Rj_max (range of Coulomb operation): [0 0 6]
	Rd_max (Range of density representation): [0 0 4]
	# of k points in each direction: [ 1  1 10]


Molecule info:
	C.O.M: 0 0 0
	Charge: 0
	Mass: 2.01568

Elements:
	Atom: {Z: 1, mass: 1.00784, pos:                  0                  0 -0.700003692500297}
	Atom: {Z: 1, mass: 1.00784, pos:                 0                 0 0.700003692500297}

Unit cell info:
	Lattice parameters (in Bohr): [               0                0 2.79999965219213]


Nuclear Repulsion: 4.48810370139753

Computing One Body Integral for Periodic System: < κ |T| λ >
 Size: 5.36441802978516e-07 GB Time: 0.001630011 s

Computing One Body Integral for Periodic System: < κ |V| λ >
 Size: 5.36441802978516e-07 GB Time: 0.025881571 s

Computing One Body Integral for Periodic System: < κ | λ >
 Size: 5.36441802978516e-07 GB Time: 0.001378564 s

Using SOAD guess for initial Fock ...

Building Fock Matrix from SOAD Guess ...

	overlap condition number = 1.69815819977789 at k = 0
	overlap condition number = 4.73737051911483 at k = 1
	overlap condition number = 11.8947772732314 at k = 2
	overlap condition number = 24.5565956636698 at k = 3
	overlap condition number = 37.1326493996036 at k = 4
	overlap condition number = 37.1326493996037 at k = 5
	overlap condition number = 24.5565956636698 at k = 6
	overlap condition number = 11.8947772732314 at k = 7
	overlap condition number = 4.73737051911483 at k = 8
	overlap condition number = 1.69815819977789 at k = 9

 Iter                E(HF)               E(tot)             Delta(E)               RMS(D)              Time(s)
    1      -5.469800656061      -0.981696954663      -5.469800656061       0.001902180361                1.015
    2      -5.482540965531      -0.994437264134      -0.012740309470       0.000432058836                0.848
    3      -5.482543824482      -0.994440123084      -0.000002858950       0.000256141542                0.773
    4      -5.482543900730      -0.994440199332      -0.000000076248       0.000174358429                0.899

Periodic Hartree-Fock iterations have converged!

Total Periodic Hartree-Fock energy = -0.994440199332264

Time(s):
	Init:                               0.260
	Coulomb term:                       1.812
	Exchange term:                      1.706
	Real->Recip trans:                  0.004
	Diag + Density:                     0.005
	Total:                              3.535

  Wfn energy is: -0.994440199332264
