MADNESS runtime initialized with 7 threads in the pool and affinity -1 -1 -1

                 MPQC4: Massively Parallel Quantum Chemistry (v4)
                                Version 4.0.0-alpha
                 Revision 50cab724034613a0982a47e8ba59f39c2b3040b6

  Machine:          Darwin-16.6.0-x86_64
  User:             varunris@varuns-MacBook-Pro.local
  Start Time:       Sat Oct 21 00:32:55 2017 UTC
  Default World:    1 MPI process

  Input KeyVal (format=JSON):
{
    "units": "2010CODATA",
    "molecule": {
        "type": "Molecule",
        "file_name": "h2o.xyz",
        "sort_input": "true",
        "charge": "0",
        "n_cluster": "1",
        "reblock": "4"
    },
    "obs": {
        "type": "Basis",
        "name": "6-31G",
        "molecule": "$:molecule"
    },
    "wfn_world": {
        "type": "WfnWorld",
        "molecule": "$:molecule",
        "basis": "$:obs",
        "df_basis": "$:dfbs",
        "verbose": "false",
        "screen": "schwarz"
    },
    "scf": {
        "type": "RHF",
        "wfn_world": "$:wfn_world"
    },
    "wfn": {
        "type": "CC3",
        "wfn_world": "$:wfn_world",
        "molecule": "$:molecule",
        "ref": "$:scf",
        "method": "standard",
        "diis_start": "5",
        "occ_block_size": "4",
        "unocc_block_size": "4",
        "Expected CC3 correlation energy": "-0.135911760136",
        "Expected CC3 total energy": "-76.119462054216"
    },
    "property": {
        "type": "Energy",
        "precision": "1e-11",
        "wfn": "$:wfn"
    }
}

  Using fundamental constants system 2010CODATA

Constructing Basis Registry: 
OBS Basis = 6-31G
( tiles = [ 0, 1 ), elements = [ 0, 13 ) )
Min and Max block size: 13 13
Average: 13


Constructing AOFactory: 
  Screen = schwarz
  ScreenThreshold = 1e-12
  Precision = 2.22044604925031e-16
  Iterative inverse = false


Constructing LCAOFactory: 
  Keep partial transform = true
  Accurate time = false
  Verbose = false


	 Using Symmetric Orthogonalization. 
	 S Condition Number Threshold: 100000000
	 Overlap condition number = 50.5531878082312

Starting SCF:
	Threshold: 1e-13
	Maximum number of iterations: 30
iteration: 0
	Energy: -75.9699257743243
	abs(Energy Change): 0.0765048650677613
	(Gradient Norm)/n^2: 0.000965436190405684
	Scf Time: 0.0039195
		Density Time: 0.001742248
		Fock Build Time: 0.001552895
iteration: 1
	Energy: -75.9822616080134
	abs(Energy Change): 0.0123358336890789
	(Gradient Norm)/n^2: 0.000334573850429697
	Scf Time: 0.00739292
		Density Time: 0.002236859
		Fock Build Time: 0.001466953
iteration: 2
	Energy: -75.983362349906
	abs(Energy Change): 0.00110074189267095
	(Gradient Norm)/n^2: 0.000130506281947782
	Scf Time: 0.004920303
		Density Time: 0.00196474
		Fock Build Time: 0.001493001
iteration: 3
	Energy: -75.9835444012106
	abs(Energy Change): 0.000182051304520314
	(Gradient Norm)/n^2: 1.47101948292997e-05
	Scf Time: 0.004632555
		Density Time: 0.001771272
		Fock Build Time: 0.001407396
iteration: 4
	Energy: -75.9835501088065
	abs(Energy Change): 5.70759597451342e-06
	(Gradient Norm)/n^2: 2.94888267035634e-06
	Scf Time: 0.005795401
		Density Time: 0.001660988
		Fock Build Time: 0.00170625
iteration: 5
	Energy: -75.9835503009751
	abs(Energy Change): 1.92168513990509e-07
	(Gradient Norm)/n^2: 3.14441458553364e-07
	Scf Time: 0.004289491
		Density Time: 0.001583813
		Fock Build Time: 0.001318353
iteration: 6
	Energy: -75.9835503023532
	abs(Energy Change): 1.37818290113501e-09
	(Gradient Norm)/n^2: 4.9779839686999e-08
	Scf Time: 0.004646317
		Density Time: 0.001632606
		Fock Build Time: 0.001310353
iteration: 7
	Energy: -75.9835503024017
	abs(Energy Change): 4.84163820146932e-11
	(Gradient Norm)/n^2: 1.14278676251765e-08
	Scf Time: 0.00426851
		Density Time: 0.001580764
		Fock Build Time: 0.001297162
iteration: 8
	Energy: -75.9835503024051
	abs(Energy Change): 3.45323769579409e-12
	(Gradient Norm)/n^2: 2.29411767217128e-09
	Scf Time: 0.004181572
		Density Time: 0.001545758
		Fock Build Time: 0.001282363
iteration: 9
	Energy: -75.9835503024051
	abs(Energy Change): 1.4210854715202e-14
	(Gradient Norm)/n^2: 8.0969611776537e-10
	Scf Time: 0.006164903
		Density Time: 0.002416536
		Fock Build Time: 0.00229408
iteration: 10
	Energy: -75.9835503024051
	abs(Energy Change): 2.8421709430404e-14
	(Gradient Norm)/n^2: 1.14670364691004e-10
	Scf Time: 0.006191205
		Density Time: 0.001591898
		Fock Build Time: 0.003016148
iteration: 11
	Energy: -75.9835503024053
	abs(Energy Change): 1.84741111297626e-13
	(Gradient Norm)/n^2: 4.5375868283696e-11
	Scf Time: 0.004369193
		Density Time: 0.001632186
		Fock Build Time: 0.001306995
iteration: 12
	Energy: -75.9835503024053
	abs(Energy Change): 1.4210854715202e-14
	(Gradient Norm)/n^2: 1.86614942140338e-11
	Scf Time: 0.006823468
		Density Time: 0.004120267
		Fock Build Time: 0.001298684
iteration: 13
	Energy: -75.9835503024051
	abs(Energy Change): 1.27897692436818e-13
	(Gradient Norm)/n^2: 9.6654759645345e-12
	Scf Time: 0.004810086
		Density Time: 0.001646161
		Fock Build Time: 0.001528225
iteration: 14
	Energy: -75.9835503024051
	abs(Energy Change): 0
	(Gradient Norm)/n^2: 4.41258743020653e-12
	Scf Time: 0.004527913
		Density Time: 0.001633083
		Fock Build Time: 0.001356737
iteration: 15
	Energy: -75.9835503024052
	abs(Energy Change): 4.2632564145606e-14
	(Gradient Norm)/n^2: 2.58075155768151e-12
	Scf Time: 0.005058439
		Density Time: 0.002287749
		Fock Build Time: 0.001343976
iteration: 16
	Energy: -75.9835503024051
	abs(Energy Change): 5.6843418860808e-14
	(Gradient Norm)/n^2: 1.32171872544675e-12
	Scf Time: 0.004688785
		Density Time: 0.001557471
		Fock Build Time: 0.001342847
iteration: 17
	Energy: -75.9835503024052
	abs(Energy Change): 5.6843418860808e-14
	(Gradient Norm)/n^2: 7.96054211449548e-13
	Scf Time: 0.004301001
		Density Time: 0.001665667
		Fock Build Time: 0.0012978
iteration: 18
	Energy: -75.9835503024052
	abs(Energy Change): 1.4210854715202e-14
	(Gradient Norm)/n^2: 4.40903432761161e-13
	Scf Time: 0.005523462
		Density Time: 0.001632415
		Fock Build Time: 0.001343201
iteration: 19
	Energy: -75.9835503024051
	abs(Energy Change): 7.105427357601e-14
	(Gradient Norm)/n^2: 2.64714959894055e-13
	Scf Time: 0.004413402
		Density Time: 0.00162318
		Fock Build Time: 0.001360293
iteration: 20
	Energy: -75.9835503024052
	abs(Energy Change): 1.4210854715202e-13
	(Gradient Norm)/n^2: 1.52478129195558e-13
	Scf Time: 0.005429866
		Density Time: 0.002765335
		Fock Build Time: 0.001308648
iteration: 21
	Energy: -75.9835503024052
	abs(Energy Change): 7.105427357601e-14
	(Gradient Norm)/n^2: 9.09650274018245e-14
	Scf Time: 0.006389678
		Density Time: 0.001652943
		Fock Build Time: 0.003274095
  Frozen Core: 2 electrons
Occ Range
( tiles = [ 0, 1 ), elements = [ 0, 5 ) )
Min and Max block size: 5 5
Average: 5

ActiveOcc Range
( tiles = [ 0, 1 ), elements = [ 0, 4 ) )
Min and Max block size: 4 4
Average: 4

Unocc Range
( tiles = [ 0, 2 ), elements = [ 0, 8 ) )
Min and Max block size: 4 4
Average: 4

Obs Range
( tiles = [ 0, 3 ), elements = [ 0, 13 ) )
Min and Max block size: 4 5
Average: 4

Use Conventional CC3 Compute
    Waring! Transformation creates large intermediate:  ( a κ1 |G| κ2 κ3 ) Size: 0.000130951404571533 GB
Integral Prepare Time: 0.198336396
Beginning of the iteration 0
T1 amplitudes norm = 1.10468865283941e-15
T2 amplitudes norm = 0.170872691953488
T3 amplitudes norm = 1.88761123881143e-16
MP2 Energy      -0.128204487191067
Start Iteration
Max Iteration: 30
Target precision: 1e-11
AccurateTime: 0
PrintDetail: 0
Reduced ABCD Memory Approach: No
At the beginning of iter #0
T1 amplitudes norm = 1.10468865283941e-15
T2 amplitudes norm = 0.170872691953488
T3 amplitudes norm = 1.88761123881143e-16
~~~~~~~~~~~~~~~~~~~~~~~~~~~~~~~~~~~
R  and T amplitudes norm at the end of t3 part
R1 amplitudes norm = 0.0233889427753313
R2 amplitudes norm = 0.0806018467264338
R3 amplitudes norm = 0.136748936654137
~~~~~~~~~~~~~~~~~~~~~~~~~~~~~~~~~~~
~~~~~~~~~~~~~~~~~~~~~~~~~~~~~~~~~~~
R  and T amplitudes norm at the end of t3 part
R1 amplitudes norm = 0.0233889427753313
R2 amplitudes norm = 0.0806018467264338
R3 amplitudes norm = 0.136748936654137
T1 amplitudes norm = 1.10468865283941e-15
T2 amplitudes norm = 0.170872691953488
T3 amplitudes norm = 1.88761123881143e-16
~~~~~~~~~~~~~~~~~~~~~~~~~~~~~~~~~~~
Checkpoint at the end of T3 amplitude calculation
After the call to the solver 
T1 amplitudes norm = 1.10468865283941e-15
T2 amplitudes norm = 0.170872691953488
T3 amplitudes norm = 1.88761123881143e-16
iter 	     deltaE 	   residual 	          energy 	 total time/s 
  0 	 2.37051e-03 	 4.74365e-06 	 -0.130575000184 	        0.0 
At the beginning of iter #1
T1 amplitudes norm = 1.10468865283941e-15
T2 amplitudes norm = 0.170872691953488
T3 amplitudes norm = 1.88761123881143e-16
~~~~~~~~~~~~~~~~~~~~~~~~~~~~~~~~~~~
R  and T amplitudes norm at the end of t3 part
R1 amplitudes norm = 0.00434230989015467
R2 amplitudes norm = 0.0342151160961716
R3 amplitudes norm = 0.0172417961762601
~~~~~~~~~~~~~~~~~~~~~~~~~~~~~~~~~~~
~~~~~~~~~~~~~~~~~~~~~~~~~~~~~~~~~~~
R  and T amplitudes norm at the end of t3 part
R1 amplitudes norm = 0.00434230989015467
R2 amplitudes norm = 0.0342151160961716
R3 amplitudes norm = 0.0172417961762601
T1 amplitudes norm = 0.014454225063784
T2 amplitudes norm = 0.183605878997589
T3 amplitudes norm = 0.0281561279039069
~~~~~~~~~~~~~~~~~~~~~~~~~~~~~~~~~~~
Checkpoint at the end of T3 amplitude calculation
After the call to the solver 
T1 amplitudes norm = 0.014454225063784
T2 amplitudes norm = 0.183605878997589
T3 amplitudes norm = 0.0281561279039069
  1 	 4.68538e-03 	 1.13999e-06 	 -0.135260378898 	        0.1 
At the beginning of iter #2
T1 amplitudes norm = 1.10468865283941e-15
T2 amplitudes norm = 0.170872691953488
T3 amplitudes norm = 1.88761123881143e-16
~~~~~~~~~~~~~~~~~~~~~~~~~~~~~~~~~~~
R  and T amplitudes norm at the end of t3 part
R1 amplitudes norm = 0.00231343558397276
R2 amplitudes norm = 0.0122467928335705
R3 amplitudes norm = 0.00997374521840061
~~~~~~~~~~~~~~~~~~~~~~~~~~~~~~~~~~~
~~~~~~~~~~~~~~~~~~~~~~~~~~~~~~~~~~~
R  and T amplitudes norm at the end of t3 part
R1 amplitudes norm = 0.00231343558397276
R2 amplitudes norm = 0.0122467928335705
R3 amplitudes norm = 0.00997374521840061
T1 amplitudes norm = 0.0147751829976932
T2 amplitudes norm = 0.193222922618977
T3 amplitudes norm = 0.0305187407142064
~~~~~~~~~~~~~~~~~~~~~~~~~~~~~~~~~~~
Checkpoint at the end of T3 amplitude calculation
After the call to the solver 
T1 amplitudes norm = 0.0147751829976932
T2 amplitudes norm = 0.193222922618977
T3 amplitudes norm = 0.0305187407142064
  2 	 5.09200e-04 	 4.71938e-07 	 -0.135769579284 	        0.0 
At the beginning of iter #3
T1 amplitudes norm = 1.10468865283941e-15
T2 amplitudes norm = 0.170872691953488
T3 amplitudes norm = 1.88761123881143e-16
~~~~~~~~~~~~~~~~~~~~~~~~~~~~~~~~~~~
R  and T amplitudes norm at the end of t3 part
R1 amplitudes norm = 0.000779522426635576
R2 amplitudes norm = 0.00543922358497113
R3 amplitudes norm = 0.00262074413461885
~~~~~~~~~~~~~~~~~~~~~~~~~~~~~~~~~~~
~~~~~~~~~~~~~~~~~~~~~~~~~~~~~~~~~~~
R  and T amplitudes norm at the end of t3 part
R1 amplitudes norm = 0.000779522426635576
R2 amplitudes norm = 0.00543922358497113
R3 amplitudes norm = 0.00262074413461885
T1 amplitudes norm = 0.0165086419031686
T2 amplitudes norm = 0.196068106965186
T3 amplitudes norm = 0.0327519279764263
~~~~~~~~~~~~~~~~~~~~~~~~~~~~~~~~~~~
Checkpoint at the end of T3 amplitude calculation
After the call to the solver 
T1 amplitudes norm = 0.0165086419031686
T2 amplitudes norm = 0.196068106965186
T3 amplitudes norm = 0.0327519279764263
  3 	 1.22869e-04 	 1.79984e-07 	 -0.135892448076 	        0.0 
At the beginning of iter #4
T1 amplitudes norm = 1.10468865283941e-15
T2 amplitudes norm = 0.170872691953488
T3 amplitudes norm = 1.88761123881143e-16
~~~~~~~~~~~~~~~~~~~~~~~~~~~~~~~~~~~
R  and T amplitudes norm at the end of t3 part
R1 amplitudes norm = 0.000408089373728966
R2 amplitudes norm = 0.0022886306677742
R3 amplitudes norm = 0.0015543245815838
~~~~~~~~~~~~~~~~~~~~~~~~~~~~~~~~~~~
~~~~~~~~~~~~~~~~~~~~~~~~~~~~~~~~~~~
R  and T amplitudes norm at the end of t3 part
R1 amplitudes norm = 0.000408089373728966
R2 amplitudes norm = 0.0022886306677742
R3 amplitudes norm = 0.0015543245815838
T1 amplitudes norm = 0.0168352998010247
T2 amplitudes norm = 0.197511048783308
T3 amplitudes norm = 0.0331982481203408
~~~~~~~~~~~~~~~~~~~~~~~~~~~~~~~~~~~
Checkpoint at the end of T3 amplitude calculation
After the call to the solver 
T1 amplitudes norm = 0.0168352998010247
T2 amplitudes norm = 0.197511048783308
T3 amplitudes norm = 0.0331982481203408
  4 	 1.24665e-05 	 8.26773e-08 	 -0.135904914620 	        0.1 
At the beginning of iter #5
T1 amplitudes norm = 1.10468865283941e-15
T2 amplitudes norm = 0.170872691953488
T3 amplitudes norm = 1.88761123881143e-16
~~~~~~~~~~~~~~~~~~~~~~~~~~~~~~~~~~~
R  and T amplitudes norm at the end of t3 part
R1 amplitudes norm = 0.000169016076035032
R2 amplitudes norm = 0.00106376942754306
R3 amplitudes norm = 0.000535870211709687
~~~~~~~~~~~~~~~~~~~~~~~~~~~~~~~~~~~
~~~~~~~~~~~~~~~~~~~~~~~~~~~~~~~~~~~
R  and T amplitudes norm at the end of t3 part
R1 amplitudes norm = 0.000169016076035032
R2 amplitudes norm = 0.00106376942754306
R3 amplitudes norm = 0.000535870211709687
T1 amplitudes norm = 0.0171583470197582
T2 amplitudes norm = 0.198055192533198
T3 amplitudes norm = 0.0335293909496219
~~~~~~~~~~~~~~~~~~~~~~~~~~~~~~~~~~~
Checkpoint at the end of T3 amplitude calculation
After the call to the solver 
T1 amplitudes norm = 0.0171583470197582
T2 amplitudes norm = 0.198055192533198
T3 amplitudes norm = 0.0335293909496219
  5 	 6.11504e-06 	 3.55679e-08 	 -0.135911029657 	        0.0 
At the beginning of iter #6
T1 amplitudes norm = 1.10468865283941e-15
T2 amplitudes norm = 0.170872691953488
T3 amplitudes norm = 1.88761123881143e-16
~~~~~~~~~~~~~~~~~~~~~~~~~~~~~~~~~~~
R  and T amplitudes norm at the end of t3 part
R1 amplitudes norm = 2.80008207904818e-05
R2 amplitudes norm = 6.91937230434208e-05
R3 amplitudes norm = 6.84935585598921e-05
~~~~~~~~~~~~~~~~~~~~~~~~~~~~~~~~~~~
~~~~~~~~~~~~~~~~~~~~~~~~~~~~~~~~~~~
R  and T amplitudes norm at the end of t3 part
R1 amplitudes norm = 2.80008207904818e-05
R2 amplitudes norm = 6.91937230434208e-05
R3 amplitudes norm = 6.84935585598921e-05
T1 amplitudes norm = 0.0173883289450482
T2 amplitudes norm = 0.198523786464229
T3 amplitudes norm = 0.0337242591166079
~~~~~~~~~~~~~~~~~~~~~~~~~~~~~~~~~~~
Checkpoint at the end of T3 amplitude calculation
After the call to the solver 
T1 amplitudes norm = 0.0173883289450482
T2 amplitudes norm = 0.198523786464229
T3 amplitudes norm = 0.0337242591166079
  6 	 6.19244e-07 	 2.99513e-09 	 -0.135911648902 	        0.0 
At the beginning of iter #7
T1 amplitudes norm = 1.10468865283941e-15
T2 amplitudes norm = 0.170872691953488
T3 amplitudes norm = 1.88761123881143e-16
~~~~~~~~~~~~~~~~~~~~~~~~~~~~~~~~~~~
R  and T amplitudes norm at the end of t3 part
R1 amplitudes norm = 9.44422171399556e-06
R2 amplitudes norm = 1.81425493956671e-05
R3 amplitudes norm = 1.91412409104813e-05
~~~~~~~~~~~~~~~~~~~~~~~~~~~~~~~~~~~
~~~~~~~~~~~~~~~~~~~~~~~~~~~~~~~~~~~
R  and T amplitudes norm at the end of t3 part
R1 amplitudes norm = 9.44422171399556e-06
R2 amplitudes norm = 1.81425493956671e-05
R3 amplitudes norm = 1.91412409104813e-05
T1 amplitudes norm = 0.017408859927046
T2 amplitudes norm = 0.198525046228851
T3 amplitudes norm = 0.0337315365302204
~~~~~~~~~~~~~~~~~~~~~~~~~~~~~~~~~~~
Checkpoint at the end of T3 amplitude calculation
After the call to the solver 
T1 amplitudes norm = 0.017408859927046
T2 amplitudes norm = 0.198525046228851
T3 amplitudes norm = 0.0337315365302204
  7 	 1.16565e-07 	 8.28201e-10 	 -0.135911765466 	        0.0 
At the beginning of iter #8
T1 amplitudes norm = 1.10468865283941e-15
T2 amplitudes norm = 0.170872691953488
T3 amplitudes norm = 1.88761123881143e-16
~~~~~~~~~~~~~~~~~~~~~~~~~~~~~~~~~~~
R  and T amplitudes norm at the end of t3 part
R1 amplitudes norm = 2.55386575870794e-06
R2 amplitudes norm = 5.88951871726436e-06
R3 amplitudes norm = 5.37256505197202e-06
~~~~~~~~~~~~~~~~~~~~~~~~~~~~~~~~~~~
~~~~~~~~~~~~~~~~~~~~~~~~~~~~~~~~~~~
R  and T amplitudes norm at the end of t3 part
R1 amplitudes norm = 2.55386575870794e-06
R2 amplitudes norm = 5.88951871726436e-06
R3 amplitudes norm = 5.37256505197202e-06
T1 amplitudes norm = 0.0174176616638978
T2 amplitudes norm = 0.19852595967472
T3 amplitudes norm = 0.0337337572650415
~~~~~~~~~~~~~~~~~~~~~~~~~~~~~~~~~~~
Checkpoint at the end of T3 amplitude calculation
After the call to the solver 
T1 amplitudes norm = 0.0174176616638978
T2 amplitudes norm = 0.19852595967472
T3 amplitudes norm = 0.0337337572650415
  8 	 4.81870e-09 	 2.47486e-10 	 -0.135911770285 	        0.0 
At the beginning of iter #9
T1 amplitudes norm = 1.10468865283941e-15
T2 amplitudes norm = 0.170872691953488
T3 amplitudes norm = 1.88761123881143e-16
~~~~~~~~~~~~~~~~~~~~~~~~~~~~~~~~~~~
R  and T amplitudes norm at the end of t3 part
R1 amplitudes norm = 8.19746879302505e-07
R2 amplitudes norm = 1.69624826717838e-06
R3 amplitudes norm = 1.80717900609507e-06
~~~~~~~~~~~~~~~~~~~~~~~~~~~~~~~~~~~
~~~~~~~~~~~~~~~~~~~~~~~~~~~~~~~~~~~
R  and T amplitudes norm at the end of t3 part
R1 amplitudes norm = 8.19746879302505e-07
R2 amplitudes norm = 1.69624826717838e-06
R3 amplitudes norm = 1.80717900609507e-06
T1 amplitudes norm = 0.0174198254704226
T2 amplitudes norm = 0.198525965418624
T3 amplitudes norm = 0.0337345363512141
~~~~~~~~~~~~~~~~~~~~~~~~~~~~~~~~~~~
Checkpoint at the end of T3 amplitude calculation
After the call to the solver 
T1 amplitudes norm = 0.0174198254704226
T2 amplitudes norm = 0.198525965418624
T3 amplitudes norm = 0.0337345363512141
  9 	 1.19361e-08 	 7.71814e-11 	 -0.135911782221 	        0.0 
At the beginning of iter #10
T1 amplitudes norm = 1.10468865283941e-15
T2 amplitudes norm = 0.170872691953488
T3 amplitudes norm = 1.88761123881143e-16
~~~~~~~~~~~~~~~~~~~~~~~~~~~~~~~~~~~
R  and T amplitudes norm at the end of t3 part
R1 amplitudes norm = 1.66718973364215e-07
R2 amplitudes norm = 5.69184541705666e-07
R3 amplitudes norm = 4.08341743207019e-07
~~~~~~~~~~~~~~~~~~~~~~~~~~~~~~~~~~~
~~~~~~~~~~~~~~~~~~~~~~~~~~~~~~~~~~~
R  and T amplitudes norm at the end of t3 part
R1 amplitudes norm = 1.66718973364215e-07
R2 amplitudes norm = 5.69184541705666e-07
R3 amplitudes norm = 4.08341743207019e-07
T1 amplitudes norm = 0.017420493529806
T2 amplitudes norm = 0.198526009395836
T3 amplitudes norm = 0.0337346492597945
~~~~~~~~~~~~~~~~~~~~~~~~~~~~~~~~~~~
Checkpoint at the end of T3 amplitude calculation
After the call to the solver 
T1 amplitudes norm = 0.017420493529806
T2 amplitudes norm = 0.198526009395836
T3 amplitudes norm = 0.0337346492597945
 10 	 2.33017e-09 	 2.12889e-11 	 -0.135911779891 	        0.0 
At the beginning of iter #11
T1 amplitudes norm = 1.10468865283941e-15
T2 amplitudes norm = 0.170872691953488
T3 amplitudes norm = 1.88761123881143e-16
~~~~~~~~~~~~~~~~~~~~~~~~~~~~~~~~~~~
R  and T amplitudes norm at the end of t3 part
R1 amplitudes norm = 6.17187497356409e-08
R2 amplitudes norm = 1.92924042954907e-07
R3 amplitudes norm = 1.82879148056751e-07
~~~~~~~~~~~~~~~~~~~~~~~~~~~~~~~~~~~
~~~~~~~~~~~~~~~~~~~~~~~~~~~~~~~~~~~
R  and T amplitudes norm at the end of t3 part
R1 amplitudes norm = 6.17187497356409e-08
R2 amplitudes norm = 1.92924042954907e-07
R3 amplitudes norm = 1.82879148056751e-07
T1 amplitudes norm = 0.0174206426904221
T2 amplitudes norm = 0.198526011444782
T3 amplitudes norm = 0.0337347000661192
~~~~~~~~~~~~~~~~~~~~~~~~~~~~~~~~~~~
Checkpoint at the end of T3 amplitude calculation
After the call to the solver 
T1 amplitudes norm = 0.0174206426904221
T2 amplitudes norm = 0.198526011444782
T3 amplitudes norm = 0.0337347000661192
 11 	 6.02266e-10 	 8.06820e-12 	 -0.135911780493 	        0.0 
At the beginning of iter #12
T1 amplitudes norm = 1.10468865283941e-15
T2 amplitudes norm = 0.170872691953488
T3 amplitudes norm = 1.88761123881143e-16
~~~~~~~~~~~~~~~~~~~~~~~~~~~~~~~~~~~
R  and T amplitudes norm at the end of t3 part
R1 amplitudes norm = 8.67510624964584e-09
R2 amplitudes norm = 3.32606774315151e-08
R3 amplitudes norm = 3.3586324522126e-08
~~~~~~~~~~~~~~~~~~~~~~~~~~~~~~~~~~~
~~~~~~~~~~~~~~~~~~~~~~~~~~~~~~~~~~~
R  and T amplitudes norm at the end of t3 part
R1 amplitudes norm = 8.67510624964584e-09
R2 amplitudes norm = 3.32606774315151e-08
R3 amplitudes norm = 3.3586324522126e-08
T1 amplitudes norm = 0.0174207013612558
T2 amplitudes norm = 0.198526029161889
T3 amplitudes norm = 0.0337347090324401
~~~~~~~~~~~~~~~~~~~~~~~~~~~~~~~~~~~
Checkpoint at the end of T3 amplitude calculation
After the call to the solver 
T1 amplitudes norm = 0.0174207013612558
T2 amplitudes norm = 0.198526029161889
T3 amplitudes norm = 0.0337347090324401
 12 	 2.81246e-10 	 1.42083e-12 	 -0.135911780212 	        0.0 
At the beginning of iter #13
T1 amplitudes norm = 1.10468865283941e-15
T2 amplitudes norm = 0.170872691953488
T3 amplitudes norm = 1.88761123881143e-16
~~~~~~~~~~~~~~~~~~~~~~~~~~~~~~~~~~~
R  and T amplitudes norm at the end of t3 part
R1 amplitudes norm = 1.5843110405481e-09
R2 amplitudes norm = 1.1587533502334e-08
R3 amplitudes norm = 1.41062199960296e-08
~~~~~~~~~~~~~~~~~~~~~~~~~~~~~~~~~~~
~~~~~~~~~~~~~~~~~~~~~~~~~~~~~~~~~~~
R  and T amplitudes norm at the end of t3 part
R1 amplitudes norm = 1.5843110405481e-09
R2 amplitudes norm = 1.1587533502334e-08
R3 amplitudes norm = 1.41062199960296e-08
T1 amplitudes norm = 0.0174207112808391
T2 amplitudes norm = 0.198526033044057
T3 amplitudes norm = 0.0337347134706747
~~~~~~~~~~~~~~~~~~~~~~~~~~~~~~~~~~~
Checkpoint at the end of T3 amplitude calculation
After the call to the solver 
T1 amplitudes norm = 0.0174207112808391
T2 amplitudes norm = 0.198526033044057
T3 amplitudes norm = 0.0337347134706747
 13 	 6.45407e-11 	 5.41743e-13 	 -0.135911780277 	        0.0 
At the beginning of iter #14
T1 amplitudes norm = 1.10468865283941e-15
T2 amplitudes norm = 0.170872691953488
T3 amplitudes norm = 1.88761123881143e-16
~~~~~~~~~~~~~~~~~~~~~~~~~~~~~~~~~~~
R  and T amplitudes norm at the end of t3 part
R1 amplitudes norm = 7.0052395541646e-10
R2 amplitudes norm = 5.24617464074011e-09
R3 amplitudes norm = 4.55745595159558e-09
~~~~~~~~~~~~~~~~~~~~~~~~~~~~~~~~~~~
~~~~~~~~~~~~~~~~~~~~~~~~~~~~~~~~~~~
R  and T amplitudes norm at the end of t3 part
R1 amplitudes norm = 7.0052395541646e-10
R2 amplitudes norm = 5.24617464074011e-09
R3 amplitudes norm = 4.55745595159558e-09
T1 amplitudes norm = 0.0174207112634339
T2 amplitudes norm = 0.198526034248748
T3 amplitudes norm = 0.033734712918461
~~~~~~~~~~~~~~~~~~~~~~~~~~~~~~~~~~~
Checkpoint at the end of T3 amplitude calculation
After the call to the solver 
T1 amplitudes norm = 0.0174207112634339
T2 amplitudes norm = 0.198526034248748
T3 amplitudes norm = 0.033734712918461
 14 	 1.85778e-11 	 2.06496e-13 	 -0.135911780258 	        0.0 
At the beginning of iter #15
T1 amplitudes norm = 1.10468865283941e-15
T2 amplitudes norm = 0.170872691953488
T3 amplitudes norm = 1.88761123881143e-16
~~~~~~~~~~~~~~~~~~~~~~~~~~~~~~~~~~~
R  and T amplitudes norm at the end of t3 part
R1 amplitudes norm = 2.36536011782442e-10
R2 amplitudes norm = 2.45669771932093e-09
R3 amplitudes norm = 2.7872295045717e-09
~~~~~~~~~~~~~~~~~~~~~~~~~~~~~~~~~~~
~~~~~~~~~~~~~~~~~~~~~~~~~~~~~~~~~~~
R  and T amplitudes norm at the end of t3 part
R1 amplitudes norm = 2.36536011782442e-10
R2 amplitudes norm = 2.45669771932093e-09
R3 amplitudes norm = 2.7872295045717e-09
T1 amplitudes norm = 0.017420711550901
T2 amplitudes norm = 0.198526034475785
T3 amplitudes norm = 0.0337347131100491
~~~~~~~~~~~~~~~~~~~~~~~~~~~~~~~~~~~
Checkpoint at the end of T3 amplitude calculation
 15 	 5.78587e-12 	 1.10067e-13 	 -0.135911780264 	        0.0 
CC3 Energy  -0.135911780263851
CC3 Time in CC3: 0.861398982 S
  Output KeyVal (format=JSON):
{
    "units": "2010CODATA",
    "molecule": {
        "type": "Molecule",
        "file_name": "h2o.xyz",
        "sort_input": "true",
        "charge": "0",
        "n_cluster": "1",
        "reblock": "4"
    },
    "obs": {
        "type": "Basis",
        "name": "6-31G",
        "molecule": "$:molecule"
    },
    "wfn_world": {
        "type": "WfnWorld",
        "molecule": "$:molecule",
        "basis": "$:obs",
        "df_basis": "$:dfbs",
        "verbose": "false",
        "screen": "schwarz"
    },
    "scf": {
        "type": "RHF",
        "wfn_world": "$:wfn_world"
    },
    "wfn": {
        "type": "CC3",
        "wfn_world": "$:wfn_world",
        "molecule": "$:molecule",
        "ref": "$:scf",
        "method": "standard",
        "diis_start": "5",
        "occ_block_size": "4",
        "unocc_block_size": "4",
        "Expected CC3 correlation energy": "-0.135911760136",
        "Expected CC3 total energy": "-76.119462054216"
    },
    "property": {
        "type": "Energy",
        "precision": "1e-11",
        "wfn": "$:wfn",
        "value": {
            "value": "-76.119462082669017"
        }
    }
}

