MADNESS runtime initialized with 3 threads in the pool and affinity -1 -1 -1

                 MPQC4: Massively Parallel Quantum Chemistry (v4)
                                Version 4.0.0-alpha
                 Revision db02c57f7dd3619a8aa1b4163ceeec710c4b33a2

  Using fundamental constants system 2006CODATA
OBS Basis Trange 
( tiles = [ 0, 3 ), elements = [ 0, 7 ) )
Min and Max block size: 1 5
Average: 2

Screen: qqr
Threshold: 1e-20
Precision: 2.22044604925031e-16


Periodic Hartree-Fock computational parameter:
	R_max (range of expansion of Bloch Gaussians in AO Gaussians): [0 0 0]
	Rj_max (range of Coulomb operation): [0 0 0]
	Rd_max (Range of density representation): [0 0 0]
	# of k points in each direction: [1 1 1]


Molecule info:
	C.O.M:     -1.25932610188944 -0.000109460583600052    0.0160230877813838
	Charge: 0
	Mass: 18.01471

Elements:
	Atom: {Z: 8, mass: 15.99903, pos:  -1.32695823365298 -0.105938530779459 0.0187881523213959}
	Atom: {Z: 1, mass: 1.00784, pos:   -1.93166524825143    1.60017432394008 -0.0217105230790492}
	Atom: {Z: 1, mass: 1.00784, pos:   0.486644280629864  0.0795980917474381 0.00986247879780404}

Unit cell info:
	Lattice parameters (in Bohr): [               0                0 5.05002663875214]


Nuclear Repulsion: 9.15671409307905

Computing One Body Integral for Periodic System: < κ |T| λ >
 Size: 7.30156898498535e-07 GB Time: 0.002828855 s

Computing One Body Integral for Periodic System: < κ |V| λ >
 Size: 7.30156898498535e-07 GB Time: 0.005825252 s

Computing One Body Integral for Periodic System: < κ | λ >
 Size: 7.30156898498535e-07 GB Time: 0.000763208 s

Using SOAD guess for initial Fock ...

Building Fock Matrix from SOAD Guess ...

	overlap condition number = 5.59243628049706 at k = 0

 Iter                E(HF)               E(tot)             Delta(E)               RMS(D)              Time(s)
    1     -84.534259792053     -75.377545698974     -84.534259792053       0.230549026758                0.028
    2     -83.629211338569     -74.472497245490       0.905048453484       0.024325357141                0.040
    3     -84.154409085746     -74.997694992667      -0.525197747177       0.006541099950                0.032
    4     -84.117375238907     -74.960661145828       0.037033846840       0.001709261652                0.041
    5     -84.120536129469     -74.963822036390      -0.003160890562       0.000534975788                0.043
    6     -84.120363330457     -74.963649237378       0.000172799011       0.000185643833                0.056
    7     -84.120404742164     -74.963690649085      -0.000041411706       0.000071338238                0.047
    8     -84.120412912613     -74.963698819534      -0.000008170450       0.000029077901                0.048
    9     -84.120417096994     -74.963703003915      -0.000004184381       0.000012230332                0.036
   10     -84.120418834669     -74.963704741590      -0.000001737675       0.000005224932                0.047
   11     -84.120419588768     -74.963705495689      -0.000000754099       0.000002249835                0.066
   12     -84.120419914751     -74.963705821672      -0.000000325983       0.000000972747                0.046
   13     -84.120420056095     -74.963705963016      -0.000000141344       0.000000421501                0.034
   14     -84.120420117426     -74.963706024347      -0.000000061331       0.000000182857                0.039
   15     -84.120420144053     -74.963706050974      -0.000000026628       0.000000079380                0.027
   16     -84.120420155618     -74.963706062539      -0.000000011564       0.000000034472                0.072
   17     -84.120420160641     -74.963706067562      -0.000000005023       0.000000014973                0.055
   18     -84.120420162823     -74.963706069744      -0.000000002182       0.000000006504                0.027
   19     -84.120420163771     -74.963706070692      -0.000000000948       0.000000002826                0.040
   20     -84.120420164183     -74.963706071104      -0.000000000412       0.000000001228                0.027
   21     -84.120420164362     -74.963706071283      -0.000000000179       0.000000000533                0.036
   22     -84.120420164439     -74.963706071360      -0.000000000078       0.000000000232                0.042
   23     -84.120420164473     -74.963706071394      -0.000000000034       0.000000000101                0.060
   24     -84.120420164488     -74.963706071409      -0.000000000015       0.000000000044                0.053
   25     -84.120420164494     -74.963706071415      -0.000000000006       0.000000000019                0.084
   26     -84.120420164497     -74.963706071418      -0.000000000003       0.000000000008                0.104
   27     -84.120420164498     -74.963706071419      -0.000000000001       0.000000000004                0.059
   28     -84.120420164499     -74.963706071420      -0.000000000000       0.000000000002                0.070

Periodic Hartree-Fock iterations have converged!

Total Periodic Hartree-Fock energy = -74.9637060714197

Time(s):
	Init:                               0.464
	Coulomb term:                       0.554
	Exchange term:                      0.697
	Real->Recip trans:                  0.020
	Diag + Density:                     0.044
	Total:                              1.359

  Property "Energy" computed with Wavefunction "zRHF":
    value:  -74.9637060714197
