MADNESS runtime initialized with 1 threads in the pool and affinity -1 -1 -1

                 MPQC4: Massively Parallel Quantum Chemistry (v4)
                                Version 4.0.0-alpha
                 Revision 71c6cc33bef1823082c11777790a0286e0ca6c64

  Input KeyVal (format=JSON):
{
    "units": "2010CODATA",
    "molecule": {
        "file_name": "h2o.xyz",
        "sort_input": "true",
        "charge": "0",
        "n_cluster": "2"
    },
    "obs": {
        "name": "6-31G",
        "molecule": "$:molecule"
    },
    "dfbs": {
        "name": "cc-pVDZ",
        "molecule": "$:molecule"
    },
    "ribs": {
        "name": "aug-cc-pVDZ",
        "molecule": "$:molecule"
    },
    "wfn_world": {
        "molecule": "$:molecule",
        "basis": "$:obs",
        "df_basis": "$:dfbs",
        "aux_basis": "$:ribs",
        "screen": "schwarz"
    },
    "scf": {
        "type": "RI-RHF",
        "wfn_world": "$:wfn_world"
    },
    "wfn": {
        "type": "RI-RMP2F12",
        "molecule": "$:molecule",
        "wfn_world": "$:wfn_world",
        "ref": "$:scf",
        "occ_block_size": "1",
        "unocc_block_size": "24"
    },
    "property": {
        "type": "Energy",
        "wfn": "$:wfn",
        "precision": "1.0e-11"
    },
    "file_prefix": "\/Users\/work\/software\/mpqc4\/mpqc4_src\/tests\/validation\/reference\/inputs"
}

  Using fundamental constants system 2010CODATA
OBS Basis Trange 
( tiles = [ 0, 1 ), elements = [ 0, 13 ) )
Min and Max block size: 13 13
Average: 13

DF Basis Trange 
( tiles = [ 0, 1 ), elements = [ 0, 24 ) )
Min and Max block size: 24 24
Average: 24

AUX Basis Trange 
( tiles = [ 0, 1 ), elements = [ 0, 41 ) )
Min and Max block size: 41 41
Average: 41

F12 Correlation Factor: 1.2
NFunction: 6
F12 Exponent Coefficient
0.275538292852111 -0.219608292433235
1.14054587281001 -0.254494187254619
3.95825704098655 -0.154545984659827
13.1268593572779 -0.0932731180834838
49.287411973863 -0.0579166932058872
272.920103180447 -0.0359421673060257

Screen: schwarz
Threshold: 1e-10
Precision: 2.22044604925031e-16

F12 Correlation Factor: 1.2
NFunction: 6
F12 Exponent Coefficient
0.275538292852111 -0.219608292433235
1.14054587281001 -0.254494187254619
3.95825704098655 -0.154545984659827
13.1268593572779 -0.0932731180834838
49.287411973863 -0.0579166932058872
272.920103180447 -0.0359421673060257

Screen: schwarz
Threshold: 1e-10
Precision: 2.22044604925031e-16

Computed One Body Integral: < κ | λ > Size: 1.25914812088013e-06 GB Time: 0.007709386 s
Computed One Body Integral: < κ |V| λ > Size: 1.25914812088013e-06 GB Time: 0.003879836 s
Computed One Body Integral: < κ |T| λ > Size: 1.25914812088013e-06 GB Time: 0.000639783 s
Computed One Body Integral: < κ |H| λ > Size: 1.25914812088013e-06 GB Time: 0.000211861 s
Computed Twobody Two Center Integral: ( Κ |G| Λ ) Size: 4.29153442382812e-06 GB Time: 0.276928518 s
Computed Twobody Three Center Integral: ( Κ |G| κ λ ) Size: 3.0219554901123e-05 GB Time: 0.921756635 s
overlap condition number = 50.5531878082312Starting SCF:
	Threshold: 1e-11
	Maximum number of iterations: 30
iteration: 0
	Energy: -76.1720098211169
	abs(Energy Change)/energy: 0.00365736590795988
	(Gradient Norm)/n^2: 0.00233094621894019
	Scf Time: 0.007354719
		Density Time: 0.003948737
		Fock Build Time: 0.002339061
		DF Fock builder:
			W time: 0.000430704
			J time: 0.000492693
			K time: 0.000670991
			Total exchange time: 0.001101695
iteration: 1
	Energy: -76.2140757286779
	abs(Energy Change)/energy: 0.000551944075406107
	(Gradient Norm)/n^2: 0.00111729007317878
	Scf Time: 0.008441804
		Density Time: 0.004183687
		Fock Build Time: 0.00283003
		DF Fock builder:
			W time: 0.000299157
			J time: 0.000493501
			K time: 0.000781925
			Total exchange time: 0.001081082
iteration: 2
	Energy: -76.2239081527741
	abs(Energy Change)/energy: 0.000128993964419317
	(Gradient Norm)/n^2: 0.000143551463877708
	Scf Time: 0.008311984
		Density Time: 0.003880292
		Fock Build Time: 0.002923762
		DF Fock builder:
			W time: 0.00038721
			J time: 0.000495655
			K time: 0.000762169
			Total exchange time: 0.001149379
iteration: 3
	Energy: -76.2241794040672
	abs(Energy Change)/energy: 3.55859905899257e-06
	(Gradient Norm)/n^2: 2.0875807318845e-05
	Scf Time: 0.008370255
		Density Time: 0.004022748
		Fock Build Time: 0.002479707
		DF Fock builder:
			W time: 0.000443479
			J time: 0.000460764
			K time: 0.00070339
			Total exchange time: 0.001146869
iteration: 4
	Energy: -76.2241830588952
	abs(Energy Change)/energy: 4.79484045241165e-08
	(Gradient Norm)/n^2: 1.52468495838879e-06
	Scf Time: 0.008420754
		Density Time: 0.003847335
		Fock Build Time: 0.002557594
		DF Fock builder:
			W time: 0.000380918
			J time: 0.000469661
			K time: 0.000688599
			Total exchange time: 0.001069517
iteration: 5
	Energy: -76.2241830968484
	abs(Energy Change)/energy: 4.97916025921476e-10
	(Gradient Norm)/n^2: 2.57160622466477e-07
	Scf Time: 0.008218523
		Density Time: 0.003612753
		Fock Build Time: 0.002748594
		DF Fock builder:
			W time: 0.000402297
			J time: 0.000512579
			K time: 0.00081745
			Total exchange time: 0.001219747
iteration: 6
	Energy: -76.2241830985434
	abs(Energy Change)/energy: 2.22374061480436e-11
	(Gradient Norm)/n^2: 8.13417220569831e-08
	Scf Time: 0.008319061
		Density Time: 0.003946476
		Fock Build Time: 0.002672302
		DF Fock builder:
			W time: 0.000368226
			J time: 0.00049274
			K time: 0.000776103
			Total exchange time: 0.001144329
iteration: 7
	Energy: -76.2241830987049
	abs(Energy Change)/energy: 2.11808790669943e-12
	(Gradient Norm)/n^2: 5.89483142476459e-09
	Scf Time: 0.008217419
		Density Time: 0.003659705
		Fock Build Time: 0.002306705
		DF Fock builder:
			W time: 0.000367434
			J time: 0.000446038
			K time: 0.000733772
			Total exchange time: 0.001101206
iteration: 8
	Energy: -76.2241830987058
	abs(Energy Change)/energy: 1.23047092546572e-14
	(Gradient Norm)/n^2: 1.52333189640327e-09
	Scf Time: 0.008247663
		Density Time: 0.003752748
		Fock Build Time: 0.002571361
		DF Fock builder:
			W time: 0.000409221
			J time: 0.000516295
			K time: 0.000575962
			Total exchange time: 0.000985183
iteration: 9
	Energy: -76.224183098706
	abs(Energy Change)/energy: 2.98295981931083e-15
	(Gradient Norm)/n^2: 3.29602032471042e-10
	Scf Time: 0.008418973
		Density Time: 0.003826273
		Fock Build Time: 0.002642358
		DF Fock builder:
			W time: 0.000389442
			J time: 0.000530028
			K time: 0.000752823
			Total exchange time: 0.001142265
iteration: 10
	Energy: -76.224183098706
	abs(Energy Change)/energy: 7.45739954827709e-16
	(Gradient Norm)/n^2: 9.18506788790256e-11
	Scf Time: 0.008786125
		Density Time: 0.003621156
		Fock Build Time: 0.00304564
		DF Fock builder:
			W time: 0.000408726
			J time: 0.000471201
			K time: 0.000823338
			Total exchange time: 0.001232064
iteration: 11
	Energy: -76.224183098706
	abs(Energy Change)/energy: 5.59304966120782e-16
	(Gradient Norm)/n^2: 1.28132989940274e-11
	Scf Time: 0.008445795
		Density Time: 0.003749462
		Fock Build Time: 0.002866392
		DF Fock builder:
			W time: 0.000426197
			J time: 0.000491707
			K time: 0.000624107
			Total exchange time: 0.001050304
iteration: 12
	Energy: -76.2241830987059
	abs(Energy Change)/energy: 1.86434988706927e-16
	(Gradient Norm)/n^2: 4.55486140497927e-12
	Scf Time: 0.007982593
		Density Time: 0.003861036
		Fock Build Time: 0.002469142
		DF Fock builder:
			W time: 0.000449315
			J time: 0.000453764
			K time: 0.000666014
			Total exchange time: 0.001115329

Building ClosedShell OBS MO Orbital
Retrieved AO Integral: < μ |F| ν >[df] Size: 1.25914812088013e-06 GB
Retrieved AO Integral: < κ | λ > Size: 1.25914812088013e-06 GB
Frozen Core: 2 electrons
OccBlockSize: 1
VirBlockSize: 24
Occ Trange 
( tiles = [ 0, 5 ), elements = [ 0, 5 ) )
Min and Max block size: 1 1
Average: 1

CorrOcc Trange 
( tiles = [ 0, 4 ), elements = [ 0, 4 ) )
Min and Max block size: 1 1
Average: 1

Vir Trange 
( tiles = [ 0, 1 ), elements = [ 0, 8 ) )
Min and Max block size: 8 8
Average: 8

Obs Trange 
( tiles = [ 0, 1 ), elements = [ 0, 13 ) )
Min and Max block size: 13 13
Average: 13

ClosedShell OBS MO Build Time: 0.004188766 S

Building ClosedShell CABS MO Orbital
RI Basis Trange 
( tiles = [ 0, 2 ), elements = [ 0, 54 ) )
Min and Max block size: 13 41
Average: 27

Computed One Body Integral: < ρ | σ >[inv_sqr] Size: 2.17258930206299e-05 GB Time: 0.001340421 s
Inverse Square Root Time: 0.011834824 s
Computed One Body Integral: < μ | σ > Size: 5.23030757904053e-06 GB Time: 0.001023147 s
Computed One Body Integral: < κ | λ >[inv_sqr] Size: 1.25914812088013e-06 GB Time: 0.000736638 s
Inverse Square Root Time: 0.001179204 s
CABS MO Trange 
( tiles = [ 0, 2 ), elements = [ 0, 41 ) )
Min and Max block size: 17 24
Average: 20

RIBS MO Trange 
( tiles = [ 0, 2 ), elements = [ 0, 54 ) )
Min and Max block size: 24 30
Average: 27

All Virtual MO Trange 
( tiles = [ 0, 2 ), elements = [ 0, 49 ) )
Min and Max block size: 24 25
Average: 24

ClosedShell CABS MO Build Time: 0.024442753 S

 Computing MP2F12 C Approximation 

Compute B_ijij_ijji C With DF 
Computed Twobody Three Center Integral: ( Κ |dR2| κ0 κ1 ) Size: 3.0219554901123e-05 GB Time: 0.021570718 s
Transformed LCAO Integral: ( Κ |dR2| i1 i2 ) Size: 2.86102294921875e-06 GB Time: 0.000744022 s
Computed Twobody Two Center Integral: ( Κ |dR2| Λ )[inv] Size: 4.29153442382812e-06 GB Time: 0.00178245 s
Inverse Time: 0.001690893 s
Retrieved LCAO Integral: ( Λ |dR2| j1 j2 ) Size: 2.86102294921875e-06 GB
B Term1 Time: 0.001180318 S
Removed from Registry: ( Κ |dR2| i1 i2 )
Removed from Registry: ( Κ |dR2| κ0 κ1 )
Removed from Registry: ( Κ |dR2| Λ )[inv]
Computed One Body Integral: < ρ0 |V| κ1 > Size: 5.23030757904053e-06 GB Time: 0.005233252 s
Computed One Body Integral: < ρ0 |T| κ1 > Size: 5.23030757904053e-06 GB Time: 0.001041787 s
Computed One Body Integral: < ρ0 |H| κ1 > Size: 5.23030757904053e-06 GB Time: 7.3204e-05 s
Computed Twobody Three Center Integral: ( Κ |G| ρ0 κ1 ) Size: 0.000125527381896973 GB Time: 0.01200816 s
Computed Twobody Two Center Integral: ( Κ |G| Λ )[inv] Size: 4.29153442382812e-06 GB Time: 0.000818598 s
Inverse Time: 0.001591595 s
Retrieved AO Integral: ( Κ |G| κ4 κ5 ) Size: 3.0219554901123e-05 GB
Computed Coulumb/Exchange Integral: < ρ0 |J| κ1 >[df] Size: 5.23030757904053e-06 GB Time: 0.000732764 s
Computed Coulumb/Exchange Integral: < ρ0 |hJ| κ1 >[df] Size: 5.23030757904053e-06 GB Time: 9.3681e-05 s
Transformed LCAO Integral: < P' |hJ| i2 >[df] Size: 1.60932540893555e-06 GB Time: 0.000731784 s
Computed Twobody Three Center Integral: ( Κ |R2| κ0 ρ1 ) Size: 0.000125527381896973 GB Time: 0.025091482 s
Transformed LCAO Integral: ( Κ |R2| i1 P' ) Size: 3.86238098144531e-05 GB Time: 0.001200388 s
Computed Twobody Three Center Integral: ( Κ |R2| κ0 κ1 ) Size: 3.0219554901123e-05 GB Time: 0.019256576 s
Transformed LCAO Integral: ( Κ |R2| j1 j2 ) Size: 2.86102294921875e-06 GB Time: 0.000805414 s
Computed Twobody Two Center Integral: ( Κ |R2| Λ )[inv] Size: 4.29153442382812e-06 GB Time: 0.001589852 s
Inverse Time: 0.001449544 s
Transformed LCAO Integral: < i1 j1 |R2| P' j2 >[df] Size: 2.57492065429688e-05 GB Time: 0.001481057 s
B Term2 Time: 0.002851648 S
Removed from Registry: < P' |hJ| i2 >[df]
Removed from Registry: < ρ0 |hJ| κ1 >[df]
Removed from Registry: < i1 j1 |R2| P' j2 >[df]
Computed Twobody Three Center Integral: ( Κ |R| κ0 ρ1 ) Size: 0.000125527381896973 GB Time: 0.015077904 s
Transformed LCAO Integral: ( Κ |R| i1 Q' ) Size: 3.86238098144531e-05 GB Time: 0.001283222 s
Retrieved LCAO Integral: ( Κ |R| j1 P' ) Size: 3.86238098144531e-05 GB
Computed Twobody Two Center Integral: ( Κ |R| Λ )[inv] Size: 4.29153442382812e-06 GB Time: 0.001359371 s
Inverse Time: 0.001818726 s
Transformed LCAO Integral: < i1 j1 |R| Q' P' >[df] Size: 0.000347614288330078 GB Time: 0.001049773 s
Retrieved AO Integral: ( Κ |G| ρ0 κ4 ) Size: 0.000125527381896973 GB
Retrieved AO Integral: ( Κ |G| Λ )[inv] Size: 4.29153442382812e-06 GB
Retrieved AO Integral: ( Κ |G| ρ1 κ5 ) Size: 0.000125527381896973 GB
Computed Coulumb/Exchange Integral: < ρ0 |K| ρ1 >[df] Size: 2.17258930206299e-05 GB Time: 0.001293709 s
Transformed LCAO Integral: < P' |K| R' >[df] Size: 2.17258930206299e-05 GB Time: 0.000894261 s
Retrieved LCAO Integral: < i2 j2 |R| Q' R' >[df] Size: 0.000347614288330078 GB
B Term3 Time: 0.005822767 S
Removed from Registry: < i1 j1 |R| Q' P' >[df]
Retrieved LCAO Integral: ( Κ |R| i1 P' ) Size: 3.86238098144531e-05 GB
Computed Twobody Three Center Integral: ( Κ |R| κ0 κ1 ) Size: 3.0219554901123e-05 GB Time: 0.011791207 s
Transformed LCAO Integral: ( Κ |R| j1 m ) Size: 3.57627868652344e-06 GB Time: 0.000757797 s
Retrieved AO Integral: ( Κ |R| Λ )[inv] Size: 4.29153442382812e-06 GB
Transformed LCAO Integral: < i1 j1 |R| P' m >[df] Size: 3.21865081787109e-05 GB Time: 0.001615731 s
Computed One Body Integral: < ρ0 |V| ρ1 > Size: 2.17258930206299e-05 GB Time: 0.00307084 s
Computed One Body Integral: < ρ0 |T| ρ1 > Size: 2.17258930206299e-05 GB Time: 0.001280582 s
Computed One Body Integral: < ρ0 |H| ρ1 > Size: 2.17258930206299e-05 GB Time: 0.000104461 s
Computed Twobody Three Center Integral: ( Κ |G| ρ0 ρ1 ) Size: 0.000521421432495117 GB Time: 0.039059287 s
Retrieved AO Integral: ( Κ |G| Λ )[inv] Size: 4.29153442382812e-06 GB
Retrieved AO Integral: ( Κ |G| κ4 κ5 ) Size: 3.0219554901123e-05 GB
Computed Coulumb/Exchange Integral: < ρ0 |J| ρ1 >[df] Size: 2.17258930206299e-05 GB Time: 0.001488616 s
Retrieved AO Integral: < ρ0 |K| ρ1 >[df] Size: 2.17258930206299e-05 GB
Computed Fock Integral: < ρ0 |F| ρ1 >[df] Size: 2.17258930206299e-05 GB Time: 0.000288301 s
Transformed LCAO Integral: < P' |F| R' >[df] Size: 2.17258930206299e-05 GB Time: 0.000863059 s
Retrieved LCAO Integral: < i2 j2 |R| R' m >[df] Size: 3.21865081787109e-05 GB
B Term4 Time: 0.009656595 S
Removed from Registry: < i1 j1 |R| P' m >[df]
Retrieved LCAO Integral: ( Κ |R| i1 m ) Size: 3.57627868652344e-06 GB
Retrieved AO Integral: ( Κ |R| κ0 ρ1 ) Size: 0.000125527381896973 GB
Transformed LCAO Integral: ( Κ |R| j1 b' ) Size: 2.93254852294922e-05 GB Time: 0.020059523 s
Retrieved AO Integral: ( Κ |R| Λ )[inv] Size: 4.29153442382812e-06 GB
Transformed LCAO Integral: < i1 j1 |R| m b' >[df] Size: 2.44379043579102e-05 GB Time: 0.016664862 s
Permuted AO Integral: < κ0 |H| ρ1 > From < ρ1 |H| κ0 > Size: 5.23030757904053e-06 GB  Time: 5.8838e-05 s
Permuted AO Integral: < κ0 |J| ρ1 >[df] From < ρ1 |J| κ0 >[df] Size: 5.23030757904053e-06 GB  Time: 4.1171e-05 s
Retrieved AO Integral: ( Κ |G| κ0 κ4 ) Size: 3.0219554901123e-05 GB
Retrieved AO Integral: ( Κ |G| Λ )[inv] Size: 4.29153442382812e-06 GB
Retrieved AO Integral: ( Κ |G| ρ1 κ5 ) Size: 0.000125527381896973 GB
Computed Coulumb/Exchange Integral: < κ0 |K| ρ1 >[df] Size: 5.23030757904053e-06 GB Time: 0.002809187 s
Computed Fock Integral: < κ0 |F| ρ1 >[df] Size: 5.23030757904053e-06 GB Time: 0.000137104 s
Transformed LCAO Integral: < m |F| P' >[df] Size: 2.01165676116943e-06 GB Time: 0.01105992 s
Retrieved LCAO Integral: ( Κ |R| i2 P' ) Size: 3.86238098144531e-05 GB
Retrieved LCAO Integral: ( Κ |R| j2 b' ) Size: 2.93254852294922e-05 GB
Retrieved AO Integral: ( Κ |R| Λ )[inv] Size: 4.29153442382812e-06 GB
Transformed LCAO Integral: < i2 j2 |R| P' b' >[df] Size: 0.00026392936706543 GB Time: 0.003760659 s
B Term5 Time: 0.005748863 S
Removed from Registry: < P' |K| R' >[df]
Removed from Registry: < m |F| P' >[df]
Removed from Registry: < P' |F| R' >[df]
Removed from Registry: ( Κ |R| i1 Q' )
Removed from Registry: < i2 j2 |R| P' b' >[df]
Removed from Registry: ( Κ |R2| i1 P' )
Retrieved AO Integral: ( Κ |R| κ0 κ1 ) Size: 3.0219554901123e-05 GB
Transformed LCAO Integral: ( Κ |R| i1 p ) Size: 9.29832458496094e-06 GB Time: 0.000646286 s
Retrieved AO Integral: ( Κ |R| κ0 κ1 ) Size: 3.0219554901123e-05 GB
Transformed LCAO Integral: ( Κ |R| j1 a ) Size: 5.7220458984375e-06 GB Time: 0.000677739 s
Retrieved AO Integral: ( Κ |R| Λ )[inv] Size: 4.29153442382812e-06 GB
Transformed LCAO Integral: < i1 j1 |R| p a >[df] Size: 1.23977661132812e-05 GB Time: 0.000524773 s
Retrieved AO Integral: < κ0 |F| κ1 >[df] Size: 1.25914812088013e-06 GB
Transformed LCAO Integral: < p |F| r >[df] Size: 1.25914812088013e-06 GB Time: 0.00032598 s
Retrieved LCAO Integral: < i2 j2 |R| r a >[df] Size: 1.23977661132812e-05 GB
B Term6 Time: 0.00266007 S
Retrieved LCAO Integral: < i1 j1 |R| m b' >[df] Size: 2.44379043579102e-05 GB
Retrieved AO Integral: < κ0 |F| κ1 >[df] Size: 1.25914812088013e-06 GB
Transformed LCAO Integral: < m |F| n >[df] Size: 1.78813934326172e-07 GB Time: 0.000977393 s
Retrieved LCAO Integral: < i2 j2 |R| n b' >[df] Size: 2.44379043579102e-05 GB
B Term7 Time: 0.009078555 S
Retrieved LCAO Integral: < i1 j1 |R| p a >[df] Size: 1.23977661132812e-05 GB
Retrieved AO Integral: < κ0 |F| ρ1 >[df] Size: 5.23030757904053e-06 GB
Transformed LCAO Integral: < p |F| a' >[df] Size: 3.9711594581604e-06 GB Time: 0.0006917 s
Retrieved LCAO Integral: ( Κ |R| i2 a' ) Size: 2.93254852294922e-05 GB
Retrieved LCAO Integral: ( Κ |R| j2 a ) Size: 5.7220458984375e-06 GB
Retrieved AO Integral: ( Κ |R| Λ )[inv] Size: 4.29153442382812e-06 GB
Transformed LCAO Integral: < i2 j2 |R| a' a >[df] Size: 3.91006469726562e-05 GB Time: 0.000918107 s
B Term8 Time: 0.003585837 S
Removed from Registry: < i1 j1 |R| p a >[df]
Removed from Registry: < i2 j2 |R| a' a >[df]
B Term Total Time: 0.30594309 S
E_B: 0.100567345944032

Compute X_ijij_ijji With DF 
Retrieved LCAO Integral: ( Κ |R2| i1 i2 ) Size: 2.86102294921875e-06 GB
Retrieved AO Integral: ( Κ |R2| Λ )[inv] Size: 4.29153442382812e-06 GB
Retrieved LCAO Integral: ( Λ |R2| j1 j2 ) Size: 2.86102294921875e-06 GB
X Term1 Time: 0.001553608 S
Retrieved LCAO Integral: ( Κ |R| i1 p ) Size: 9.29832458496094e-06 GB
Retrieved LCAO Integral: ( Κ |R| j1 q ) Size: 9.29832458496094e-06 GB
Retrieved AO Integral: ( Κ |R| Λ )[inv] Size: 4.29153442382812e-06 GB
Transformed LCAO Integral: < i1 j1 |R| p q >[df] Size: 2.0146369934082e-05 GB Time: 0.000509263 s
Retrieved LCAO Integral: < i2 j2 |R| p q >[df] Size: 2.0146369934082e-05 GB
X Term2 Time: 0.001058913 S
Retrieved LCAO Integral: < i1 j1 |R| m a' >[df] Size: 2.44379043579102e-05 GB
Retrieved LCAO Integral: < i2 j2 |R| m a' >[df] Size: 2.44379043579102e-05 GB
X Term3 Time: 0.006343409 S
X Term Total Time: 0.012223419 S
Retrieved AO Integral: ( κ0 |F| κ1 )[df] Size: 1.25914812088013e-06 GB
Transformed LCAO Integral: ( i |F| j )[df] Size: 1.19209289550781e-07 GB Time: 0.000810125 s
Removed from Registry: ( Κ |R2| j1 j2 )
Removed from Registry: ( Κ |R2| κ0 ρ1 )
Removed from Registry: ( Κ |R2| κ0 κ1 )
Removed from Registry: ( Κ |R2| Λ )[inv]
E_X: 0.018390353852099

Compute V_ijij_ijji With DF 
Computed Twobody Three Center Integral: ( Κ |GR| κ0 κ1 ) Size: 3.0219554901123e-05 GB Time: 0.028277223 s
Transformed LCAO Integral: ( Κ |GR| i2 i1 ) Size: 2.86102294921875e-06 GB Time: 0.000775418 s
Computed Twobody Two Center Integral: ( Κ |GR| Λ )[inv] Size: 4.29153442382812e-06 GB Time: 0.001637806 s
Inverse Time: 0.00165277 s
Retrieved LCAO Integral: ( Λ |GR| j1 j2 ) Size: 2.86102294921875e-06 GB
V Term1 Time: 0.001253174 S
Retrieved AO Integral: ( Κ |G| κ0 κ1 ) Size: 3.0219554901123e-05 GB
Transformed LCAO Integral: ( Κ |G| i1 p ) Size: 9.29832458496094e-06 GB Time: 0.000620506 s
Retrieved LCAO Integral: ( Κ |G| j1 q ) Size: 9.29832458496094e-06 GB
Retrieved AO Integral: ( Κ |G| Λ )[inv] Size: 4.29153442382812e-06 GB
Transformed LCAO Integral: < i1 j1 |G| p q >[df] Size: 2.0146369934082e-05 GB Time: 0.00052225 s
Retrieved LCAO Integral: < i2 j2 |R| p q >[df] Size: 2.0146369934082e-05 GB
V Term2 Time: 0.000871062 S
Retrieved AO Integral: ( Κ |G| κ0 κ1 ) Size: 3.0219554901123e-05 GB
Transformed LCAO Integral: ( Κ |G| i1 m ) Size: 3.57627868652344e-06 GB Time: 0.000743683 s
Permuted AO Integral: ( Κ |G| κ0 ρ1 ) From ( Κ |G| ρ1 κ0 ) Size: 0.000125527381896973 GB  Time: 5.1583e-05 s
Transformed LCAO Integral: ( Κ |G| j1 a' ) Size: 2.93254852294922e-05 GB Time: 0.001208794 s
Retrieved AO Integral: ( Κ |G| Λ )[inv] Size: 4.29153442382812e-06 GB
Transformed LCAO Integral: < i1 j1 |G| m a' >[df] Size: 2.44379043579102e-05 GB Time: 0.001095961 s
Retrieved LCAO Integral: < i2 j2 |R| m a' >[df] Size: 2.44379043579102e-05 GB
V Term3 Time: 0.006046933 S
V Term Total Time: 0.05035313 S
Removed from Registry: ( Κ |G| i1 m )
Removed from Registry: ( Κ |G| i1 p )
Removed from Registry: ( Κ |G| j1 a' )
Removed from Registry: < i1 j1 |G| m a' >[df]
Removed from Registry: < i1 j1 |G| p q >[df]
Removed from Registry: ( Κ |GR| i2 i1 )
Removed from Registry: ( Κ |GR| κ0 κ1 )
Removed from Registry: ( Κ |GR| Λ )[inv]
E_V: -0.282847008436582
Retrieved AO Integral: ( Κ |G| κ0 κ1 ) Size: 3.0219554901123e-05 GB
Transformed LCAO Integral: ( Κ |G| i a ) Size: 5.7220458984375e-06 GB Time: 0.000629176 s
Retrieved LCAO Integral: ( Κ |G| j b ) Size: 5.7220458984375e-06 GB
Retrieved AO Integral: ( Κ |G| Λ )[inv] Size: 4.29153442382812e-06 GB
Transformed LCAO Integral: < i j |G| a b >[df] Size: 7.62939453125e-06 GB Time: 0.000573293 s

Compute C_ijab With DF 
Retrieved LCAO Integral: ( Κ |R| i a ) Size: 5.7220458984375e-06 GB
Retrieved LCAO Integral: ( Κ |R| j a' ) Size: 2.93254852294922e-05 GB
Retrieved AO Integral: ( Κ |R| Λ )[inv] Size: 4.29153442382812e-06 GB
Transformed LCAO Integral: < i j |R| a a' >[df] Size: 3.91006469726562e-05 GB Time: 0.00065335 s
Permuted AO Integral: < ρ0 |F| κ1 >[df] From < κ1 |F| ρ0 >[df] Size: 5.23030757904053e-06 GB  Time: 5.7023e-05 s
Transformed LCAO Integral: < a' |F| b >[df] Size: 2.44379043579102e-06 GB Time: 0.000609739 s
C Term Time: 0.000988676 S
Removed from Registry: < i j |R| a a' >[df]
C Term Total Time: 0.003575685 S
Compute CT 
E_CT: 0.00323263607029054
Compute CC Term 
E_CC: -9.21478845480327e-05
E_MP2: -0.116778998452087
E_F12: -0.160748820454708
Retrieved AO Integral: < ρ0 |F| ρ1 >[df] Size: 2.17258930206299e-05 GB
Transformed LCAO Integral: < A' |F| B' >[df] Size: 1.78888440132141e-05 GB Time: 0.000805506 s
Retrieved LCAO Integral: < m |F| n >[df] Size: 1.78813934326172e-07 GB
Retrieved AO Integral: < κ0 |F| ρ1 >[df] Size: 5.23030757904053e-06 GB
Transformed LCAO Integral: < m |F| A' >[df] Size: 1.82539224624634e-06 GB Time: 0.000965976 s
E_S: -0.0677592661954615
F12 Time in MP2F12: 0.60331548 S 
  Output KeyVal (format=JSON):
{
    "units": "2010CODATA",
    "molecule": {
        "file_name": "h2o.xyz",
        "sort_input": "true",
        "charge": "0",
        "n_cluster": "2"
    },
    "obs": {
        "name": "6-31G",
        "molecule": "$:molecule"
    },
    "dfbs": {
        "name": "cc-pVDZ",
        "molecule": "$:molecule"
    },
    "ribs": {
        "name": "aug-cc-pVDZ",
        "molecule": "$:molecule"
    },
    "wfn_world": {
        "molecule": "$:molecule",
        "basis": "$:obs",
        "df_basis": "$:dfbs",
        "aux_basis": "$:ribs",
        "screen": "schwarz"
    },
    "scf": {
        "type": "RI-RHF",
        "wfn_world": "$:wfn_world"
    },
    "wfn": {
        "type": "RI-RMP2F12",
        "molecule": "$:molecule",
        "wfn_world": "$:wfn_world",
        "ref": "$:scf",
        "occ_block_size": "1",
        "unocc_block_size": "24"
    },
    "property": {
        "type": "Energy",
        "wfn": "$:wfn",
        "precision": "1.0e-11",
        "value": {
            "value": "-76.569470183808207"
        }
    }
}

