MADNESS runtime initialized with 7 threads in the pool and affinity -1 -1 -1

                 MPQC4: Massively Parallel Quantum Chemistry (v4)
                                Version 4.0.0-alpha
                 Revision 885609a73d9a9d2f8d494e63d7fe16659aa1376c

  Machine:          Darwin-17.5.0-x86_64
  User:             karlpier@Karls-MacBook-Pro.local
  Start Time:       Thu May 17 14:54:29 2018 UTC
  Default World:    1 MPI process

  Input KeyVal (format=JSON):
{
    "units": "2010CODATA",
    "atoms": {
        "file_name": "h2o.xyz",
        "sort_input": "true",
        "charge": "0",
        "n_cluster": "1",
        "reblock": "4"
    },
    "obs": {
        "name": "6-31G",
        "atoms": "$:atoms"
    },
    "dfbs": {
        "name": "cc-pVDZ",
        "atoms": "$:atoms"
    },
    "wfn_world": {
        "atoms": "$:atoms",
        "basis": "$:obs",
        "df_basis": "$:dfbs",
        "screen": "schwarz"
    },
    "scf": {
        "type": "RI-RHF",
        "wfn_world": "$:wfn_world"
    },
    "wfn": {
        "type": "CCSD",
        "wfn_world": "$:wfn_world",
        "atoms": "$:atoms",
        "ref": "$:scf",
        "method": "df",
        "reduced_abcd_memory": "true",
        "cp_ccsd": "true",
        "cp_precision": "1e-7",
        "occ_block_size": "2",
        "unocc_block_size": "2"
    },
    "property": {
        "type": "Energy",
        "precision": "1e-8",
        "wfn": "$:wfn"
    }
}

  Using fundamental constants system 2010CODATA

Constructing Basis Registry: 
OBS Basis = 6-31G
( tiles = [ 0, 1 ), elements = [ 0, 13 ) )
Min and Max block size: 13 13
Average: 13

DF Basis = cc-pVDZ
( tiles = [ 0, 1 ), elements = [ 0, 24 ) )
Min and Max block size: 24 24
Average: 24


Constructing AOFactory: 
  Screen = schwarz
  ScreenThreshold = 1e-12
  Precision = 2.22044604925031e-16
  Iterative inverse = false


Constructing LCAOFactory: 
  Keep partial transform = true
  Accurate time = false
  Verbose = false


	 Using Symmetric Orthogonalization. 
	 S Condition Number Threshold: 100000000
	 Overlap condition number = 50.5531878082312

Starting SCF:
	Threshold: 1e-10
	Maximum number of iterations: 30
iteration: 0
	Energy: -76.1720098211169
	abs(Energy Change): 0.278588911860439
	(Gradient Norm)/n^2: 0.00233094621893437
	Scf Time: 0.002408023
		Density Time: 0.000976521
		Fock Build Time: 0.001017981
		DF Fock builder:
			W time: 0.000275211
			J time: 0.00029876
			K time: 0.000176806
			Total exchange time: 0.000452017
iteration: 1
	Energy: -76.2140757286776
	abs(Energy Change): 0.0420659075606835
	(Gradient Norm)/n^2: 0.0011172900731778
	Scf Time: 0.002350547
		Density Time: 0.000876122
		Fock Build Time: 0.000817039
		DF Fock builder:
			W time: 0.000213641
			J time: 0.00025463
			K time: 0.000117395
			Total exchange time: 0.000331036
iteration: 2
	Energy: -76.2239081527738
	abs(Energy Change): 0.00983242409618867
	(Gradient Norm)/n^2: 0.000143551463877305
	Scf Time: 0.002282893
		Density Time: 0.000854995
		Fock Build Time: 0.000729108
		DF Fock builder:
			W time: 0.000185471
			J time: 0.000187928
			K time: 0.000151638
			Total exchange time: 0.000337109
iteration: 3
	Energy: -76.2241794040669
	abs(Energy Change): 0.000271251293071373
	(Gradient Norm)/n^2: 2.08758073190343e-05
	Scf Time: 0.002447875
		Density Time: 0.000872338
		Fock Build Time: 0.000756621
		DF Fock builder:
			W time: 0.000193075
			J time: 0.000229269
			K time: 0.000170035
			Total exchange time: 0.00036311
iteration: 4
	Energy: -76.2241830588949
	abs(Energy Change): 3.65482804909334e-06
	(Gradient Norm)/n^2: 1.52468495839742e-06
	Scf Time: 0.002972625
		Density Time: 0.00097322
		Fock Build Time: 0.000884637
		DF Fock builder:
			W time: 0.000179342
			J time: 0.000324779
			K time: 0.000161417
			Total exchange time: 0.000340759
iteration: 5
	Energy: -76.2241830968482
	abs(Energy Change): 3.79532139049843e-08
	(Gradient Norm)/n^2: 2.57160622442963e-07
	Scf Time: 0.002917022
		Density Time: 0.001003905
		Fock Build Time: 0.000811731
		DF Fock builder:
			W time: 0.000212766
			J time: 0.000244429
			K time: 0.000162852
			Total exchange time: 0.000375618
iteration: 6
	Energy: -76.2241830985432
	abs(Energy Change): 1.69502811786515e-09
	(Gradient Norm)/n^2: 8.13417220714969e-08
	Scf Time: 0.002690286
		Density Time: 0.000939597
		Fock Build Time: 0.000737428
		DF Fock builder:
			W time: 0.000132955
			J time: 0.000182686
			K time: 0.000177789
			Total exchange time: 0.000310744
iteration: 7
	Energy: -76.2241830987046
	abs(Energy Change): 1.61463731274125e-10
	(Gradient Norm)/n^2: 5.89483143433151e-09
	Scf Time: 0.002704112
		Density Time: 0.00082757
		Fock Build Time: 0.000778198
		DF Fock builder:
			W time: 0.000188469
			J time: 0.000231809
			K time: 0.000139785
			Total exchange time: 0.000328254
iteration: 8
	Energy: -76.2241830987056
	abs(Energy Change): 9.80548975348938e-13
	(Gradient Norm)/n^2: 1.52333188268326e-09
	Scf Time: 0.002515337
		Density Time: 0.000773579
		Fock Build Time: 0.000690913
		DF Fock builder:
			W time: 0.000199982
			J time: 0.0001707
			K time: 0.000163315
			Total exchange time: 0.000363297
iteration: 9
	Energy: -76.2241830987057
	abs(Energy Change): 5.6843418860808e-14
	(Gradient Norm)/n^2: 3.29602016078678e-10
	Scf Time: 0.003005629
		Density Time: 0.000928127
		Fock Build Time: 0.000888223
		DF Fock builder:
			W time: 0.000217458
			J time: 0.000252727
			K time: 0.000177042
			Total exchange time: 0.0003945
iteration: 10
	Energy: -76.2241830987058
	abs(Energy Change): 1.4210854715202e-13
	(Gradient Norm)/n^2: 9.18506493218132e-11
	Scf Time: 0.002326046
		Density Time: 0.000791111
		Fock Build Time: 0.000626712
		DF Fock builder:
			W time: 0.000114598
			J time: 0.000141568
			K time: 0.000127577
			Total exchange time: 0.000242175
  Frozen Core: 2 electrons
Occ Range
( tiles = [ 0, 3 ), elements = [ 0, 5 ) )
Min and Max block size: 1 2
Average: 1

ActiveOcc Range
( tiles = [ 0, 2 ), elements = [ 0, 4 ) )
Min and Max block size: 2 2
Average: 2

Unocc Range
( tiles = [ 0, 4 ), elements = [ 0, 8 ) )
Min and Max block size: 2 2
Average: 2

Obs Range
( tiles = [ 0, 7 ), elements = [ 0, 13 ) )
Min and Max block size: 1 2
Average: 1

Use DF CCSD Compute 
count	test
1	8.24310383790689
2	3.72460343476084
3	2.60325676586042
4	1.45085446950937
5	1.01959547485945
6	0.865983337180507
7	0.78679802947961
8	0.647859801842864
9	0.504338762627578
10	0.347574016922166
11	0.264043761726495
12	0.216904972711241
13	0.187639687170271
14	0.168466166955321
15	0.155802317476568
16	0.14786109503302
17	0.143411255605775
18	0.141363152379959
19	0.141145911569664
20	0.141912529314256
21	0.143269569579691
22	0.144581641279659
23	0.145587896519475
24	0.145966129967459
25	0.145738340395214
26	0.144961169428396
27	0.14387625268109
28	0.142650159810375
29	0.141431335876631
30	0.140238836576942
31	0.139051597500909
32	0.137791963523416
33	0.136393603060802
34	0.134795835891587
35	0.132979891195458
36	0.130964339887686
37	0.128820130385686
38	0.126656561895027
39	0.124611877027949
40	0.122825768951559
41	0.121417871825243
42	0.120463297389423
43	0.119979314430106
44	0.119916927054944
45	0.120163714890506
46	0.120554284552525
47	0.120892625528745
48	0.12098460568641
49	0.120679515410935
50	0.11991024592559
51	0.118717294512613
52	0.117240604092404
53	0.115676872555475
54	0.114218737223805
55	0.113003594101994
56	0.112090991897637
57	0.111468695833056
58	0.111074228456355
59	0.110818385087269
60	0.110603422281248
61	0.110334633464739
62	0.109926812118782
63	0.109307664825337
64	0.108419661872285
65	0.107221132718018
66	0.105686844894837
67	0.103808035415688
68	0.101591772059388
69	0.0990595860654163
70	0.0962454103842634
71	0.0931929575595855
72	0.0899527275681515
73	0.0865788680372082
74	0.0831261110098491
75	0.0796469992291041
76	0.0761895819899107
77	0.0727957107458564
78	0.0694999960013818
79	0.0663294133175818
80	0.0633034786677209
81	0.0604348662869051
82	0.0577303201757567
83	0.055191713796313
84	0.0528171339847707
85	0.0506018968718827
86	0.0485394371652039
87	0.0466220422465447
88	0.0448414258256411
89	0.0431891518402699
90	0.0416569284196256
91	0.0402367956123212
92	0.038921230730977
93	0.0377031931095783
94	0.0365761268716059
95	0.0355339367948598
96	0.0345709489697675
97	0.0336818649535883
98	0.0328617155797772
99	0.0321058185078348
100	0.0314097419318598
101	0.0307692755610476
102	0.0301804089847492
103	0.0296393168218588
104	0.0291423495766924
105	0.0286860288794197
106	0.0282670457252721
107	0.0278822604193499
108	0.0275287031254226
109	0.0272035741714007
110	0.0269042435334242
111	0.0266282491739626
112	0.0263732941250128
113	0.0261372423709254
114	0.0259181136995325
115	0.0257140777545021
116	0.0255234475481287
117	0.0253446726893996
118	0.0251763325578569
119	0.025017129615744
120	0.0248658830143346
121	0.0247215226006079
122	0.0245830833973317
123	0.0244497005882267
124	0.0243206050135237
125	0.0241951191516497
126	0.0240726535455159
127	0.023952703613314
128	0.0238348467730607
129	0.0237187398019432
130	0.0236041163450947
131	0.0234907844865623
132	0.0233786242948523
133	0.0232675852570856
134	0.0231576835186859
135	0.0230489988536395
136	0.0229416712941313
137	0.0228358973590287
138	0.0227319258315159
139	0.0226300530471163
140	0.0225306176654407
141	0.0224339949161916
142	0.0223405903224467
143	0.0222508329213916
144	0.0221651680193259
145	0.0220840495326747
146	0.0220079319834755
147	0.0219372622312826
148	0.0218724710365248
149	0.0218139645586482
150	0.0217621159013389
151	0.0217172568193458
152	0.0216796696998099
153	0.0216495799290296
154	0.0216271487453971
155	0.0216124666685132
156	0.0216055475822421
157	0.0216063235311203
158	0.0216146402777527
159	0.0216302536526628
160	0.0216528267155054
161	0.0216819277397672
162	0.0217170290271574
163	0.0217575065587446
164	0.0218026404950017
165	0.0218516165468906
166	0.0219035282530186
167	0.0219573802155033
168	0.0220120923639026
169	0.0220665053342615
170	0.0221193870660623
171	0.0221694407296387
172	0.0222153141012003
173	0.0222556104966234
174	0.022288901360497
175	0.0223137405765596
176	0.0223286805227119
177	0.0223322898354059
178	0.0223231727747208
179	0.0222999899934259
180	0.0222614804158235
181	0.0222064838252284
182	0.0221339636536423
183	0.0220430293634683
184	0.021932957726032
185	0.0218032122354306
186	0.0216534598663395
187	0.0214835843888944
188	0.021293695513268
189	0.0210841332355996
190	0.0208554669135198
191	0.0206084887947946
192	0.0203442019548625
193	0.0200638028497482
194	0.019768658947256
195	0.0194602821389783
196	0.0191402988428335
197	0.0188104178614074
198	0.0184723971587592
199	0.0181280107399609
200	0.0177790167760291
201	0.0174271280049513
202	0.0170739852773069
203	0.0167211349115152
204	0.0163700102983052
205	0.0160219179657789
206	0.0156780280995728
207	0.0153393693202042
208	0.0150068273645355
209	0.0146811472016354
210	0.0143629380420472
211	0.0140526806633857
212	0.013750736478244
213	0.0134573578024292
214	0.0131726988281842
215	0.0128968268772894
216	0.0126297335759263
217	0.0123713456707349
218	0.0121215352714158
219	0.0118801293700452
220	0.0116469185456991
221	0.0114216648025574
222	0.0112041085346613
223	0.0109939746316093
224	0.0107909777672777
225	0.0105948269219883
226	0.0104052292006247
227	0.0102218930141289
228	0.0100445306886914
229	0.00987286057246241
230	0.00970660869871121
231	0.00954551006676734
232	0.00938930959372046
233	0.00923776278554391
234	0.0090906361715664
235	0.00894770754111759
236	0.00880876601663434
237	0.00867361199206613
238	0.00854205696433119
239	0.00841392327703517
240	0.00828904379942332
241	0.00816726155258457
242	0.00804842930008486
243	0.00793240911240923
244	0.00781907191551394
245	0.00770829703200495
246	0.00759997172017232
247	0.00749399071679655
248	0.00739025578932151
249	0.00728867529690359
250	0.00718916376822596
251	0.00709164149317387
252	0.00699603413205959
253	0.00690227234385098
254	0.00681029143178023
255	0.00672003100920089
256	0.00663143468259844
257	0.00654444975525028
258	0.00645902694704415
259	0.00637512013420288
260	0.00629268610434429
261	0.00621168432869562
262	0.00613207675122074
263	0.00605382758983025
264	0.00597690315553719
265	0.00590127168228555
266	0.00582690317037798
267	0.00575376924232007
268	0.00568184300967859
269	0.00561109894927453
270	0.00554151279176952
271	0.00547306141625986
272	0.00540572275605574
273	0.00533947571081798
274	0.00527430006659095
275	0.00521017642273535
276	0.00514708612509125
277	0.00508501120477137
278	0.00502393432271962
279	0.00496383871844997
280	0.00490470816514073
281	0.0048465269266086
282	0.00478927971979536
283	0.00473295168059821
284	0.00467752833200378
285	0.00462299555666176
286	0.00456933957087605
287	0.00451654690228223
288	0.00446460436843613
289	0.00441349905893828
290	0.0043632183182847
291	0.00431374973167984
292	0.00426508111071134
293	0.00421720048217657
294	0.00417009607715622
295	0.00412375632158359
296	0.00407816982814236
297	0.00403332538862542
298	0.00398921196711534
299	0.00394581869470524
300	0.00390313486419093
301	0.00386114992561002
302	0.00381985348226594
303	0.00377923528783076
304	0.00373928524263691
305	0.00369999339137456
306	0.00366134992171204
307	0.00362334516092853
308	0.00358596957562874
309	0.00354921376954694
310	0.00351306848288567
311	0.00347752459122341
312	0.00344257310394586
313	0.00340820516482731
314	0.0033744120504395
315	0.00334118517038767
316	0.00330851606599242
317	0.00327639641090249
318	0.00324481801014293
319	0.00321377280057265
320	0.00318325284952141
321	0.00315325035615296
322	0.00312375764993927
323	0.00309476719144118
324	0.00306627157129971
325	0.00303826351086112
326	0.00301073586198304
327	0.0029836816063085
328	0.00295709385555434
329	0.00293096585156889
330	0.00290529096550211
331	0.00288006269808929
332	0.00285527467953551
333	0.00283092066890848
334	0.00280699455457402
335	0.00278349035276069
336	0.00276040220896965
337	0.00273772439653475
338	0.00271545131644941
339	0.0026935774977972
340	0.00267209759682247
341	0.00265100639649924
342	0.00263029880763766
343	0.00260996986661481
344	0.00259001473662171
345	0.00257042870641999
346	0.0025512071907256
347	0.00253234572988976
348	0.00251383998883432
349	0.00249568575798172
350	0.00247787895231457
351	0.00246041561111294
352	0.00244329189766002
353	0.00242650409985859
354	0.00241004862905787
355	0.0023939220200508
356	0.00237812093216886
357	0.00236264214695087
358	0.0023474825702543
359	0.00233263923077833
360	0.00231810928058056
361	0.00230388999525208
362	0.00228997877332517
363	0.00227637313719729
364	0.00226307073284946
365	0.00225006932936561
366	0.00223736682038586
367	0.00222496122354008
368	0.00221285068125654
369	0.00220103346017157
370	0.00218950795228379
371	0.00217827267618499
372	0.00216732627539555
373	0.00215666752107254
374	0.00214629531149636
375	0.00213620867284017
376	0.00212640676035752
377	0.00211688885876299
378	0.00210765438340668
379	0.00209870288102697
380	0.00209003403076213
381	0.00208164764538668
382	0.00207354367252462
383	0.00206572219567913
384	0.00205818343550557
385	0.00205092775183149
386	0.00204395564390423
387	0.00203726775369668
388	0.00203086486583695
389	0.00202474791078974
390	0.00201891796607461
391	0.00201337625775255
392	0.00200812416373695
393	0.00200316321513791
394	0.00199849509821386
395	0.00199412165756688
396	0.00199004489893241
397	0.00198626699061839
398	0.00198279026741316
399	0.00197961723241449
400	0.00197675056150217
401	0.00197419310602408
402	0.00197194789530319
403	0.00197001814090367
404	0.00196840724132116
405	0.00196711878392409
406	0.00196615655038626
407	0.00196552452060974
408	0.00196522687712132
409	0.00196526801024813
410	0.00196565252284181
411	0.00196638523518698
412	0.00196747119031792
413	0.00196891566114133
414	0.00197072415477066
415	0.00197290242037192
416	0.00197545645424322
417	0.00197839250879451
418	0.00198171709818425
419	0.0019854370071973
420	0.00198955929975589
421	0.00199409132647899
422	0.00199904073480189
423	0.00200441547795763
424	0.00201022382617947
425	0.00201647437676602
426	0.00202317606523981
427	0.00203033817837747
428	0.00203797036625444
429	0.00204608265596726
430	0.00205468546518071
431	0.00206378961887685
432	0.00207340636362357
433	0.00208354738562673
434	0.00209422482798335
435	0.00210545130999157
436	0.00211723994688502
437	0.00212960437162305
438	0.00214255875754878
439	0.00215611784066469
440	0.0021702969478904
441	0.00218511202193443
442	0.00220057964866094
443	0.00221671708990437
444	0.00223354231477306
445	0.00225107403219173
446	0.00226933172785422
447	0.00228833570341265
448	0.00230810711451802
449	0.00232866801682029
450	0.0023500414091234
451	0.00237225128312316
452	0.00239532267429836
453	0.0024192817167934
454	0.00244415570260631
455	0.002469973139962
456	0.00249676382226927
457	0.00252455889586629
458	0.00255339093415163
459	0.00258329401765424
460	0.00261430381596236
461	0.00264645767749027
462	0.00267979472448878
463	0.00271435595498021
464	0.0027501843480838
465	0.00278732498028178
466	0.0028258251484768
467	0.00286573449893304
468	0.00290710516607839
469	0.00294999192300792
470	0.00299445233855108
471	0.00304054694745108
472	0.00308833943166718
473	0.00313789681289747
474	0.0031892896619647
475	0.0032425923197011
476	0.00329788313432201
477	0.00335524471653134
478	0.00341476421248709
479	0.00347653359706596
480	0.00354064998640658
481	0.00360721597692399
482	0.00367634000715477
483	0.00374813674550843
484	0.00382272751006789
485	0.00390024071641807
486	0.00398081236409386
487	0.00406458655482934
488	0.00415171605493903
489	0.00424236289620668
490	0.00433669902739442
491	0.00443490701629632
492	0.00453718080204724
493	0.00464372651008307
494	0.0047547633293848
495	0.00487052445732643
496	0.00499125812024408
497	0.00511722867104076
498	0.00524871777354386
499	0.0053860256792529
500	0.00552947259903407
501	0.00567940018475931
Line Search was successfull 0 out of 0 times!
Integral Prepare Time: 0.067130644
Start Iteration
Max Iteration: 30
Target precision: 1e-08
AccurateTime: 0
Verbose: 0
Reduced ABCD Memory Approach: Yes
  iter 	     deltaE 	   residual 	          energy 	 total time/s 
    1 	 1.18633e-01 	 7.06595e-05 	 -0.118632872825 	        0.0 
    2 	 2.72680e-03 	 2.26868e-05 	 -0.121359677278 	        0.0 
    3 	 2.76197e-04 	 3.56698e-06 	 -0.121635874517 	        0.0 
    4 	 6.61724e-06 	 8.88223e-07 	 -0.121642491759 	        0.0 
    5 	 5.56248e-07 	 2.18791e-07 	 -0.121643048006 	        0.0 
    6 	 1.46565e-07 	 7.08652e-08 	 -0.121642901442 	        0.0 
    7 	 7.05980e-08 	 1.48596e-08 	 -0.121642830844 	        0.0 
    8 	 1.80702e-08 	 3.66103e-09 	 -0.121642812774 	        0.0 
    9 	 1.08368e-09 	 6.24572e-10 	 -0.121642811690 	        0.0 
CCSD Energy  -0.121642811689818
CCSD Time in CCSD: 0.377035313 S
  Output KeyVal (format=JSON):
{
    "units": "2010CODATA",
    "atoms": {
        "file_name": "h2o.xyz",
        "sort_input": "true",
        "charge": "0",
        "n_cluster": "1",
        "reblock": "4"
    },
    "obs": {
        "name": "6-31G",
        "atoms": "$:atoms"
    },
    "dfbs": {
        "name": "cc-pVDZ",
        "atoms": "$:atoms"
    },
    "wfn_world": {
        "atoms": "$:atoms",
        "basis": "$:obs",
        "df_basis": "$:dfbs",
        "screen": "schwarz"
    },
    "scf": {
        "type": "RI-RHF",
        "wfn_world": "$:wfn_world"
    },
    "wfn": {
        "type": "CCSD",
        "wfn_world": "$:wfn_world",
        "atoms": "$:atoms",
        "ref": "$:scf",
        "method": "df",
        "reduced_abcd_memory": "true",
        "cp_ccsd": "true",
        "cp_precision": "1e-7",
        "occ_block_size": "2",
        "unocc_block_size": "2"
    },
    "property": {
        "type": "Energy",
        "precision": "1e-8",
        "wfn": "$:wfn",
        "value": {
            "value": "-76.345825910395646"
        }
    }
}

