MADNESS runtime initialized with 3 threads in the pool and affinity -1 -1 -1

                 MPQC4: Massively Parallel Quantum Chemistry (v4)
                                Version 4.0.0-alpha
                 Revision 36171dc83deb6bc0e2f8dd95a965114cd63e4022

  Machine:          Darwin-16.4.0-x86_64
  User:             xiaowang@Xiaos-MacBook-Pro.local
  Start Time:       Wed Feb 22 21:52:03 2017 UTC
  Default World:    1 MPI process

  Input KeyVal (format=JSON):
{
    "units": "2006CODATA",
    "unitcell": {
        "charge": "0",
        "file_name": "h2o.xyz",
        "sort_input": "true",
        "n_cluster": "1",
        "lattice_param": [
            "0.0",
            "0.0",
            "2.672359"
        ]
    },
    "basis": {
        "name": "sto-3g",
        "molecule": "$:unitcell"
    },
    "wfn_world": {
        "molecule": "$:unitcell",
        "basis": "$:basis",
        "screen": "schwarz",
        "threshold": "1.0e-20",
        "rmax": [
            "0",
            "0",
            "0"
        ],
        "rjmax": [
            "0",
            "0",
            "0"
        ],
        "rdmax": [
            "0",
            "0",
            "0"
        ]
    },
    "wfn": {
        "type": "zRHF",
        "molecule": "$:unitcell",
        "wfn_world": "$:wfn_world",
        "max_iter": "100",
        "soad_guess": "true",
        "print_detail": "false",
        "max_condition_num": "1e8",
        "k_points": [
            "1",
            "1",
            "1"
        ]
    },
    "property": {
        "type": "Energy",
        "wfn": "$:wfn",
        "precision": "1.0e-11"
    },
    "g09_input": [
        "#P HF\/sto-3g SCF=Tight",
        "",
        "molecule h2o, single point calculation",
        "",
        "0 1",
        "O,   -0.702196054,  -0.056060256,   0.009942262",
        "H,   -1.022193224,   0.846775782,  -0.011488714",
        "H,    0.257521062,   0.042121496,   0.005218999"
    ]
}

  Using fundamental constants system 2006CODATA

Constructing Basis Registry: 
OBS Basis = sto-3g
( tiles = [ 0, 1 ), elements = [ 0, 7 ) )
Min and Max block size: 7 7
Average: 7


PeriodicAOFactory computational parameters:
	R_max (range of expansion of Bloch Gaussians in AO Gaussians): [0 0 0]
	Rj_max (range of Coulomb operation): [0 0 0]
	Rd_max (Range of density representation): [0 0 0]

Molecule info:
	C.O.M: 0 0 0
	Mass: 18.01056468406

Elements:
	AtomBasedCluster: {C. Of Mass:     -1.25931154032024 -8.66750038861037e-05    0.0160224924478108, elements: {AtomBasedCluster: {C. Of Mass:     -1.25931154032024 -8.66750038861037e-05    0.0160224924478108, elements: {Atom: {Z: 8, charge: 8, mass: 15.9949146196, pos:  -1.32695823365298 -0.105938530779459 0.0187881523213959}, Atom: {Z: 1, charge: 1, mass: 1.00782503223, pos:   -1.93166524825143    1.60017432394008 -0.0217105230790492}, Atom: {Z: 1, charge: 1, mass: 1.00782503223, pos:   0.486644280629864  0.0795980917474381 0.00986247879780404}}}}}

Unit cell info:
	Lattice parameters (in Bohr): [               0                0 5.05002663875214]

zRHF computational parameters:
  # of k points in each direction: [1 1 1]

Computing One Body Integral for Periodic System: < κ |T| λ >
 Size: 7.30156898498535e-07 GB Time: 0.001986438 s

Computing One Body Integral for Periodic System: < κ |V| λ >
 Size: 7.30156898498535e-07 GB Time: 0.004556036 s

Computing One Body Integral for Periodic System: < κ | λ >
 Size: 7.30156898498535e-07 GB Time: 0.000387466 s

Building Fock Matrix from SOAD Guess ...

	overlap condition number = 5.59243628049706 at k = 0
Nuclear Repulsion Energy: 9.15671409307905


 Iter                E(HF)               E(tot)             Delta(E)               RMS(D)              Time(s)
    0     -84.087607806653     -74.930893713574     -84.087607806653       0.230549026758                0.044
    1     -84.119875822547     -74.963161729468      -0.032268015894       0.024325357141                0.051
    2     -84.120393300919     -74.963679207840      -0.000517478371       0.006541099950                0.050
    3     -84.120418341980     -74.963704248901      -0.000025041061       0.001709261652                0.051
    4     -84.120420004043     -74.963705910964      -0.000001662062       0.000534975788                0.041
    5     -84.120420144986     -74.963706051907      -0.000000140943       0.000185643833                0.045
    6     -84.120420161451     -74.963706068372      -0.000000016465       0.000071338238                0.044
    7     -84.120420163962     -74.963706070883      -0.000000002511       0.000029077901                0.041
    8     -84.120420164400     -74.963706071321      -0.000000000439       0.000012230332                0.042
    9     -84.120420164481     -74.963706071402      -0.000000000081       0.000005224932                0.048
   10     -84.120420164496     -74.963706071417      -0.000000000015       0.000002249835                0.038
   11     -84.120420164499     -74.963706071420      -0.000000000003       0.000000972747                0.056

Periodic Hartree-Fock iterations have converged!

Total Periodic Hartree-Fock energy = -74.9637060714201

Time(s):
	Init:                               0.071
	Coulomb term:                       0.269
	Exchange term:                      0.256
	Real->Recip trans:                  0.003
	Diag + Density:                     0.017
	Total:                              0.552

  Output KeyVal (format=JSON):
{
    "units": "2006CODATA",
    "unitcell": {
        "charge": "0",
        "file_name": "h2o.xyz",
        "sort_input": "true",
        "n_cluster": "1",
        "lattice_param": [
            "0.0",
            "0.0",
            "2.672359"
        ]
    },
    "basis": {
        "name": "sto-3g",
        "molecule": "$:unitcell"
    },
    "wfn_world": {
        "molecule": "$:unitcell",
        "basis": "$:basis",
        "screen": "schwarz",
        "threshold": "1.0e-20",
        "rmax": [
            "0",
            "0",
            "0"
        ],
        "rjmax": [
            "0",
            "0",
            "0"
        ],
        "rdmax": [
            "0",
            "0",
            "0"
        ]
    },
    "wfn": {
        "type": "zRHF",
        "molecule": "$:unitcell",
        "wfn_world": "$:wfn_world",
        "max_iter": "100",
        "soad_guess": "true",
        "print_detail": "false",
        "max_condition_num": "1e8",
        "k_points": [
            "1",
            "1",
            "1"
        ]
    },
    "property": {
        "type": "Energy",
        "wfn": "$:wfn",
        "precision": "1.0e-11",
        "value": {
            "value": "-74.963706071420134"
        }
    },
    "g09_input": [
        "#P HF\/sto-3g SCF=Tight",
        "",
        "molecule h2o, single point calculation",
        "",
        "0 1",
        "O,   -0.702196054,  -0.056060256,   0.009942262",
        "H,   -1.022193224,   0.846775782,  -0.011488714",
        "H,    0.257521062,   0.042121496,   0.005218999"
    ]
}

