MADNESS runtime initialized with 7 threads in the pool and affinity -1 -1 -1

                 MPQC4: Massively Parallel Quantum Chemistry (v4)
                                Version 4.0.0-alpha
                 Revision 830230c89e8502140776474d85142c9be6fe373a

  Machine:          Darwin-16.4.0-x86_64
  User:             ChongPen@Chong-MacBook-Pro.local
  Start Time:       Tue Feb  7 21:02:06 2017 UTC
  Default World:    1 MPI process

  Input KeyVal (format=JSON):
{
    "units": "2010CODATA",
    "property": {
        "type": "GFRealPole",
        "precision": "1.0e-6",
        "target": "1",
        "wfn": "$:wfn"
    },
    "molecule": {
        "file_name": "h2o.xyz",
        "sort_input": "true",
        "charge": "0"
    },
    "basis": {
        "name": "6-31G",
        "molecule": "$:molecule"
    },
    "df_basis": {
        "name": "cc-pVDZ",
        "molecule": "$:molecule"
    },
    "aux_basis": {
        "name": "aug-cc-pVDZ",
        "molecule": "$:molecule"
    },
    "wfn_world": {
        "type": "WfnWorld",
        "molecule": "$:molecule",
        "basis": "$:basis",
        "df_basis": "$:df_basis",
        "aux_basis": "$:aux_basis"
    },
    "scf": {
        "type": "RI-RHF",
        "molecule": "$:molecule",
        "wfn_world": "$:wfn_world"
    },
    "wfn": {
        "type": "GF2F12",
        "molecule": "$:molecule",
        "wfn_world": "$:wfn_world",
        "ref": "$:scf",
        "occ_block_size": "8",
        "unocc_block_size": "32",
        "use_cabs": "true",
        "dyson_method": "diagonal"
    }
}

  Using fundamental constants system 2010CODATA


 Warning! "n_cluster" is not set in Molecule input! This might affect parallel performance! 

OBS Basis Trange 
( tiles = [ 0, 3 ), elements = [ 0, 13 ) )
Min and Max block size: 2 9
Average: 4

DF Basis Trange 
( tiles = [ 0, 3 ), elements = [ 0, 24 ) )
Min and Max block size: 5 14
Average: 8

AUX Basis Trange 
( tiles = [ 0, 3 ), elements = [ 0, 41 ) )
Min and Max block size: 9 23
Average: 13

F12 Correlation Factor: 1.2
NFunction: 6
F12 Exponent Coefficient
0.275538292852111 -0.219608292433235
1.14054587281001 -0.254494187254619
3.95825704098655 -0.154545984659827
13.1268593572779 -0.0932731180834838
49.287411973863 -0.0579166932058872
272.920103180447 -0.0359421673060257

Screen: 
Precision: 2.22044604925031e-16

F12 Correlation Factor: 1.2
NFunction: 6
F12 Exponent Coefficient
0.275538292852111 -0.219608292433235
1.14054587281001 -0.254494187254619
3.95825704098655 -0.154545984659827
13.1268593572779 -0.0932731180834838
49.287411973863 -0.0579166932058872
272.920103180447 -0.0359421673060257

Screen: 
Precision: 2.22044604925031e-16

Computed One Body Integral: < κ | λ > Size: 1.25914812088013e-06 GB Time: 0.001308519 s
Computed One Body Integral: < κ |V| λ > Size: 1.25914812088013e-06 GB Time: 0.00329793 s
Computed One Body Integral: < κ |T| λ > Size: 1.25914812088013e-06 GB Time: 0.000291219 s
Computed One Body Integral: < κ |H| λ > Size: 1.25914812088013e-06 GB Time: 0.000235152 s
Computed Twobody Two Center Integral: ( Κ |G| Λ ) Size: 4.29153442382812e-06 GB Time: 0.284733981 s
Computed Twobody Three Center Integral: ( Κ |G| κ λ ) Size: 3.0219554901123e-05 GB Time: 0.415666655 s
overlap condition number = 50.5531878082312Starting SCF:
	Threshold: 1e-08
	Maximum number of iterations: 30
iteration: 0
	Energy: -76.172009821117
	abs(Energy Change)/energy: 0.00365736590796118
	(Gradient Norm)/n^2: 0.00233094621894018
	Scf Time: 0.006696454
		Density Time: 0.002333011
		Fock Build Time: 0.003003675
		DF Fock builder:
			W time: 0.000758537
			J time: 0.000682988
			K time: 0.00085735
			Total exchange time: 0.001615887
iteration: 1
	Energy: -76.214075728678
	abs(Energy Change)/energy: 0.000551944075405174
	(Gradient Norm)/n^2: 0.00111729007317875
	Scf Time: 0.006947528
		Density Time: 0.002409558
		Fock Build Time: 0.002939138
		DF Fock builder:
			W time: 0.000754238
			J time: 0.000676855
			K time: 0.000855767
			Total exchange time: 0.001610005
iteration: 2
	Energy: -76.223908152774
	abs(Energy Change)/energy: 0.000128993964418199
	(Gradient Norm)/n^2: 0.000143551463877713
	Scf Time: 0.007003688
		Density Time: 0.002345414
		Fock Build Time: 0.002933681
		DF Fock builder:
			W time: 0.000727876
			J time: 0.000702924
			K time: 0.000846704
			Total exchange time: 0.00157458
iteration: 3
	Energy: -76.2241794040672
	abs(Energy Change)/energy: 3.55859906029762e-06
	(Gradient Norm)/n^2: 2.0875807318836e-05
	Scf Time: 0.007230684
		Density Time: 0.002335418
		Fock Build Time: 0.002926109
		DF Fock builder:
			W time: 0.0007319
			J time: 0.000695865
			K time: 0.000858522
			Total exchange time: 0.001590422
iteration: 4
	Energy: -76.2241830588952
	abs(Energy Change)/energy: 4.79484045241164e-08
	(Gradient Norm)/n^2: 1.52468495841676e-06
	Scf Time: 0.007600431
		Density Time: 0.002475466
		Fock Build Time: 0.002909781
		DF Fock builder:
			W time: 0.000746985
			J time: 0.000695492
			K time: 0.000818525
			Total exchange time: 0.00156551
iteration: 5
	Energy: -76.2241830968484
	abs(Energy Change)/energy: 4.97915280181522e-10
	(Gradient Norm)/n^2: 2.57160622468075e-07
	Scf Time: 0.007587356
		Density Time: 0.002461477
		Fock Build Time: 0.002879536
		DF Fock builder:
			W time: 0.000741766
			J time: 0.000653212
			K time: 0.000816747
			Total exchange time: 0.001558513
iteration: 6
	Energy: -76.2241830985435
	abs(Energy Change)/energy: 2.22385247579758e-11
	(Gradient Norm)/n^2: 8.13417220404737e-08
	Scf Time: 0.007471432
		Density Time: 0.002323306
		Fock Build Time: 0.002911568
		DF Fock builder:
			W time: 0.000739197
			J time: 0.000698605
			K time: 0.000842023
			Total exchange time: 0.00158122
iteration: 7
	Energy: -76.224183098705
	abs(Energy Change)/energy: 2.11808790669943e-12
	(Gradient Norm)/n^2: 5.8948314315784e-09
	Scf Time: 0.008078069
		Density Time: 0.002549659
		Fock Build Time: 0.003236955
		DF Fock builder:
			W time: 0.000747137
			J time: 0.000662711
			K time: 0.001179002
			Total exchange time: 0.001926139
  Frozen Core: 2 electrons
  OccBlockSize: 8
  UnoccBlockSize: 32
Occ Trange 
( tiles = [ 0, 1 ), elements = [ 0, 5 ) )
Min and Max block size: 5 5
Average: 5

CorrOcc Trange 
( tiles = [ 0, 1 ), elements = [ 0, 4 ) )
Min and Max block size: 4 4
Average: 4

Vir Trange 
( tiles = [ 0, 1 ), elements = [ 0, 8 ) )
Min and Max block size: 8 8
Average: 8

Obs Trange 
( tiles = [ 0, 1 ), elements = [ 0, 13 ) )
Min and Max block size: 13 13
Average: 13

closed-shell OBS MO Build Time: 0.000449964 S

Building ClosedShell CABS MO Orbital
RI Basis Trange 
( tiles = [ 0, 6 ), elements = [ 0, 54 ) )
Min and Max block size: 2 23
Average: 9

Computed One Body Integral: < ρ | σ >[inv_sqr] Size: 2.17258930206299e-05 GB Time: 0.000819722 s
Inverse Square Root Time: 0.012226963 s
Computed One Body Integral: < μ | σ > Size: 5.23030757904053e-06 GB Time: 0.00049373 s
Computed One Body Integral: < κ | λ >[inv_sqr] Size: 1.25914812088013e-06 GB Time: 0.000296064 s
Inverse Square Root Time: 0.000702931 s
CABS MO Trange 
( tiles = [ 0, 1 ), elements = [ 0, 41 ) )
Min and Max block size: 41 41
Average: 41

RIBS MO Trange 
( tiles = [ 0, 2 ), elements = [ 0, 54 ) )
Min and Max block size: 22 32
Average: 27

All Virtual MO Trange 
( tiles = [ 0, 1 ), elements = [ 0, 49 ) )
Min and Max block size: 49 49
Average: 49

ClosedShell CABS MO Build Time: 0.019810578 S
orbital = 1 method = diagonal cabs = 1
Retrieved AO Integral: < κ0 |F| κ1 >[df] Size: 1.25914812088013e-06 GB
Transformed LCAO Integral: < p |F| q >[df] Size: 1.25914812088013e-06 GB Time: 0.000649967 s
Retrieved AO Integral: ( Κ |G| κ κ ) Size: 3.0219554901123e-05 GB
Transformed LCAO Integral: ( Κ |G| κ i ) Size: 9.29832458496094e-06 GB Time: 0.00030472 s
Transformed LCAO Integral: ( Κ |G| a i ) Size: 5.7220458984375e-06 GB Time: 0.000233986 s
Retrieved AO Integral: ( Κ |G| κ κ ) Size: 3.0219554901123e-05 GB
Transformed LCAO Integral: ( Κ |G| κ x ) Size: 2.32458114624023e-06 GB Time: 0.000304268 s
Transformed LCAO Integral: ( Κ |G| b x ) Size: 1.43051147460938e-06 GB Time: 0.000235013 s
Computed Twobody Two Center Integral: ( Κ |G| Λ )[inv] Size: 4.29153442382812e-06 GB Time: 0.00048483 s
Inverse Time: 0.001028706 s
Transformed LCAO Integral: < a b |G| i x >[df] Size: 1.9073486328125e-06 GB Time: 0.000408296 s
Permuted LCAO Integral: ( Κ |G| i a ) From ( Κ |G| a i ) Size: 5.7220458984375e-06 GB  Time: 7.1082e-05 s
Removed from Registry: ( Κ |G| a i )
Retrieved LCAO Integral: ( Κ |G| κ x ) Size: 2.32458114624023e-06 GB
Transformed LCAO Integral: ( Κ |G| j x ) Size: 7.15255737304688e-07 GB Time: 0.000244949 s
Retrieved AO Integral: ( Κ |G| Λ )[inv] Size: 4.29153442382812e-06 GB
Transformed LCAO Integral: < i j |G| a x >[df] Size: 9.5367431640625e-07 GB Time: 0.000278601 s
Iter     SE2(in)     SE2(out)   SE2(delta)
==== =========== =========== ===========
   0     0.2007     0.1856    -0.0150
   1     0.1856     0.1859     0.0003
   2     0.1859     0.1859    -0.0000
   3     0.1859     0.1859     0.0000
Removed from Registry: < a b |G| i x >[df]
Removed from Registry: < i j |G| a x >[df]
Compute V(i,x,j,y) and V(i,x,y,j) DF=1
Computed Twobody Three Center Integral: ( Κ |GR| κ κ ) Size: 3.0219554901123e-05 GB Time: 0.010074042 s
Transformed LCAO Integral: ( Κ |GR| κ j ) Size: 9.29832458496094e-06 GB Time: 0.000336952 s
Transformed LCAO Integral: ( Κ |GR| i j ) Size: 2.86102294921875e-06 GB Time: 0.000242093 s
Computed Twobody Two Center Integral: ( Κ |GR| Λ )[inv] Size: 4.29153442382812e-06 GB Time: 0.00084764 s
Inverse Time: 0.001217712 s
Retrieved AO Integral: ( Λ |GR| κ κ ) Size: 3.0219554901123e-05 GB
Transformed LCAO Integral: ( Λ |GR| κ y ) Size: 2.32458114624023e-06 GB Time: 0.000297679 s
Transformed LCAO Integral: ( Λ |GR| x y ) Size: 1.78813934326172e-07 GB Time: 0.000237068 s
Retrieved LCAO Integral: ( Κ |GR| κ y ) Size: 2.32458114624023e-06 GB
Transformed LCAO Integral: ( Κ |GR| i y ) Size: 7.15255737304688e-07 GB Time: 0.000226488 s
Retrieved LCAO Integral: ( Λ |GR| j x ) Size: 7.15255737304688e-07 GB
Removed from Registry: ( Λ |GR| κ y )
Removed from Registry: ( Κ |GR| κ j )
Removed from Registry: ( Λ |GR| x y )
Removed from Registry: ( Κ |GR| i y )
Removed from Registry: ( Κ |GR| i j )
Removed from Registry: ( Κ |GR| κ κ )
Removed from Registry: ( Κ |GR| Λ )[inv]
V Term1 Time: 0.001090743 S
Computed Twobody Three Center Integral: ( Κ |R| κ κ ) Size: 3.0219554901123e-05 GB Time: 0.002866199 s
Transformed LCAO Integral: ( Κ |R| i κ ) Size: 9.29832458496094e-06 GB Time: 0.000370498 s
Transformed LCAO Integral: ( Κ |R| i p0 ) Size: 9.29832458496094e-06 GB Time: 0.000307441 s
Retrieved AO Integral: ( Κ |R| κ κ ) Size: 3.0219554901123e-05 GB
Transformed LCAO Integral: ( Κ |R| x κ ) Size: 2.32458114624023e-06 GB Time: 0.000360291 s
Transformed LCAO Integral: ( Κ |R| x q0 ) Size: 2.32458114624023e-06 GB Time: 0.000518647 s
Computed Twobody Two Center Integral: ( Κ |R| Λ )[inv] Size: 4.29153442382812e-06 GB Time: 0.000626455 s
Inverse Time: 0.001198264 s
Transformed LCAO Integral: < i x |R| p0 q0 >[df] Size: 5.03659248352051e-06 GB Time: 0.000438643 s
Permuted LCAO Integral: ( Κ |G| j κ ) From ( Κ |G| κ j ) Size: 9.29832458496094e-06 GB  Time: 9.7905e-05 s
Removed from Registry: ( Κ |G| κ i )
Transformed LCAO Integral: ( Κ |G| j p0 ) Size: 9.29832458496094e-06 GB Time: 0.000339164 s
Permuted LCAO Integral: ( Κ |G| y κ ) From ( Κ |G| κ y ) Size: 2.32458114624023e-06 GB  Time: 9.9543e-05 s
Removed from Registry: ( Κ |G| κ x )
Transformed LCAO Integral: ( Κ |G| y q0 ) Size: 2.32458114624023e-06 GB Time: 0.00031178 s
Retrieved AO Integral: ( Κ |G| Λ )[inv] Size: 4.29153442382812e-06 GB
Transformed LCAO Integral: < j y |G| p0 q0 >[df] Size: 5.03659248352051e-06 GB Time: 0.00043227 s
Permuted LCAO Integral: < y j |G| p0 q0 >[df] From < j y |G| q0 p0 >[df] Size: 5.03659248352051e-06 GB  Time: 0.000123011 s
Removed from Registry: < j y |G| p0 q0 >[df]
V Term2 Time: 0.000957719 S
Retrieved LCAO Integral: ( Κ |R| i κ ) Size: 9.29832458496094e-06 GB
Transformed LCAO Integral: ( Κ |R| i m0 ) Size: 3.57627868652344e-06 GB Time: 0.000207942 s
Computed Twobody Three Center Integral: ( Κ |R| κ ρ ) Size: 0.000125527381896973 GB Time: 0.005302884 s
Transformed LCAO Integral: ( Κ |R| x ρ ) Size: 9.65595245361328e-06 GB Time: 0.000545854 s
Transformed LCAO Integral: ( Κ |R| x a'0 ) Size: 7.33137130737305e-06 GB Time: 0.000277163 s
Retrieved AO Integral: ( Κ |R| Λ )[inv] Size: 4.29153442382812e-06 GB
Transformed LCAO Integral: < i x |R| m0 a'0 >[df] Size: 6.10947608947754e-06 GB Time: 0.000354942 s
Retrieved LCAO Integral: ( Κ |G| j κ ) Size: 9.29832458496094e-06 GB
Transformed LCAO Integral: ( Κ |G| j m0 ) Size: 3.57627868652344e-06 GB Time: 0.000203155 s
Computed Twobody Three Center Integral: ( Κ |G| κ ρ ) Size: 0.000125527381896973 GB Time: 0.004519357 s
Transformed LCAO Integral: ( Κ |G| y ρ ) Size: 9.65595245361328e-06 GB Time: 0.0005642 s
Transformed LCAO Integral: ( Κ |G| y a'0 ) Size: 7.33137130737305e-06 GB Time: 0.000279463 s
Retrieved AO Integral: ( Κ |G| Λ )[inv] Size: 4.29153442382812e-06 GB
Transformed LCAO Integral: < j y |G| m0 a'0 >[df] Size: 6.10947608947754e-06 GB Time: 0.000317515 s
Retrieved LCAO Integral: ( Κ |R| x κ ) Size: 2.32458114624023e-06 GB
Transformed LCAO Integral: ( Κ |R| x m0 ) Size: 8.94069671630859e-07 GB Time: 0.000228267 s
Retrieved AO Integral: ( Κ |R| κ ρ ) Size: 0.000125527381896973 GB
Transformed LCAO Integral: ( Κ |R| i ρ ) Size: 3.86238098144531e-05 GB Time: 0.000568458 s
Transformed LCAO Integral: ( Κ |R| i a'0 ) Size: 2.93254852294922e-05 GB Time: 0.000294846 s
Retrieved AO Integral: ( Κ |R| Λ )[inv] Size: 4.29153442382812e-06 GB
Transformed LCAO Integral: < x i |R| m0 a'0 >[df] Size: 6.10947608947754e-06 GB Time: 0.00028482 s
Retrieved LCAO Integral: ( Κ |G| y κ ) Size: 2.32458114624023e-06 GB
Transformed LCAO Integral: ( Κ |G| y m0 ) Size: 8.94069671630859e-07 GB Time: 0.000203401 s
Retrieved AO Integral: ( Κ |G| κ ρ ) Size: 0.000125527381896973 GB
Transformed LCAO Integral: ( Κ |G| j ρ ) Size: 3.86238098144531e-05 GB Time: 0.000559527 s
Transformed LCAO Integral: ( Κ |G| j a'0 ) Size: 2.93254852294922e-05 GB Time: 0.000334472 s
Retrieved AO Integral: ( Κ |G| Λ )[inv] Size: 4.29153442382812e-06 GB
Transformed LCAO Integral: < y j |G| m0 a'0 >[df] Size: 6.10947608947754e-06 GB Time: 0.00037676 s
V Term3 Time: 0.000757361 S
V Total Time: 0.046999107 S
Computed Identity: < i |I| j > Size: 1.19209289550781e-07 GB Time: 0.00012476 s
Removed from Registry: ( Κ |R| x ρ )
Removed from Registry: ( Κ |R| x κ )
Removed from Registry: ( Κ |R| x m0 )
Removed from Registry: ( Κ |R| x q0 )
Removed from Registry: ( Κ |R| x a'0 )
Removed from Registry: ( Κ |R| i ρ )
Removed from Registry: ( Κ |R| i κ )
Removed from Registry: ( Κ |R| i m0 )
Removed from Registry: ( Κ |R| i p0 )
Removed from Registry: ( Κ |R| i a'0 )
Removed from Registry: < x i |R| m0 a'0 >[df]
Removed from Registry: < i x |R| m0 a'0 >[df]
Removed from Registry: < i x |R| p0 q0 >[df]
Removed from Registry: ( Κ |R| κ ρ )
Removed from Registry: ( Κ |R| κ κ )
Removed from Registry: ( Κ |R| Λ )[inv]
Removed from Registry: ( Κ |G| y a'0 )
Removed from Registry: ( Κ |G| j a'0 )
Removed from Registry: < y j |G| m0 a'0 >[df]
Removed from Registry: < j y |G| m0 a'0 >[df]
Removed from Registry: ( Κ |G| y ρ )
Removed from Registry: ( Κ |G| j ρ )
Removed from Registry: < μ | σ >
Removed from Registry: < ρ | σ >[inv_sqr]
Removed from Registry: ( Κ |G| κ ρ )
final       GF2    EA1 =       5.058 eV (    0.1859 a.u.)
final GF2-F12-V    EA1 =       4.708 eV (    0.1730 a.u.)
WARNING: non-strongly-orthogonal F12 projector is used for the F12 correction to EA!!! 
Total GF2F12 Time:  0.056551638 S
  Output KeyVal (format=JSON):
{
    "units": "2010CODATA",
    "property": {
        "type": "GFRealPole",
        "precision": "1.0e-6",
        "target": "1",
        "wfn": "$:wfn",
        "value": {
            "value": "0.18589101209376846"
        }
    },
    "molecule": {
        "file_name": "h2o.xyz",
        "sort_input": "true",
        "charge": "0"
    },
    "basis": {
        "name": "6-31G",
        "molecule": "$:molecule"
    },
    "df_basis": {
        "name": "cc-pVDZ",
        "molecule": "$:molecule"
    },
    "aux_basis": {
        "name": "aug-cc-pVDZ",
        "molecule": "$:molecule"
    },
    "wfn_world": {
        "type": "WfnWorld",
        "molecule": "$:molecule",
        "basis": "$:basis",
        "df_basis": "$:df_basis",
        "aux_basis": "$:aux_basis"
    },
    "scf": {
        "type": "RI-RHF",
        "molecule": "$:molecule",
        "wfn_world": "$:wfn_world"
    },
    "wfn": {
        "type": "GF2F12",
        "molecule": "$:molecule",
        "wfn_world": "$:wfn_world",
        "ref": "$:scf",
        "occ_block_size": "8",
        "unocc_block_size": "32",
        "use_cabs": "true",
        "dyson_method": "diagonal"
    }
}

