MADNESS runtime initialized with 7 threads in the pool and affinity -1 -1 -1

                 MPQC4: Massively Parallel Quantum Chemistry (v4)
                                Version 4.0.0-alpha
                 Revision bdfee3a188809633ea40b1533305fc6fb2c4cb39

  Machine:          Darwin-17.5.0-x86_64
  User:             karlpier@Karls-MacBook-Pro.local
  Start Time:       Tue Apr 24 20:49:03 2018 UTC
  Default World:    1 MPI process

  Input KeyVal (format=JSON):
{
    "units": "2010CODATA",
    "atoms": {
        "file_name": "h2o.xyz",
        "sort_input": "true",
        "charge": "0",
        "n_cluster": "1",
        "reblock": "4"
    },
    "obs": {
        "name": "6-31G",
        "atoms": "$:atoms"
    },
    "dfbs": {
        "name": "cc-pVDZ",
        "atoms": "$:atoms"
    },
    "wfn_world": {
        "atoms": "$:atoms",
        "basis": "$:obs",
        "df_basis": "$:dfbs",
        "screen": "schwarz"
    },
    "scf": {
        "type": "RI-RHF",
        "wfn_world": "$:wfn_world"
    },
    "wfn": {
        "type": "CCSD",
        "wfn_world": "$:wfn_world",
        "atoms": "$:atoms",
        "ref": "$:scf",
        "method": "df",
        "reduced_abcd_memory": "false",
        "cp_ccsd": "true",
        "occ_block_size": "2",
        "unocc_block_size": "2"
    },
    "property": {
        "type": "Energy",
        "precision": "1e-11",
        "wfn": "$:wfn"
    }
}

  Using fundamental constants system 2010CODATA

Constructing Basis Registry: 
OBS Basis = 6-31G
( tiles = [ 0, 1 ), elements = [ 0, 13 ) )
Min and Max block size: 13 13
Average: 13

DF Basis = cc-pVDZ
( tiles = [ 0, 1 ), elements = [ 0, 24 ) )
Min and Max block size: 24 24
Average: 24


Constructing AOFactory: 
  Screen = schwarz
  ScreenThreshold = 1e-12
  Precision = 2.22044604925031e-16
  Iterative inverse = false


Constructing LCAOFactory: 
  Keep partial transform = true
  Accurate time = false
  Verbose = false


	 Using Symmetric Orthogonalization. 
	 S Condition Number Threshold: 100000000
	 Overlap condition number = 50.5531878082312

Starting SCF:
	Threshold: 1e-13
	Maximum number of iterations: 30
iteration: 0
	Energy: -76.172009821117
	abs(Energy Change): 0.278588911860453
	(Gradient Norm)/n^2: 0.00233094621893437
	Scf Time: 0.002641773
		Density Time: 0.00114297
		Fock Build Time: 0.001050425
		DF Fock builder:
			W time: 0.000195723
			J time: 0.000357007
			K time: 0.000242688
			Total exchange time: 0.000438411
iteration: 1
	Energy: -76.2140757286776
	abs(Energy Change): 0.0420659075606835
	(Gradient Norm)/n^2: 0.0011172900731778
	Scf Time: 0.002569135
		Density Time: 0.000927148
		Fock Build Time: 0.000863916
		DF Fock builder:
			W time: 0.000220009
			J time: 0.000271843
			K time: 0.000171423
			Total exchange time: 0.000391432
iteration: 2
	Energy: -76.2239081527738
	abs(Energy Change): 0.00983242409616025
	(Gradient Norm)/n^2: 0.000143551463877299
	Scf Time: 0.002608087
		Density Time: 0.00099322
		Fock Build Time: 0.000833239
		DF Fock builder:
			W time: 0.00020979
			J time: 0.000271042
			K time: 0.000203083
			Total exchange time: 0.000412873
iteration: 3
	Energy: -76.224179404067
	abs(Energy Change): 0.000271251293213481
	(Gradient Norm)/n^2: 2.08758073190482e-05
	Scf Time: 0.002611801
		Density Time: 0.000909832
		Fock Build Time: 0.000806024
		DF Fock builder:
			W time: 0.00020214
			J time: 0.000266724
			K time: 0.00013774
			Total exchange time: 0.00033988
iteration: 4
	Energy: -76.2241830588949
	abs(Energy Change): 3.65482790698479e-06
	(Gradient Norm)/n^2: 1.5246849583975e-06
	Scf Time: 0.002672069
		Density Time: 0.000841027
		Fock Build Time: 0.000763643
		DF Fock builder:
			W time: 0.000131121
			J time: 0.00025848
			K time: 0.000179856
			Total exchange time: 0.000310977
iteration: 5
	Energy: -76.2241830968481
	abs(Energy Change): 3.79531570615654e-08
	(Gradient Norm)/n^2: 2.57160622433765e-07
	Scf Time: 0.00256353
		Density Time: 0.000817108
		Fock Build Time: 0.000873452
		DF Fock builder:
			W time: 0.000287091
			J time: 0.000226413
			K time: 0.000135201
			Total exchange time: 0.000422292
iteration: 6
	Energy: -76.2241830985432
	abs(Energy Change): 1.69511338299344e-09
	(Gradient Norm)/n^2: 8.13417220742875e-08
	Scf Time: 0.002448626
		Density Time: 0.000795823
		Fock Build Time: 0.00084026
		DF Fock builder:
			W time: 0.000183486
			J time: 0.000248548
			K time: 0.00021741
			Total exchange time: 0.000400896
iteration: 7
	Energy: -76.2241830987047
	abs(Energy Change): 1.61463731274125e-10
	(Gradient Norm)/n^2: 5.89483141681809e-09
	Scf Time: 0.002406805
		Density Time: 0.000798058
		Fock Build Time: 0.000700025
		DF Fock builder:
			W time: 0.000150942
			J time: 0.000221226
			K time: 0.000180289
			Total exchange time: 0.000331231
iteration: 8
	Energy: -76.2241830987056
	abs(Energy Change): 9.37916411203332e-13
	(Gradient Norm)/n^2: 1.523331897863e-09
	Scf Time: 0.002610068
		Density Time: 0.000783596
		Fock Build Time: 0.000834071
		DF Fock builder:
			W time: 0.000211436
			J time: 0.000225804
			K time: 0.000169276
			Total exchange time: 0.000380712
iteration: 9
	Energy: -76.2241830987057
	abs(Energy Change): 8.5265128291212e-14
	(Gradient Norm)/n^2: 3.29602077124635e-10
	Scf Time: 0.002229399
		Density Time: 0.000748361
		Fock Build Time: 0.000731748
		DF Fock builder:
			W time: 0.000188549
			J time: 0.000208153
			K time: 0.000134028
			Total exchange time: 0.000322577
iteration: 10
	Energy: -76.2241830987057
	abs(Energy Change): 5.6843418860808e-14
	(Gradient Norm)/n^2: 9.18506910946286e-11
	Scf Time: 0.002269156
		Density Time: 0.000701139
		Fock Build Time: 0.000675044
		DF Fock builder:
			W time: 0.000179027
			J time: 0.000203583
			K time: 0.000158572
			Total exchange time: 0.000337599
iteration: 11
	Energy: -76.2241830987057
	abs(Energy Change): 0
	(Gradient Norm)/n^2: 1.28132933916089e-11
	Scf Time: 0.002303946
		Density Time: 0.000835906
		Fock Build Time: 0.000754395
		DF Fock builder:
			W time: 0.00017492
			J time: 0.000252142
			K time: 0.000172374
			Total exchange time: 0.000347294
iteration: 12
	Energy: -76.2241830987056
	abs(Energy Change): 1.84741111297626e-13
	(Gradient Norm)/n^2: 4.55484957611212e-12
	Scf Time: 0.002141295
		Density Time: 0.000687695
		Fock Build Time: 0.00069198
		DF Fock builder:
			W time: 0.000137616
			J time: 0.000210712
			K time: 0.000200158
			Total exchange time: 0.000337774
iteration: 13
	Energy: -76.2241830987056
	abs(Energy Change): 7.105427357601e-14
	(Gradient Norm)/n^2: 1.63451480182595e-12
	Scf Time: 0.002064066
		Density Time: 0.00074956
		Fock Build Time: 0.000672115
		DF Fock builder:
			W time: 0.000131472
			J time: 0.000221513
			K time: 0.000175524
			Total exchange time: 0.000306996
iteration: 14
	Energy: -76.2241830987055
	abs(Energy Change): 1.27897692436818e-13
	(Gradient Norm)/n^2: 8.10774026621537e-13
	Scf Time: 0.002455731
		Density Time: 0.000847081
		Fock Build Time: 0.000782916
		DF Fock builder:
			W time: 0.000130845
			J time: 0.000297614
			K time: 0.000208124
			Total exchange time: 0.000338969
iteration: 15
	Energy: -76.2241830987056
	abs(Energy Change): 8.5265128291212e-14
	(Gradient Norm)/n^2: 3.50866327082422e-13
	Scf Time: 0.002366194
		Density Time: 0.000874441
		Fock Build Time: 0.000748556
		DF Fock builder:
			W time: 0.000170378
			J time: 0.000261211
			K time: 0.00015747
			Total exchange time: 0.000327848
iteration: 16
	Energy: -76.2241830987057
	abs(Energy Change): 8.5265128291212e-14
	(Gradient Norm)/n^2: 2.01289638449488e-13
	Scf Time: 0.002172608
		Density Time: 0.000800417
		Fock Build Time: 0.000708777
		DF Fock builder:
			W time: 0.000196588
			J time: 0.000214648
			K time: 0.000132407
			Total exchange time: 0.000328995
iteration: 17
	Energy: -76.2241830987056
	abs(Energy Change): 7.105427357601e-14
	(Gradient Norm)/n^2: 9.78765428001022e-14
	Scf Time: 0.002507214
		Density Time: 0.000924221
		Fock Build Time: 0.000733578
		DF Fock builder:
			W time: 0.000160976
			J time: 0.000250313
			K time: 0.000170082
			Total exchange time: 0.000331058
  Frozen Core: 2 electrons
Occ Range
( tiles = [ 0, 3 ), elements = [ 0, 5 ) )
Min and Max block size: 1 2
Average: 1

ActiveOcc Range
( tiles = [ 0, 2 ), elements = [ 0, 4 ) )
Min and Max block size: 2 2
Average: 2

Unocc Range
( tiles = [ 0, 4 ), elements = [ 0, 8 ) )
Min and Max block size: 2 2
Average: 2

Obs Range
( tiles = [ 0, 7 ), elements = [ 0, 13 ) )
Min and Max block size: 1 2
Average: 1

Use DF CCSD Compute 
Integral Prepare Time: 0.019943346
Start Iteration
Max Iteration: 30
Target precision: 1e-11
AccurateTime: 0
Verbose: 0
Reduced ABCD Memory Approach: No
  iter 	     deltaE 	   residual 	          energy 	 total time/s 
    1 	 1.18570e-01 	 7.04500e-05 	 -0.118569999097 	        0.0 
    2 	 2.71721e-03 	 2.26669e-05 	 -0.121287207904 	        0.0 
    3 	 2.76292e-04 	 3.55500e-06 	 -0.121563500285 	        0.0 
    4 	 6.50377e-06 	 8.76395e-07 	 -0.121570004051 	        0.0 
    5 	 5.40672e-07 	 2.20276e-07 	 -0.121570544724 	        0.0 
    6 	 1.46221e-07 	 7.12744e-08 	 -0.121570398503 	        0.0 
    7 	 7.11966e-08 	 1.49655e-08 	 -0.121570327306 	        0.0 
    8 	 1.86857e-08 	 3.63383e-09 	 -0.121570308620 	        0.0 
    9 	 9.83799e-10 	 6.10416e-10 	 -0.121570307637 	        0.0 
   10 	 1.06966e-11 	 1.64935e-10 	 -0.121570307647 	        0.0 
   11 	 2.01992e-10 	 2.22121e-11 	 -0.121570307445 	        0.0 
   12 	 8.11949e-12 	 8.99043e-12 	 -0.121570307437 	        0.0 
CCSD Energy  -0.121570307437219
CCSD Time in CCSD: 0.421123121 S
  Output KeyVal (format=JSON):
{
    "units": "2010CODATA",
    "atoms": {
        "file_name": "h2o.xyz",
        "sort_input": "true",
        "charge": "0",
        "n_cluster": "1",
        "reblock": "4"
    },
    "obs": {
        "name": "6-31G",
        "atoms": "$:atoms"
    },
    "dfbs": {
        "name": "cc-pVDZ",
        "atoms": "$:atoms"
    },
    "wfn_world": {
        "atoms": "$:atoms",
        "basis": "$:obs",
        "df_basis": "$:dfbs",
        "screen": "schwarz"
    },
    "scf": {
        "type": "RI-RHF",
        "wfn_world": "$:wfn_world"
    },
    "wfn": {
        "type": "CCSD",
        "wfn_world": "$:wfn_world",
        "atoms": "$:atoms",
        "ref": "$:scf",
        "method": "df",
        "reduced_abcd_memory": "false",
        "cp_ccsd": "true",
        "occ_block_size": "2",
        "unocc_block_size": "2"
    },
    "property": {
        "type": "Energy",
        "precision": "1e-11",
        "wfn": "$:wfn",
        "value": {
            "value": "-76.345753406142819"
        }
    }
}

