MADNESS runtime initialized with 0 threads in the pool and affinity -1 -1 -1

                 MPQC4: Massively Parallel Quantum Chemistry (v4)
                                Version 4.0.0-alpha
                 Revision 600432e058778275f11d95af62c1f6efe43504e2

  Machine:          Darwin-17.4.0-x86_64
  User:             xiaowang@Xiaos-MacBook-Pro.local
  Start Time:       Sat Mar  3 21:16:20 2018 UTC
  Default World:    1 MPI process

  Input KeyVal (format=JSON):
{
    "units": "2006CODATA",
    "unitcell": {
        "charge": "0",
        "file_name": "hf.xyz",
        "sort_input": "false",
        "n_cluster": "1",
        "lattice_param": [
            "0.0",
            "0.0",
            "2.672359"
        ]
    },
    "basis": {
        "name": "sto-3g",
        "atoms": "$:unitcell"
    },
    "dfbs": {
        "name": "cc-pvdz",
        "atoms": "$:unitcell"
    },
    "wfn_world": {
        "atoms": "$:unitcell",
        "basis": "$:basis",
        "df_basis": "$:dfbs",
        "screen": "schwarz",
        "threshold": "1.0e-20",
        "shell_pair_threshold": "1.0e-12",
        "density_threshold": "1e-10",
        "rmax": [
            "0",
            "0",
            "10"
        ],
        "rjmax": [
            "0",
            "0",
            "300"
        ],
        "rdmax": [
            "0",
            "0",
            "10"
        ]
    },
    "wfn": {
        "type": "MA-FourCenter-zRHF",
        "atoms": "$:unitcell",
        "wfn_world": "$:wfn_world",
        "max_iter": "50",
        "soad_guess": "true",
        "print_detail": "true",
        "max_condition_num": "1e8",
        "diis": "gamma_point",
        "ma_energy_threshold": "1e-9",
        "ma_well_separateness": "3.0",
        "ma_extent_threshold": "1e-6",
        "ma_extent_small_value": "0.01",
        "k_points": [
            "1",
            "1",
            "21"
        ]
    },
    "property": {
        "type": "Energy",
        "wfn": "$:wfn",
        "precision": "1.0e-9"
    }
}

  Using fundamental constants system 2006CODATA

Constructing Basis Registry: 
OBS Basis = sto-3g
( tiles = [ 0, 1 ), elements = [ 0, 6 ) )
Min and Max block size: 6 6
Average: 6

DF Basis = cc-pvdz
( tiles = [ 0, 1 ), elements = [ 0, 19 ) )
Min and Max block size: 19 19
Average: 19

  Engine precision = 2.22044604925031e-16
  Non-negligible shell-pair threshold = 1e-12
  Density sparse threshold = 1e-10

User specified range of lattice sum for |mu nu_R) =  0  0 10
Updated range of lattice sum for |mu nu_R) = 0 0 3

Crystal dimensionality : 1

Multipole approximation thresholds:
	energy threshold = 1e-09
	well-separateness criterion = 3
	primitive pair extent threshold = 1e-06
	primitive pair extent small value = 0.01

Computing Two Center Integral for Periodic System: < κ |O| λ >
 Size: 8.23438167572021e-05 GB

The boundary of Crystal Far Field is  0  0 19

MA init time decomposition:
	basis pair ctor:          0.000286041 s
	multipole ints:           0.004585026 s
	CFF boundary:             0.001473496 s
	nuclear multipole + misc: 8.037e-05 s

The boundary of Crystal Near Field is  0  0 18

Init MA time:            0.006556388 s

Init Four-Center-J time: 0.022881894 s

Init Four-Center-K time: 0.00324636 s


PeriodicAOFactory computational parameters:
	R_max (range of expansion of Bloch Gaussians in AO Gaussians): [0 0 3]
	Rj_max (range of Coulomb operation): [ 0  0 18]
	Rd_max (Range of density representation): [ 0  0 10]

Molecule info:
	C.O.M:                 0                 0 0.773355050269357
	Mass: 20.00622819493

Elements:
	AtomBasedCluster: {C. Of Mass:                 0                 0 0.773355050269357, elements: {AtomBasedCluster: {C. Of Mass:                 0                 0 0.773355050269357, elements: {Atom: {Z: 9, charge: 9, mass: 18.9984031627, pos:                 0                 0 0.860001134993326}, Atom: {Z: 1, charge: 1, mass: 1.00782503223, pos:                  0                  0 -0.860001134993326}}}}}

Unit cell info:
	Lattice parameters (in Bohr): [               0                0 5.05002663875214]

zRHF computational parameters:
  # of k points in each direction: [ 1  1 21]

Computing Two Center Integral for Periodic System: < κ |T| λ >
 Size: 1.8775463104248e-06 GB Time: 0.000407026 s

Computing Two Center Integral for Periodic System: < κ |V| λ >
 Time: 0.009164038 s

Computing Two Center Integral for Periodic System: < κ | λ >
 Size: 1.8775463104248e-06 GB Time: 0.000382154 s

Building Fock Matrix from SOAD Guess ...

Integrals per node:
  Ints for J on node(0): 75480
  Ints for K on node(0): 8650

Total PeriodicFourCenterFock builder time: 0.053673267

SOAD Time: 0.07120189 s

	overlap condition number = 4.07660191552014 at k = 0
	overlap condition number = 4.08377242520687 at k = 1
	overlap condition number = 4.09734570364458 at k = 2
	overlap condition number = 4.11597864236992 at k = 3
	overlap condition number = 4.1379836817618 at k = 4
	overlap condition number = 4.16148153668546 at k = 5
	overlap condition number = 4.18449044778334 at k = 6
	overlap condition number = 4.2050247946822 at k = 7
	overlap condition number = 4.22124422047437 at k = 8
	overlap condition number = 4.23164094220073 at k = 9
	overlap condition number = 4.23522211071973 at k = 10
	overlap condition number = 4.23164094220073 at k = 11
	overlap condition number = 4.22124422047437 at k = 12
	overlap condition number = 4.2050247946822 at k = 13
	overlap condition number = 4.18449044778334 at k = 14
	overlap condition number = 4.16148153668546 at k = 15
	overlap condition number = 4.1379836817618 at k = 16
	overlap condition number = 4.11597864236992 at k = 17
	overlap condition number = 4.09734570364458 at k = 18
	overlap condition number = 4.08377242520687 at k = 19
	overlap condition number = 4.07660191552014 at k = 20
Periodic RHF Init Time: 0.117805331 s

Nuclear Repulsion Energy: 74.994741937284

Iteration: 1

Multipole approximation is converged after spherical shell [216]

Coulomb energy contributed from CFF so far = -1.87899834534233e-05

MA time decomposition:
	O_elec = O_lm^μν D_μν: 0.010842805 s
	build/retrieve UCs:    0.000686849 s
	build/retrieve M:      0.002034552 s
	build L:               0.038526546 s
	build Fock (CFF):      0.005444204 s

Total MA builder time: 0.059054278 s

Integrals per node:
  Ints for J on node(0): 971324

Total PeriodicFourCenterFock builder time: 0.405267018

Truncating lattice range of density representation
	User specified lattice range =  0  0 10
	Updated lattice range = 0 0 9

Lattice range of density representation is changed. Update RD-dependent variables!

Integrals per node:
  Integrals on node(0): 75387

Total PeriodicFourCenterFock builder time: 0.037758196

zRHF Energy: -173.551515644015
Total Energy: -98.5567924967147
Delta(E): -173.551534433999
RMS(D): 0.000218684706171789
Fock Build Time: 0.50312733 s
Transform Fock (Real->Recip) Time: 0.00015281 s
Density Time: 0.000855428 s
Iteration Time: 0.505418963 s

Max LUCO: 22.9091463187299 eV at k = (  0   0 -10)
Min LUCO: 14.5183970184846 eV at k = (0 0 0)
Max HOCO: -11.0498332171873 eV at k = (  0   0 -10)
Min HOCO: -11.1455351627425 eV at k = (0 0 0)
Indirect band gap: 25.5682302356719 eV
Max direct band gap: 33.9589795359172 eV at k = (  0   0 -10)
Min direct band gap: 25.6639321812271 eV at k = (0 0 0)

Iteration: 2

Multipole approximation is converged after spherical shell [172]

Coulomb energy contributed from CFF so far = -9.99103119216555e-06

MA time decomposition:
	O_elec = O_lm^μν D_μν: 0.014229791 s
	build/retrieve UCs:    0.000424586 s
	build/retrieve M:      0.000427029 s
	build L:               0.02836396 s
	build Fock (CFF):      0.004856756 s

Total MA builder time: 0.049613536 s

Integrals per node:
  Ints for J on node(0): 971324

Total PeriodicFourCenterFock builder time: 0.385705403

Truncating lattice range of density representation
	User specified lattice range =  0  0 10
	Updated lattice range =  0  0 10

Lattice range of density representation is changed. Update RD-dependent variables!

Integrals per node:
  Integrals on node(0): 81766

Total PeriodicFourCenterFock builder time: 0.036352988

zRHF Energy: -173.571575571067
Total Energy: -98.5768436248143
Delta(E): -0.0200511280996096
RMS(D): 7.94865757053002e-05
Fock Build Time: 0.472838601 s
Transform Fock (Real->Recip) Time: 0.000168674 s
Density Time: 0.000867249 s
Iteration Time: 0.475259448 s

Max LUCO: 22.8499269323017 eV at k = (  0   0 -10)
Min LUCO: 14.3643865419207 eV at k = (0 0 0)
Max HOCO: -12.6375278216546 eV at k = (  0   0 -10)
Min HOCO: -12.7312121783772 eV at k = (0 0 0)
Indirect band gap: 27.0019143635752 eV
Max direct band gap: 35.4874547539563 eV at k = (  0   0 -10)
Min direct band gap: 27.0955987202978 eV at k = (0 0 0)

Iteration: 3

Multipole approximation is converged after spherical shell [157]

Coulomb energy contributed from CFF so far = -7.86104786403205e-06

MA time decomposition:
	O_elec = O_lm^μν D_μν: 0.014152203 s
	build/retrieve UCs:    0.000364376 s
	build/retrieve M:      0.000396339 s
	build L:               0.02299526 s
	build Fock (CFF):      0.004354978 s

Total MA builder time: 0.04331268 s

Integrals per node:
  Ints for J on node(0): 971324

Total PeriodicFourCenterFock builder time: 0.384356649

Truncating lattice range of density representation
	User specified lattice range =  0  0 10
	Updated lattice range =  0  0 10

Lattice range of density representation is not changed. No need to update RD-dependent variables!

Integrals per node:
  Integrals on node(0): 81672

Total PeriodicFourCenterFock builder time: 0.035616426

zRHF Energy: -173.573174165262
Total Energy: -98.5784400890258
Delta(E): -0.00159646421144544
RMS(D): 1.27412368813701e-05
Fock Build Time: 0.464468456 s
Transform Fock (Real->Recip) Time: 0.000166856 s
Density Time: 0.001094294 s
Iteration Time: 0.467258749 s

Max LUCO: 22.8223036283758 eV at k = (  0   0 -10)
Min LUCO: 14.3486197520246 eV at k = (0 0 0)
Max HOCO: -12.718799095731 eV at k = (  0   0 -10)
Min HOCO: -12.8123609091937 eV at k = (0 0 0)
Indirect band gap: 27.0674188477556 eV
Max direct band gap: 35.5411027241067 eV at k = (  0   0 -10)
Min direct band gap: 27.1609806612183 eV at k = (0 0 0)

Iteration: 4

Multipole approximation is converged after spherical shell [156]

Coulomb energy contributed from CFF so far = -7.67068593676031e-06

MA time decomposition:
	O_elec = O_lm^μν D_μν: 0.008983539 s
	build/retrieve UCs:    0.000349809 s
	build/retrieve M:      0.000366897 s
	build L:               0.028026601 s
	build Fock (CFF):      0.004575432 s

Total MA builder time: 0.043377316 s

Integrals per node:
  Ints for J on node(0): 970436

Total PeriodicFourCenterFock builder time: 0.393858315

Truncating lattice range of density representation
	User specified lattice range =  0  0 10
	Updated lattice range =  0  0 10

Lattice range of density representation is not changed. No need to update RD-dependent variables!

Integrals per node:
  Integrals on node(0): 81595

Total PeriodicFourCenterFock builder time: 0.03351464

zRHF Energy: -173.573202882028
Total Energy: -98.5784686154303
Delta(E): -2.85264044634914e-05
RMS(D): 4.59956529066007e-07
Fock Build Time: 0.471863657 s
Transform Fock (Real->Recip) Time: 0.000158849 s
Density Time: 0.000864528 s
Iteration Time: 0.474430529 s

Max LUCO: 22.8272471012455 eV at k = (  0   0 -10)
Min LUCO: 14.355456220216 eV at k = (0 0 0)
Max HOCO: -12.7002694144037 eV at k = (  0   0 -10)
Min HOCO: -12.793853921154 eV at k = (0 0 0)
Indirect band gap: 27.0557256346197 eV
Max direct band gap: 35.5275165156492 eV at k = (  0   0 -10)
Min direct band gap: 27.14931014137 eV at k = (0 0 0)

Iteration: 5

Multipole approximation is converged after spherical shell [156]

Coulomb energy contributed from CFF so far = -7.68556477997915e-06

MA time decomposition:
	O_elec = O_lm^μν D_μν: 0.009407934 s
	build/retrieve UCs:    0.000359761 s
	build/retrieve M:      0.000361383 s
	build L:               0.025443135 s
	build Fock (CFF):      0.004701848 s

Total MA builder time: 0.041342959 s

Integrals per node:
  Ints for J on node(0): 970436

Total PeriodicFourCenterFock builder time: 0.371839345

Truncating lattice range of density representation
	User specified lattice range =  0  0 10
	Updated lattice range =  0  0 10

Lattice range of density representation is not changed. No need to update RD-dependent variables!

Integrals per node:
  Integrals on node(0): 81589

Total PeriodicFourCenterFock builder time: 0.035261511

zRHF Energy: -173.573202947163
Total Energy: -98.5784686954436
Delta(E): -8.00133079792431e-08
RMS(D): 2.47113560367747e-08
Fock Build Time: 0.449522354 s
Transform Fock (Real->Recip) Time: 0.000160029 s
Density Time: 0.000844872 s
Iteration Time: 0.452242211 s

Max LUCO: 22.8272980313528 eV at k = (  0   0 -10)
Min LUCO: 14.3557041618412 eV at k = (0 0 0)
Max HOCO: -12.699715110264 eV at k = (  0   0 -10)
Min HOCO: -12.7933003365089 eV at k = (0 0 0)
Indirect band gap: 27.0554192721052 eV
Max direct band gap: 35.5270131416168 eV at k = (  0   0 -10)
Min direct band gap: 27.1490044983501 eV at k = (0 0 0)

Iteration: 6

Multipole approximation is converged after spherical shell [156]

Coulomb energy contributed from CFF so far = -7.68620338247787e-06

MA time decomposition:
	O_elec = O_lm^μν D_μν: 0.013844683 s
	build/retrieve UCs:    0.000356728 s
	build/retrieve M:      0.000361859 s
	build L:               0.023791748 s
	build Fock (CFF):      0.004368172 s

Total MA builder time: 0.043789353 s

Integrals per node:
  Ints for J on node(0): 970436

Total PeriodicFourCenterFock builder time: 0.380301362

Truncating lattice range of density representation
	User specified lattice range =  0  0 10
	Updated lattice range =  0  0 10

Lattice range of density representation is not changed. No need to update RD-dependent variables!

Integrals per node:
  Integrals on node(0): 81589

Total PeriodicFourCenterFock builder time: 0.033831117

zRHF Energy: -173.573202947428
Total Energy: -98.5784686963475
Delta(E): -9.0398089014343e-10
RMS(D): 6.35098449373762e-08
Fock Build Time: 0.458973031 s
Transform Fock (Real->Recip) Time: 0.000161865 s
Density Time: 0.000838094 s
Iteration Time: 0.461661983 s

Max LUCO: 22.8274270593988 eV at k = (  0   0 -10)
Min LUCO: 14.3563243839168 eV at k = (0 0 0)
Max HOCO: -12.6983313313206 eV at k = (  0   0 -10)
Min HOCO: -12.7919183785715 eV at k = (0 0 0)
Indirect band gap: 27.0546557152375 eV
Max direct band gap: 35.5257583907194 eV at k = (  0   0 -10)
Min direct band gap: 27.1482427624883 eV at k = (0 0 0)

Periodic Hartree-Fock iterations have converged!

Max LUCO: 22.8274270593988 eV at k = (  0   0 -10)
Min LUCO: 14.3563243839168 eV at k = (0 0 0)
Max HOCO: -12.6983313313206 eV at k = (  0   0 -10)
Min HOCO: -12.7919183785715 eV at k = (0 0 0)
Indirect band gap: 27.0546557152375 eV
Max direct band gap: 35.5257583907194 eV at k = (  0   0 -10)
Min direct band gap: 27.1482427624883 eV at k = (0 0 0)

Total Periodic Hartree-Fock energy = -98.5784686963475

 k | orbital energies
0 |  -25.888  -1.4648 -0.68421 -0.46666 -0.46666  0.83889
1 |  -25.888   -1.466 -0.67755 -0.46681 -0.46681   0.8255
2 |  -25.888  -1.4684 -0.66463  -0.4671  -0.4671  0.79991
3 |  -25.888  -1.4716 -0.64626  -0.4675  -0.4675  0.76439
4 |  -25.888  -1.4753  -0.6236 -0.46798 -0.46798  0.72196
5 |  -25.888  -1.4791 -0.59822  -0.4685  -0.4685  0.67613
6 |  -25.888  -1.4828 -0.57208   -0.469   -0.469  0.63068
7 |  -25.889  -1.4859 -0.54753 -0.46944 -0.46944  0.58954
8 |  -25.889  -1.4883  -0.5272 -0.46979 -0.46979  0.55652
9 |  -25.889  -1.4899 -0.51367 -0.47002 -0.47002  0.53505
10 |  -25.889  -1.4904 -0.50891 -0.47009 -0.47009  0.52759
11 |  -25.889  -1.4899 -0.51367 -0.47002 -0.47002  0.53505
12 |  -25.889  -1.4883  -0.5272 -0.46979 -0.46979  0.55652
13 |  -25.889  -1.4859 -0.54753 -0.46944 -0.46944  0.58954
14 |  -25.888  -1.4828 -0.57208   -0.469   -0.469  0.63068
15 |  -25.888  -1.4791 -0.59822  -0.4685  -0.4685  0.67613
16 |  -25.888  -1.4753  -0.6236 -0.46798 -0.46798  0.72196
17 |  -25.888  -1.4716 -0.64626  -0.4675  -0.4675  0.76439
18 |  -25.888  -1.4684 -0.66463  -0.4671  -0.4671  0.79991
19 |  -25.888   -1.466 -0.67755 -0.46681 -0.46681   0.8255
20 |  -25.888  -1.4648 -0.68421 -0.46666 -0.46666  0.83889

Time(s):
	Init:                               0.118
	Coulomb term:                       0.000
	Exchange term:                      0.000
	Real->Recip trans:                  0.001
	Diag + Density:                     0.005
	Total:                              2.836

  Output KeyVal (format=JSON):
{
    "units": "2006CODATA",
    "unitcell": {
        "charge": "0",
        "file_name": "hf.xyz",
        "sort_input": "false",
        "n_cluster": "1",
        "lattice_param": [
            "0.0",
            "0.0",
            "2.672359"
        ]
    },
    "basis": {
        "name": "sto-3g",
        "atoms": "$:unitcell"
    },
    "dfbs": {
        "name": "cc-pvdz",
        "atoms": "$:unitcell"
    },
    "wfn_world": {
        "atoms": "$:unitcell",
        "basis": "$:basis",
        "df_basis": "$:dfbs",
        "screen": "schwarz",
        "threshold": "1.0e-20",
        "shell_pair_threshold": "1.0e-12",
        "density_threshold": "1e-10",
        "rmax": [
            "0",
            "0",
            "10"
        ],
        "rjmax": [
            "0",
            "0",
            "300"
        ],
        "rdmax": [
            "0",
            "0",
            "10"
        ]
    },
    "wfn": {
        "type": "MA-FourCenter-zRHF",
        "atoms": "$:unitcell",
        "wfn_world": "$:wfn_world",
        "max_iter": "50",
        "soad_guess": "true",
        "print_detail": "true",
        "max_condition_num": "1e8",
        "diis": "gamma_point",
        "ma_energy_threshold": "1e-9",
        "ma_well_separateness": "3.0",
        "ma_extent_threshold": "1e-6",
        "ma_extent_small_value": "0.01",
        "k_points": [
            "1",
            "1",
            "21"
        ]
    },
    "property": {
        "type": "Energy",
        "wfn": "$:wfn",
        "precision": "1.0e-9",
        "value": {
            "value": "-98.578468696347542"
        }
    }
}

