my rank: 0, my pid: 12482
Type: BATCH





Loaded Chemistry.MoleculeFactory NOW  GLOBAL .

Loaded MPQC.ModelFactory NOW  GLOBAL .

Loaded MPQC.SimpleDriver NOW  GLOBAL .


molfactory of type Chemistry.MoleculeFactory 
successfully instantiated

mpqcfactory of type MPQC.ModelFactory 
successfully instantiated

driver of type MPQC.SimpleDriver 
successfully instantiated


driver))))ModelFactoryInterface---->ModelFactoryInterface((((mpqcfactory
connection made successfully

mpqcfactory))))MoleculeFactoryInterface---->MoleculeFactoryInterface((((molfactory
connection made successfully


------------------------------------
Instance name: mpqcfactory
Port name: CONFIG
------------------------------------
New parameters:
cc-pVTZ
------------------------------------
updated parameter mpqcfactory CONFIG basis

------------------------------------
Instance name: mpqcfactory
Port name: CONFIG
------------------------------------
New parameters:
HF
------------------------------------
updated parameter mpqcfactory CONFIG theory

------------------------------------
Instance name: mpqcfactory
Port name: CONFIG
------------------------------------
New parameters:
/home/jpkenny/src/mpqc/src/bin/mpqc/validate/ref/ccafe_h2o.xyz
------------------------------------
updated parameter mpqcfactory CONFIG molecule_filename

------------------------------------
Instance name: driver
Port name: CONFIG
------------------------------------
New parameters:
1
------------------------------------
updated parameter driver CONFIG do_gradient


  Using MPIMessageGrp for message passing (number of nodes = 1).

SIMPLE CHEMISTRY COMPONENT DRIVER
----------------------------------
SIMPLE DRIVER: getting model factory
SIMPLE DRIVER: getting model
  MoleculeFactory: reading /home/jpkenny/src/mpqc/src/bin/mpqc/validate/ref/ccafe_h2o.xyz
  units are bohr
  model input:
  molecule<Molecule>: (
    symmetry = auto
    unit = bohr
    {n atoms geometry } = {
	0	8	[  0  0  0.1239321808  ]
	1	1	[  0  1.43052  -0.9834468192  ]
	2	1	[  0  -1.43052  -0.9834468192  ]
    }
  )
  model<CLHF>:(
    molecule=$:molecule
    basis<GaussianBasisSet>:(
      name = "cc-pVTZ"
      molecule = $..:molecule
    )
  )

  Reading file /home/jpkenny/install/mpqc-mpi/share/mpqc/3.0.0-alpha/atominfo.kv.
  Molecule: setting point group to c2v
  Reading file /home/jpkenny/install/mpqc-mpi/share/mpqc/3.0.0-alpha/basis/cc-pvtz.kv.

  CLSCF::init: total charge = 0

  Starting from core Hamiltonian guess

  Using symmetric orthogonalization.
  n(basis):            23     7    11    17
  Maximum orthogonalization residual = 5.11233
  Minimum orthogonalization residual = 0.00249594
  docc = [ 3 0 1 1 ]
  nbasis = 58
  Molecular formula: H2O
  molecule<Molecule>: (
    symmetry = c2v
    unit = "bohr"
    {  n atoms                        geometry                     }={
       1     O [    0.0000000000     0.0000000000     0.1239321808]
       2     H [   -0.0000000000     1.4305200000    -0.9834468192]
       3     H [   -0.0000000000    -1.4305200000    -0.9834468192]
    }
  )
  Atomic Masses:
     15.99491    1.00783    1.00783

  CLHF: changing atomic coordinates:
  Molecular formula: H2O
  molecule<Molecule>: (
    symmetry = c2v
    unit = "bohr"
    {  n atoms                        geometry                     }={
       1     O [    0.0000000000     0.0000000000     0.1239321808]
       2     H [   -0.0000000000     1.4305200000    -0.9834468192]
       3     H [   -0.0000000000    -1.4305200000    -0.9834468192]
    }
  )
  Atomic Masses:
     15.99491    1.00783    1.00783
SIMPLE DRIVER: getting molecule
SIMPLE DRIVER: Evaluating energy

  SCF::compute: energy accuracy = 1.0000000e-06

  nuclear repulsion energy =    9.1939256843

  integral intermediate storage = 750623 bytes
  integral cache = 31222001 bytes
  Using symmetric orthogonalization.
  n(basis):            23     7    11    17
  Maximum orthogonalization residual = 5.11233
  Minimum orthogonalization residual = 0.00249594
  Beginning iterations.  Basis is cc-pVTZ.
                897487 integrals
  iter     1 energy =  -74.1647121057 delta = 4.28554e-02
                897487 integrals
  iter     2 energy =  -75.9599493303 delta = 2.88858e-02
                897487 integrals
  iter     3 energy =  -76.0323497303 delta = 1.01976e-02
                897487 integrals
  iter     4 energy =  -76.0537141856 delta = 3.97264e-03
                897487 integrals
  iter     5 energy =  -76.0569349333 delta = 1.29257e-03
                897487 integrals
  iter     6 energy =  -76.0571397011 delta = 5.46655e-04
                897487 integrals
  iter     7 energy =  -76.0571604172 delta = 1.95442e-04
                897487 integrals
  iter     8 energy =  -76.0571607458 delta = 1.68734e-05
                897487 integrals
  iter     9 energy =  -76.0571607633 delta = 5.38983e-06
                897487 integrals
  iter    10 energy =  -76.0571607636 delta = 5.96474e-07

  HOMO is     1  B1 =  -0.504469
  LUMO is     4  A1 =   0.142259

  total scf energy =  -76.0571607636
SIMPLE DRIVER: Evaluating gradient

  SCF::compute: energy accuracy = 1.0000000e-08

  nuclear repulsion energy =    9.1939256843

  integral intermediate storage = 750623 bytes
  integral cache = 31222001 bytes
  Beginning iterations.  Basis is cc-pVTZ.
                897487 integrals
  iter     1 energy =  -76.0571607636 delta = 5.75819e-02
                897487 integrals
  iter     2 energy =  -76.0571607636 delta = 8.10462e-08
                897487 integrals
  iter     3 energy =  -76.0571607636 delta = 3.21706e-08
                897487 integrals
  iter     4 energy =  -76.0571607636 delta = 8.67003e-09

  HOMO is     1  B1 =  -0.504468
  LUMO is     4  A1 =   0.142260

  total scf energy =  -76.0571607636

  SCF::compute: gradient accuracy = 1.0000000e-06

  Total Gradient:
       1   O   0.0000000000   0.0000000000   0.0241851750
       2   H  -0.0000000000   0.0131994452  -0.0120925875
       3   H  -0.0000000000  -0.0131994452  -0.0120925875
revalidate "molfactory"
revalidate "mpqcfactory"
revalidate "driver"
##specific go command successful


driver))))ModelFactoryInterface-\ \-ModelFactoryInterface((((mpqcfactory
connection broken successfully

mpqcfactory))))MoleculeFactoryInterface-\ \-MoleculeFactoryInterface((((molfactory
connection broken successfully


remove molfactory

remove mpqcfactory

remove driver



bye!
exit
