  WARNING: desired MPI_THREAD_MULTIPLE MPI threading support but got MPI_THREAD_SINGLE

                    MPQC: Massively Parallel Quantum Chemistry
                                Version 3.0.0-alpha

  Machine:    i686-pc-linux-gnu
  User:       jpkenny@localhost
  Start Time: Tue May 15 14:43:23 2007

  Using MPIMessageGrp for message passing (number of nodes = 1).
  Using PthreadThreadGrp for threading (number of threads = 1).
  Using MTMPIMemoryGrp for distributed shared memory.
  Total number of processors = 1

  Initializing CCA framework with args: 
  --path /home/jpkenny/install/mpqc-mpi/lib/cca:/home/jpkenny/install/cca-chem-generic2-mpi/lib --load Chemistry.IntegralSuperFactory:MPQC.IntV3EvaluatorFactory:MPQC.CintsEvaluatorFactory

  Using IntegralV3 by default for molecular integrals evaluation

  Reading file /home/jpkenny/install/mpqc-mpi/share/mpqc/3.0.0-alpha/atominfo.kv.

  IntCoorGen: generated 3 coordinates.
  Forming optimization coordinates:
    SymmMolecularCoor::form_variable_coordinates()
      expected 3 coordinates
      found 2 variable coordinates
      found 0 constant coordinates
  Reading file /home/jpkenny/install/mpqc-mpi/share/mpqc/3.0.0-alpha/basis/sto-3g.kv.
  Default subfactory: MPQC.IntV3EvaluatorFactory
  Instantiating: MPQC.IntV3EvaluatorFactory

  CLSCF::init: total charge = 0

  Starting from core Hamiltonian guess

  Reading file /home/jpkenny/install/mpqc-mpi/share/mpqc/3.0.0-alpha/atominfo.kv.
  Reading file /home/jpkenny/install/mpqc-mpi/share/mpqc/3.0.0-alpha/atominfo.kv.
  Molecule: setting point group to c2v
  Reading file /home/jpkenny/install/mpqc-mpi/share/mpqc/3.0.0-alpha/atominfo.kv.
  Reading file /home/jpkenny/install/mpqc-mpi/share/mpqc/3.0.0-alpha/atominfo.kv.
  Molecule: setting point group to c2v
  Using symmetric orthogonalization.
  n(basis):             4     0     2     1
  Maximum orthogonalization residual = 1.9104
  Minimum orthogonalization residual = 0.344888
  Reading file /home/jpkenny/install/mpqc-mpi/share/mpqc/3.0.0-alpha/atominfo.kv.
  Reading file /home/jpkenny/install/mpqc-mpi/share/mpqc/3.0.0-alpha/atominfo.kv.
  Molecule: setting point group to c2v
  Reading file /home/jpkenny/install/mpqc-mpi/share/mpqc/3.0.0-alpha/atominfo.kv.
  Reading file /home/jpkenny/install/mpqc-mpi/share/mpqc/3.0.0-alpha/atominfo.kv.
  Molecule: setting point group to c2v
  Reading file /home/jpkenny/install/mpqc-mpi/share/mpqc/3.0.0-alpha/atominfo.kv.
  Reading file /home/jpkenny/install/mpqc-mpi/share/mpqc/3.0.0-alpha/atominfo.kv.
  Molecule: setting point group to c2v
  Reading file /home/jpkenny/install/mpqc-mpi/share/mpqc/3.0.0-alpha/atominfo.kv.
  Reading file /home/jpkenny/install/mpqc-mpi/share/mpqc/3.0.0-alpha/atominfo.kv.
  Molecule: setting point group to c2v
  docc = [ 3 0 1 1 ]
  nbasis = 7

  Molecular formula H2O

  The following keywords in "/home/jpkenny/src/mpqc/src/bin/mpqc/validate/ref/ccaintv3_scfsto3gc2vopt.in" were ignored:
    mpqc:mole:multiplicity
    integrals:molecule

  MPQC options:
    matrixkit     = <ReplSCMatrixKit>
    filename      = ccaintv3_scfsto3gc2vopt
    restart_file  = ccaintv3_scfsto3gc2vopt.ckpt
    restart       = no
    checkpoint    = no
    savestate     = no
    do_energy     = yes
    do_gradient   = no
    optimize      = yes
    write_pdb     = no
    print_mole    = yes
    print_timings = yes

  Optimizing using:
    QNewtonOpt:
      accuracy         = 0.0001
      print_x          = no
      print_hessian    = no
      print_gradient   = no
      linear           = no
      restrict         = yes
      dynamic_grad_acc = yes
      restart          = yes
      update           =
        Object of type BFGSUpdate
      lineopt          =
        MCSearch
      Optimize (base class of QNewtonOpt):
        print_timings  = no
        checkpoint     = no
        max_iterations = 20
        max_stepsize   = 0.6
        convergence    = 
          MolEnergyConvergence:
            cartesian     = yes
            Convergence (base class of MolEnergyConvergence):
              The following criteria must be simultaneously satified:
              max_disp         = 0.0001
              max_grad         = 0.0001
              graddisp         = 0.0001

  SCF::compute: energy accuracy = 1.0000000e-06

  nuclear repulsion energy =    9.1571164588

  Reading file /home/jpkenny/install/mpqc-mpi/share/mpqc/3.0.0-alpha/atominfo.kv.
  Reading file /home/jpkenny/install/mpqc-mpi/share/mpqc/3.0.0-alpha/atominfo.kv.
  Molecule: setting point group to c2v
  Reading file /home/jpkenny/install/mpqc-mpi/share/mpqc/3.0.0-alpha/atominfo.kv.
  Reading file /home/jpkenny/install/mpqc-mpi/share/mpqc/3.0.0-alpha/atominfo.kv.
  Molecule: setting point group to c2v
  integral intermediate storage = 0 bytes
  integral cache = 31999552 bytes
  Beginning iterations.  Basis is STO-3G.
                   565 integrals
  iter     1 energy =  -74.6468200575 delta = 7.47315e-01
                   565 integrals
  iter     2 energy =  -74.9403205745 delta = 2.28186e-01
                   565 integrals
  iter     3 energy =  -74.9595588694 delta = 6.73664e-02
                   565 integrals
  iter     4 energy =  -74.9606496999 delta = 1.99313e-02
                   565 integrals
  iter     5 energy =  -74.9607021286 delta = 4.63824e-03
                   565 integrals
  iter     6 energy =  -74.9607024815 delta = 3.51696e-04
                   565 integrals
  iter     7 energy =  -74.9607024827 delta = 2.28520e-05
                   565 integrals
  iter     8 energy =  -74.9607024827 delta = 1.57221e-07

  HOMO is     1  B2 =  -0.386942
  LUMO is     4  A1 =   0.592900

  total scf energy =  -74.9607024827

  SCF::compute: gradient accuracy = 1.0000000e-04

  Reading file /home/jpkenny/install/mpqc-mpi/share/mpqc/3.0.0-alpha/atominfo.kv.
  Reading file /home/jpkenny/install/mpqc-mpi/share/mpqc/3.0.0-alpha/atominfo.kv.
  Molecule: setting point group to c2v
  Reading file /home/jpkenny/install/mpqc-mpi/share/mpqc/3.0.0-alpha/atominfo.kv.
  Reading file /home/jpkenny/install/mpqc-mpi/share/mpqc/3.0.0-alpha/atominfo.kv.
  Molecule: setting point group to c2v
  Reading file /home/jpkenny/install/mpqc-mpi/share/mpqc/3.0.0-alpha/atominfo.kv.
  Reading file /home/jpkenny/install/mpqc-mpi/share/mpqc/3.0.0-alpha/atominfo.kv.
  Molecule: setting point group to c2v
  Reading file /home/jpkenny/install/mpqc-mpi/share/mpqc/3.0.0-alpha/atominfo.kv.
  Reading file /home/jpkenny/install/mpqc-mpi/share/mpqc/3.0.0-alpha/atominfo.kv.
  Molecule: setting point group to c2v
  Reading file /home/jpkenny/install/mpqc-mpi/share/mpqc/3.0.0-alpha/atominfo.kv.
  Reading file /home/jpkenny/install/mpqc-mpi/share/mpqc/3.0.0-alpha/atominfo.kv.
  Molecule: setting point group to c2v
  Reading file /home/jpkenny/install/mpqc-mpi/share/mpqc/3.0.0-alpha/atominfo.kv.
  Reading file /home/jpkenny/install/mpqc-mpi/share/mpqc/3.0.0-alpha/atominfo.kv.
  Molecule: setting point group to c2v
  Total Gradient:
       1   O  -0.0000000000   0.0000000000  -0.0729842506
       2   H  -0.0120904568  -0.0000000000   0.0364921253
       3   H   0.0120904568  -0.0000000000   0.0364921253
  .......................................
  Starting line optimization.

  CLHF: changing atomic coordinates:
  Molecular formula: H2O
  molecule<Molecule>: (
    symmetry = c2v
    unit = "angstrom"
    {  n atoms                        geometry                     }={
       1     O [    0.0000000000     0.0000000000     0.4275970382]
       2     H [    0.7743131295     0.0000000000    -0.2137985191]
       3     H [   -0.7743131295    -0.0000000000    -0.2137985191]
    }
  )
  Atomic Masses:
     15.99491    1.00783    1.00783
  Completed line optimization step 1 (not converged)
  .......................................

  SCF::compute: energy accuracy = 3.0070105e-06

  nuclear repulsion energy =    8.7625686586

  Reading file /home/jpkenny/install/mpqc-mpi/share/mpqc/3.0.0-alpha/atominfo.kv.
  Reading file /home/jpkenny/install/mpqc-mpi/share/mpqc/3.0.0-alpha/atominfo.kv.
  Molecule: setting point group to c2v
  Reading file /home/jpkenny/install/mpqc-mpi/share/mpqc/3.0.0-alpha/atominfo.kv.
  Reading file /home/jpkenny/install/mpqc-mpi/share/mpqc/3.0.0-alpha/atominfo.kv.
  Molecule: setting point group to c2v
  Reading file /home/jpkenny/install/mpqc-mpi/share/mpqc/3.0.0-alpha/atominfo.kv.
  Reading file /home/jpkenny/install/mpqc-mpi/share/mpqc/3.0.0-alpha/atominfo.kv.
  Molecule: setting point group to c2v
  Reading file /home/jpkenny/install/mpqc-mpi/share/mpqc/3.0.0-alpha/atominfo.kv.
  Reading file /home/jpkenny/install/mpqc-mpi/share/mpqc/3.0.0-alpha/atominfo.kv.
  Molecule: setting point group to c2v
  Reading file /home/jpkenny/install/mpqc-mpi/share/mpqc/3.0.0-alpha/atominfo.kv.
  Reading file /home/jpkenny/install/mpqc-mpi/share/mpqc/3.0.0-alpha/atominfo.kv.
  Molecule: setting point group to c2v
  Reading file /home/jpkenny/install/mpqc-mpi/share/mpqc/3.0.0-alpha/atominfo.kv.
  Reading file /home/jpkenny/install/mpqc-mpi/share/mpqc/3.0.0-alpha/atominfo.kv.
  Molecule: setting point group to c2v
  integral intermediate storage = 0 bytes
  integral cache = 31999552 bytes
  Reading file /home/jpkenny/install/mpqc-mpi/share/mpqc/3.0.0-alpha/atominfo.kv.
  Reading file /home/jpkenny/install/mpqc-mpi/share/mpqc/3.0.0-alpha/atominfo.kv.
  Molecule: setting point group to c2v
  Reading file /home/jpkenny/install/mpqc-mpi/share/mpqc/3.0.0-alpha/atominfo.kv.
  Reading file /home/jpkenny/install/mpqc-mpi/share/mpqc/3.0.0-alpha/atominfo.kv.
  Molecule: setting point group to c2v
  Using symmetric orthogonalization.
  n(basis):             4     0     2     1
  Maximum orthogonalization residual = 1.88345
  Minimum orthogonalization residual = 0.373661
  Beginning iterations.  Basis is STO-3G.
                   565 integrals
  iter     1 energy =  -74.9600557458 delta = 7.67347e-01
                   565 integrals
  iter     2 energy =  -74.9645681484 delta = 3.09347e-02
                   565 integrals
  iter     3 energy =  -74.9652130526 delta = 1.26253e-02
                   565 integrals
  iter     4 energy =  -74.9652938465 delta = 5.66900e-03
                   565 integrals
  iter     5 energy =  -74.9652956219 delta = 7.28193e-04
                   565 integrals
  iter     6 energy =  -74.9652956528 delta = 9.96747e-05
                   565 integrals
  iter     7 energy =  -74.9652956528 delta = 5.10398e-07

  HOMO is     1  B2 =  -0.391460
  LUMO is     4  A1 =   0.565640

  total scf energy =  -74.9652956528

  SCF::compute: gradient accuracy = 3.0070105e-04

  Reading file /home/jpkenny/install/mpqc-mpi/share/mpqc/3.0.0-alpha/atominfo.kv.
  Reading file /home/jpkenny/install/mpqc-mpi/share/mpqc/3.0.0-alpha/atominfo.kv.
  Molecule: setting point group to c2v
  Reading file /home/jpkenny/install/mpqc-mpi/share/mpqc/3.0.0-alpha/atominfo.kv.
  Reading file /home/jpkenny/install/mpqc-mpi/share/mpqc/3.0.0-alpha/atominfo.kv.
  Molecule: setting point group to c2v
  Reading file /home/jpkenny/install/mpqc-mpi/share/mpqc/3.0.0-alpha/atominfo.kv.
  Reading file /home/jpkenny/install/mpqc-mpi/share/mpqc/3.0.0-alpha/atominfo.kv.
  Molecule: setting point group to c2v
  Reading file /home/jpkenny/install/mpqc-mpi/share/mpqc/3.0.0-alpha/atominfo.kv.
  Reading file /home/jpkenny/install/mpqc-mpi/share/mpqc/3.0.0-alpha/atominfo.kv.
  Molecule: setting point group to c2v
  Reading file /home/jpkenny/install/mpqc-mpi/share/mpqc/3.0.0-alpha/atominfo.kv.
  Reading file /home/jpkenny/install/mpqc-mpi/share/mpqc/3.0.0-alpha/atominfo.kv.
  Molecule: setting point group to c2v
  Reading file /home/jpkenny/install/mpqc-mpi/share/mpqc/3.0.0-alpha/atominfo.kv.
  Reading file /home/jpkenny/install/mpqc-mpi/share/mpqc/3.0.0-alpha/atominfo.kv.
  Molecule: setting point group to c2v
  Total Gradient:
       1   O   0.0000000000   0.0000000000   0.0189281468
       2   H   0.0161925613  -0.0000000000  -0.0094640734
       3   H  -0.0161925613  -0.0000000000  -0.0094640734
  Completed line optimization step 2 (converged)
  .......................................

  Max Gradient     :   0.0729842506   0.0001000000  no
  Max Displacement :   0.1100275839   0.0001000000  no
  Gradient*Displace:   0.0116038780   0.0001000000  no
  taking step of size 0.195457
  Optimization iteration 1 complete
  //////////////////////////////////////////////////////////////////////
  .......................................
  Starting line optimization.

  CLHF: changing atomic coordinates:
  Molecular formula: H2O
  molecule<Molecule>: (
    symmetry = c2v
    unit = "angstrom"
    {  n atoms                        geometry                     }={
       1     O [    0.0000000000     0.0000000000     0.4278812068]
       2     H [    0.7498520050     0.0000000000    -0.2139406034]
       3     H [   -0.7498520050    -0.0000000000    -0.2139406034]
    }
  )
  Atomic Masses:
     15.99491    1.00783    1.00783
  Completed line optimization step 1 (not converged)
  .......................................

  SCF::compute: energy accuracy = 1.0655260e-06

  nuclear repulsion energy =    8.9310141633

  Reading file /home/jpkenny/install/mpqc-mpi/share/mpqc/3.0.0-alpha/atominfo.kv.
  Reading file /home/jpkenny/install/mpqc-mpi/share/mpqc/3.0.0-alpha/atominfo.kv.
  Molecule: setting point group to c2v
  Reading file /home/jpkenny/install/mpqc-mpi/share/mpqc/3.0.0-alpha/atominfo.kv.
  Reading file /home/jpkenny/install/mpqc-mpi/share/mpqc/3.0.0-alpha/atominfo.kv.
  Molecule: setting point group to c2v
  Reading file /home/jpkenny/install/mpqc-mpi/share/mpqc/3.0.0-alpha/atominfo.kv.
  Reading file /home/jpkenny/install/mpqc-mpi/share/mpqc/3.0.0-alpha/atominfo.kv.
  Molecule: setting point group to c2v
  Reading file /home/jpkenny/install/mpqc-mpi/share/mpqc/3.0.0-alpha/atominfo.kv.
  Reading file /home/jpkenny/install/mpqc-mpi/share/mpqc/3.0.0-alpha/atominfo.kv.
  Molecule: setting point group to c2v
  Reading file /home/jpkenny/install/mpqc-mpi/share/mpqc/3.0.0-alpha/atominfo.kv.
  Reading file /home/jpkenny/install/mpqc-mpi/share/mpqc/3.0.0-alpha/atominfo.kv.
  Molecule: setting point group to c2v
  Reading file /home/jpkenny/install/mpqc-mpi/share/mpqc/3.0.0-alpha/atominfo.kv.
  Reading file /home/jpkenny/install/mpqc-mpi/share/mpqc/3.0.0-alpha/atominfo.kv.
  Molecule: setting point group to c2v
  integral intermediate storage = 0 bytes
  integral cache = 31999552 bytes
  Reading file /home/jpkenny/install/mpqc-mpi/share/mpqc/3.0.0-alpha/atominfo.kv.
  Reading file /home/jpkenny/install/mpqc-mpi/share/mpqc/3.0.0-alpha/atominfo.kv.
  Molecule: setting point group to c2v
  Reading file /home/jpkenny/install/mpqc-mpi/share/mpqc/3.0.0-alpha/atominfo.kv.
  Reading file /home/jpkenny/install/mpqc-mpi/share/mpqc/3.0.0-alpha/atominfo.kv.
  Molecule: setting point group to c2v
  Using symmetric orthogonalization.
  n(basis):             4     0     2     1
  Maximum orthogonalization residual = 1.91335
  Minimum orthogonalization residual = 0.361664
  Beginning iterations.  Basis is STO-3G.
                   565 integrals
  iter     1 energy =  -74.9655992543 delta = 7.79917e-01
                   565 integrals
  iter     2 energy =  -74.9658114788 delta = 5.80307e-03
                   565 integrals
  iter     3 energy =  -74.9658210200 delta = 1.09592e-03
                   565 integrals
  iter     4 energy =  -74.9658214099 delta = 2.89996e-04
                   565 integrals
  iter     5 energy =  -74.9658214119 delta = 1.70445e-05
                   565 integrals
  iter     6 energy =  -74.9658214122 delta = 1.14764e-05
                   565 integrals
  iter     7 energy =  -74.9658214122 delta = 3.37305e-09

  HOMO is     1  B2 =  -0.393473
  LUMO is     4  A1 =   0.585729

  total scf energy =  -74.9658214122

  SCF::compute: gradient accuracy = 1.0655260e-04

  Reading file /home/jpkenny/install/mpqc-mpi/share/mpqc/3.0.0-alpha/atominfo.kv.
  Reading file /home/jpkenny/install/mpqc-mpi/share/mpqc/3.0.0-alpha/atominfo.kv.
  Molecule: setting point group to c2v
  Reading file /home/jpkenny/install/mpqc-mpi/share/mpqc/3.0.0-alpha/atominfo.kv.
  Reading file /home/jpkenny/install/mpqc-mpi/share/mpqc/3.0.0-alpha/atominfo.kv.
  Molecule: setting point group to c2v
  Reading file /home/jpkenny/install/mpqc-mpi/share/mpqc/3.0.0-alpha/atominfo.kv.
  Reading file /home/jpkenny/install/mpqc-mpi/share/mpqc/3.0.0-alpha/atominfo.kv.
  Molecule: setting point group to c2v
  Reading file /home/jpkenny/install/mpqc-mpi/share/mpqc/3.0.0-alpha/atominfo.kv.
  Reading file /home/jpkenny/install/mpqc-mpi/share/mpqc/3.0.0-alpha/atominfo.kv.
  Molecule: setting point group to c2v
  Reading file /home/jpkenny/install/mpqc-mpi/share/mpqc/3.0.0-alpha/atominfo.kv.
  Reading file /home/jpkenny/install/mpqc-mpi/share/mpqc/3.0.0-alpha/atominfo.kv.
  Molecule: setting point group to c2v
  Reading file /home/jpkenny/install/mpqc-mpi/share/mpqc/3.0.0-alpha/atominfo.kv.
  Reading file /home/jpkenny/install/mpqc-mpi/share/mpqc/3.0.0-alpha/atominfo.kv.
  Molecule: setting point group to c2v
  Total Gradient:
       1   O   0.0000000000   0.0000000000   0.0004917679
       2   H  -0.0049560025  -0.0000000000  -0.0002458839
       3   H   0.0049560025  -0.0000000000  -0.0002458839
  Completed line optimization step 2 (converged)
  .......................................

  Max Gradient     :   0.0189281468   0.0001000000  no
  Max Displacement :   0.0462248226   0.0001000000  no
  Gradient*Displace:   0.0014817499   0.0001000000  no
  taking step of size 0.058908
  Optimization iteration 2 complete
  //////////////////////////////////////////////////////////////////////
  .......................................
  Starting line optimization.

  CLHF: changing atomic coordinates:
  Molecular formula: H2O
  molecule<Molecule>: (
    symmetry = c2v
    unit = "angstrom"
    {  n atoms                        geometry                     }={
       1     O [    0.0000000000     0.0000000000     0.4232792965]
       2     H [    0.7586364627     0.0000000000    -0.2116396482]
       3     H [   -0.7586364627    -0.0000000000    -0.2116396482]
    }
  )
  Atomic Masses:
     15.99491    1.00783    1.00783
  Completed line optimization step 1 (not converged)
  .......................................

  SCF::compute: energy accuracy = 4.0740774e-07

  nuclear repulsion energy =    8.9074557275

  Reading file /home/jpkenny/install/mpqc-mpi/share/mpqc/3.0.0-alpha/atominfo.kv.
  Reading file /home/jpkenny/install/mpqc-mpi/share/mpqc/3.0.0-alpha/atominfo.kv.
  Molecule: setting point group to c2v
  Reading file /home/jpkenny/install/mpqc-mpi/share/mpqc/3.0.0-alpha/atominfo.kv.
  Reading file /home/jpkenny/install/mpqc-mpi/share/mpqc/3.0.0-alpha/atominfo.kv.
  Molecule: setting point group to c2v
  Reading file /home/jpkenny/install/mpqc-mpi/share/mpqc/3.0.0-alpha/atominfo.kv.
  Reading file /home/jpkenny/install/mpqc-mpi/share/mpqc/3.0.0-alpha/atominfo.kv.
  Molecule: setting point group to c2v
  Reading file /home/jpkenny/install/mpqc-mpi/share/mpqc/3.0.0-alpha/atominfo.kv.
  Reading file /home/jpkenny/install/mpqc-mpi/share/mpqc/3.0.0-alpha/atominfo.kv.
  Molecule: setting point group to c2v
  Reading file /home/jpkenny/install/mpqc-mpi/share/mpqc/3.0.0-alpha/atominfo.kv.
  Reading file /home/jpkenny/install/mpqc-mpi/share/mpqc/3.0.0-alpha/atominfo.kv.
  Molecule: setting point group to c2v
  Reading file /home/jpkenny/install/mpqc-mpi/share/mpqc/3.0.0-alpha/atominfo.kv.
  Reading file /home/jpkenny/install/mpqc-mpi/share/mpqc/3.0.0-alpha/atominfo.kv.
  Molecule: setting point group to c2v
  integral intermediate storage = 0 bytes
  integral cache = 31999552 bytes
  Reading file /home/jpkenny/install/mpqc-mpi/share/mpqc/3.0.0-alpha/atominfo.kv.
  Reading file /home/jpkenny/install/mpqc-mpi/share/mpqc/3.0.0-alpha/atominfo.kv.
  Molecule: setting point group to c2v
  Reading file /home/jpkenny/install/mpqc-mpi/share/mpqc/3.0.0-alpha/atominfo.kv.
  Reading file /home/jpkenny/install/mpqc-mpi/share/mpqc/3.0.0-alpha/atominfo.kv.
  Molecule: setting point group to c2v
  Using symmetric orthogonalization.
  n(basis):             4     0     2     1
  Maximum orthogonalization residual = 1.9058
  Minimum orthogonalization residual = 0.363085
  Beginning iterations.  Basis is STO-3G.
                   565 integrals
  iter     1 energy =  -74.9658760001 delta = 7.77770e-01
                   565 integrals
  iter     2 energy =  -74.9658960905 delta = 1.75164e-03
                   565 integrals
  iter     3 energy =  -74.9659003068 delta = 1.07512e-03
                   565 integrals
  iter     4 energy =  -74.9659005409 delta = 3.32757e-04
                   565 integrals
  iter     5 energy =  -74.9659005417 delta = 1.33813e-05
                   565 integrals
  iter     6 energy =  -74.9659005417 delta = 7.51383e-07
                   557 integrals
  iter     7 energy =  -74.9659005418 delta = 1.77335e-09

  HOMO is     1  B2 =  -0.392545
  LUMO is     4  A1 =   0.581747

  total scf energy =  -74.9659005418

  SCF::compute: gradient accuracy = 4.0740774e-05

  Reading file /home/jpkenny/install/mpqc-mpi/share/mpqc/3.0.0-alpha/atominfo.kv.
  Reading file /home/jpkenny/install/mpqc-mpi/share/mpqc/3.0.0-alpha/atominfo.kv.
  Molecule: setting point group to c2v
  Reading file /home/jpkenny/install/mpqc-mpi/share/mpqc/3.0.0-alpha/atominfo.kv.
  Reading file /home/jpkenny/install/mpqc-mpi/share/mpqc/3.0.0-alpha/atominfo.kv.
  Molecule: setting point group to c2v
  Reading file /home/jpkenny/install/mpqc-mpi/share/mpqc/3.0.0-alpha/atominfo.kv.
  Reading file /home/jpkenny/install/mpqc-mpi/share/mpqc/3.0.0-alpha/atominfo.kv.
  Molecule: setting point group to c2v
  Reading file /home/jpkenny/install/mpqc-mpi/share/mpqc/3.0.0-alpha/atominfo.kv.
  Reading file /home/jpkenny/install/mpqc-mpi/share/mpqc/3.0.0-alpha/atominfo.kv.
  Molecule: setting point group to c2v
  Reading file /home/jpkenny/install/mpqc-mpi/share/mpqc/3.0.0-alpha/atominfo.kv.
  Reading file /home/jpkenny/install/mpqc-mpi/share/mpqc/3.0.0-alpha/atominfo.kv.
  Molecule: setting point group to c2v
  Reading file /home/jpkenny/install/mpqc-mpi/share/mpqc/3.0.0-alpha/atominfo.kv.
  Reading file /home/jpkenny/install/mpqc-mpi/share/mpqc/3.0.0-alpha/atominfo.kv.
  Molecule: setting point group to c2v
  Total Gradient:
       1   O  -0.0000000000   0.0000000000  -0.0006048633
       2   H   0.0001386421  -0.0000000000   0.0003024317
       3   H  -0.0001386421  -0.0000000000   0.0003024317
  Completed line optimization step 2 (converged)
  .......................................

  Max Gradient     :   0.0049560025   0.0001000000  no
  Max Displacement :   0.0166002180   0.0001000000  no
  Gradient*Displace:   0.0001709563   0.0001000000  no
  taking step of size 0.022950
  Optimization iteration 3 complete
  //////////////////////////////////////////////////////////////////////
  .......................................
  Starting line optimization.

  CLHF: changing atomic coordinates:
  Molecular formula: H2O
  molecule<Molecule>: (
    symmetry = c2v
    unit = "angstrom"
    {  n atoms                        geometry                     }={
       1     O [    0.0000000000     0.0000000000     0.4238984290]
       2     H [    0.7580924982     0.0000000000    -0.2119492145]
       3     H [   -0.7580924982    -0.0000000000    -0.2119492145]
    }
  )
  Atomic Masses:
     15.99491    1.00783    1.00783
  Completed line optimization step 1 (not converged)
  .......................................

  SCF::compute: energy accuracy = 2.4106056e-08

  nuclear repulsion energy =    8.9061536071

  Reading file /home/jpkenny/install/mpqc-mpi/share/mpqc/3.0.0-alpha/atominfo.kv.
  Reading file /home/jpkenny/install/mpqc-mpi/share/mpqc/3.0.0-alpha/atominfo.kv.
  Molecule: setting point group to c2v
  Reading file /home/jpkenny/install/mpqc-mpi/share/mpqc/3.0.0-alpha/atominfo.kv.
  Reading file /home/jpkenny/install/mpqc-mpi/share/mpqc/3.0.0-alpha/atominfo.kv.
  Molecule: setting point group to c2v
  Reading file /home/jpkenny/install/mpqc-mpi/share/mpqc/3.0.0-alpha/atominfo.kv.
  Reading file /home/jpkenny/install/mpqc-mpi/share/mpqc/3.0.0-alpha/atominfo.kv.
  Molecule: setting point group to c2v
  Reading file /home/jpkenny/install/mpqc-mpi/share/mpqc/3.0.0-alpha/atominfo.kv.
  Reading file /home/jpkenny/install/mpqc-mpi/share/mpqc/3.0.0-alpha/atominfo.kv.
  Molecule: setting point group to c2v
  Reading file /home/jpkenny/install/mpqc-mpi/share/mpqc/3.0.0-alpha/atominfo.kv.
  Reading file /home/jpkenny/install/mpqc-mpi/share/mpqc/3.0.0-alpha/atominfo.kv.
  Molecule: setting point group to c2v
  Reading file /home/jpkenny/install/mpqc-mpi/share/mpqc/3.0.0-alpha/atominfo.kv.
  Reading file /home/jpkenny/install/mpqc-mpi/share/mpqc/3.0.0-alpha/atominfo.kv.
  Molecule: setting point group to c2v
  integral intermediate storage = 0 bytes
  integral cache = 31999552 bytes
  Reading file /home/jpkenny/install/mpqc-mpi/share/mpqc/3.0.0-alpha/atominfo.kv.
  Reading file /home/jpkenny/install/mpqc-mpi/share/mpqc/3.0.0-alpha/atominfo.kv.
  Molecule: setting point group to c2v
  Reading file /home/jpkenny/install/mpqc-mpi/share/mpqc/3.0.0-alpha/atominfo.kv.
  Reading file /home/jpkenny/install/mpqc-mpi/share/mpqc/3.0.0-alpha/atominfo.kv.
  Molecule: setting point group to c2v
  Using symmetric orthogonalization.
  n(basis):             4     0     2     1
  Maximum orthogonalization residual = 1.90602
  Minimum orthogonalization residual = 0.363205
  Beginning iterations.  Basis is STO-3G.
                   565 integrals
  iter     1 energy =  -74.9659007700 delta = 7.77455e-01
                   565 integrals
  iter     2 energy =  -74.9659011131 delta = 2.69912e-04
                   565 integrals
  iter     3 energy =  -74.9659011862 delta = 1.59084e-04
                   565 integrals
  iter     4 energy =  -74.9659011889 delta = 3.25828e-05
                   565 integrals
  iter     5 energy =  -74.9659011889 delta = 2.80564e-06
                   565 integrals
  iter     6 energy =  -74.9659011889 delta = 2.68571e-07
                   565 integrals
  iter     7 energy =  -74.9659011889 delta = 2.97593e-11

  HOMO is     1  B2 =  -0.392617
  LUMO is     4  A1 =   0.581763

  total scf energy =  -74.9659011889

  SCF::compute: gradient accuracy = 2.4106056e-06

  Reading file /home/jpkenny/install/mpqc-mpi/share/mpqc/3.0.0-alpha/atominfo.kv.
  Reading file /home/jpkenny/install/mpqc-mpi/share/mpqc/3.0.0-alpha/atominfo.kv.
  Molecule: setting point group to c2v
  Reading file /home/jpkenny/install/mpqc-mpi/share/mpqc/3.0.0-alpha/atominfo.kv.
  Reading file /home/jpkenny/install/mpqc-mpi/share/mpqc/3.0.0-alpha/atominfo.kv.
  Molecule: setting point group to c2v
  Reading file /home/jpkenny/install/mpqc-mpi/share/mpqc/3.0.0-alpha/atominfo.kv.
  Reading file /home/jpkenny/install/mpqc-mpi/share/mpqc/3.0.0-alpha/atominfo.kv.
  Molecule: setting point group to c2v
  Reading file /home/jpkenny/install/mpqc-mpi/share/mpqc/3.0.0-alpha/atominfo.kv.
  Reading file /home/jpkenny/install/mpqc-mpi/share/mpqc/3.0.0-alpha/atominfo.kv.
  Molecule: setting point group to c2v
  Reading file /home/jpkenny/install/mpqc-mpi/share/mpqc/3.0.0-alpha/atominfo.kv.
  Reading file /home/jpkenny/install/mpqc-mpi/share/mpqc/3.0.0-alpha/atominfo.kv.
  Molecule: setting point group to c2v
  Reading file /home/jpkenny/install/mpqc-mpi/share/mpqc/3.0.0-alpha/atominfo.kv.
  Reading file /home/jpkenny/install/mpqc-mpi/share/mpqc/3.0.0-alpha/atominfo.kv.
  Molecule: setting point group to c2v
  Total Gradient:
       1   O   0.0000000000   0.0000000000   0.0000640341
       2   H   0.0000291212  -0.0000000000  -0.0000320170
       3   H  -0.0000291212  -0.0000000000  -0.0000320170
  Completed line optimization step 2 (converged)
  .......................................

  Max Gradient     :   0.0006048633   0.0001000000  no
  Max Displacement :   0.0011699909   0.0001000000  no
  Gradient*Displace:   0.0000013466   0.0001000000  yes
  taking step of size 0.002198
  Optimization iteration 4 complete
  //////////////////////////////////////////////////////////////////////
  .......................................
  Starting line optimization.

  CLHF: changing atomic coordinates:
  Molecular formula: H2O
  molecule<Molecule>: (
    symmetry = c2v
    unit = "angstrom"
    {  n atoms                        geometry                     }={
       1     O [    0.0000000000     0.0000000000     0.4238676954]
       2     H [    0.7580784772     0.0000000000    -0.2119338477]
       3     H [   -0.7580784772    -0.0000000000    -0.2119338477]
    }
  )
  Atomic Masses:
     15.99491    1.00783    1.00783
  Completed line optimization step 1 (not converged)
  .......................................

  SCF::compute: energy accuracy = 2.6669366e-09

  nuclear repulsion energy =    8.9065091929

  Reading file /home/jpkenny/install/mpqc-mpi/share/mpqc/3.0.0-alpha/atominfo.kv.
  Reading file /home/jpkenny/install/mpqc-mpi/share/mpqc/3.0.0-alpha/atominfo.kv.
  Molecule: setting point group to c2v
  Reading file /home/jpkenny/install/mpqc-mpi/share/mpqc/3.0.0-alpha/atominfo.kv.
  Reading file /home/jpkenny/install/mpqc-mpi/share/mpqc/3.0.0-alpha/atominfo.kv.
  Molecule: setting point group to c2v
  Reading file /home/jpkenny/install/mpqc-mpi/share/mpqc/3.0.0-alpha/atominfo.kv.
  Reading file /home/jpkenny/install/mpqc-mpi/share/mpqc/3.0.0-alpha/atominfo.kv.
  Molecule: setting point group to c2v
  Reading file /home/jpkenny/install/mpqc-mpi/share/mpqc/3.0.0-alpha/atominfo.kv.
  Reading file /home/jpkenny/install/mpqc-mpi/share/mpqc/3.0.0-alpha/atominfo.kv.
  Molecule: setting point group to c2v
  Reading file /home/jpkenny/install/mpqc-mpi/share/mpqc/3.0.0-alpha/atominfo.kv.
  Reading file /home/jpkenny/install/mpqc-mpi/share/mpqc/3.0.0-alpha/atominfo.kv.
  Molecule: setting point group to c2v
  Reading file /home/jpkenny/install/mpqc-mpi/share/mpqc/3.0.0-alpha/atominfo.kv.
  Reading file /home/jpkenny/install/mpqc-mpi/share/mpqc/3.0.0-alpha/atominfo.kv.
  Molecule: setting point group to c2v
  integral intermediate storage = 0 bytes
  integral cache = 31999552 bytes
  Reading file /home/jpkenny/install/mpqc-mpi/share/mpqc/3.0.0-alpha/atominfo.kv.
  Reading file /home/jpkenny/install/mpqc-mpi/share/mpqc/3.0.0-alpha/atominfo.kv.
  Molecule: setting point group to c2v
  Reading file /home/jpkenny/install/mpqc-mpi/share/mpqc/3.0.0-alpha/atominfo.kv.
  Reading file /home/jpkenny/install/mpqc-mpi/share/mpqc/3.0.0-alpha/atominfo.kv.
  Molecule: setting point group to c2v
  Using symmetric orthogonalization.
  n(basis):             4     0     2     1
  Maximum orthogonalization residual = 1.90606
  Minimum orthogonalization residual = 0.363179
  Beginning iterations.  Basis is STO-3G.
                   565 integrals
  iter     1 energy =  -74.9659011901 delta = 7.77549e-01
                   565 integrals
  iter     2 energy =  -74.9659011921 delta = 2.03771e-05
                   565 integrals
  iter     3 energy =  -74.9659011923 delta = 6.93732e-06
                   565 integrals
  iter     4 energy =  -74.9659011923 delta = 3.15124e-06
                   565 integrals
  iter     5 energy =  -74.9659011923 delta = 5.12136e-07
                   565 integrals
  iter     6 energy =  -74.9659011923 delta = 8.53414e-08
                   565 integrals
  iter     7 energy =  -74.9659011923 delta = 1.52716e-13

  HOMO is     1  B2 =  -0.392617
  LUMO is     4  A1 =   0.581796

  total scf energy =  -74.9659011923

  SCF::compute: gradient accuracy = 2.6669366e-07

  Reading file /home/jpkenny/install/mpqc-mpi/share/mpqc/3.0.0-alpha/atominfo.kv.
  Reading file /home/jpkenny/install/mpqc-mpi/share/mpqc/3.0.0-alpha/atominfo.kv.
  Molecule: setting point group to c2v
  Reading file /home/jpkenny/install/mpqc-mpi/share/mpqc/3.0.0-alpha/atominfo.kv.
  Reading file /home/jpkenny/install/mpqc-mpi/share/mpqc/3.0.0-alpha/atominfo.kv.
  Molecule: setting point group to c2v
  Reading file /home/jpkenny/install/mpqc-mpi/share/mpqc/3.0.0-alpha/atominfo.kv.
  Reading file /home/jpkenny/install/mpqc-mpi/share/mpqc/3.0.0-alpha/atominfo.kv.
  Molecule: setting point group to c2v
  Reading file /home/jpkenny/install/mpqc-mpi/share/mpqc/3.0.0-alpha/atominfo.kv.
  Reading file /home/jpkenny/install/mpqc-mpi/share/mpqc/3.0.0-alpha/atominfo.kv.
  Molecule: setting point group to c2v
  Reading file /home/jpkenny/install/mpqc-mpi/share/mpqc/3.0.0-alpha/atominfo.kv.
  Reading file /home/jpkenny/install/mpqc-mpi/share/mpqc/3.0.0-alpha/atominfo.kv.
  Molecule: setting point group to c2v
  Reading file /home/jpkenny/install/mpqc-mpi/share/mpqc/3.0.0-alpha/atominfo.kv.
  Reading file /home/jpkenny/install/mpqc-mpi/share/mpqc/3.0.0-alpha/atominfo.kv.
  Molecule: setting point group to c2v
  Total Gradient:
       1   O   0.0000000000   0.0000000000  -0.0000027354
       2   H  -0.0000023276  -0.0000000000   0.0000013677
       3   H   0.0000023276  -0.0000000000   0.0000013677
  Completed line optimization step 2 (converged)
  .......................................

  Max Gradient     :   0.0000640341   0.0001000000  yes
  Max Displacement :   0.0000580782   0.0001000000  yes
  Gradient*Displace:   0.0000000071   0.0001000000  yes

  All convergence criteria have been met.
  The optimization has converged.

  Value of the MolecularEnergy:  -74.9659011923

  Function Parameters:
    value_accuracy    = 1.527156e-13 (2.666937e-09) (computed)
    gradient_accuracy = 1.527156e-11 (2.666937e-07) (computed)
    hessian_accuracy  = 0.000000e+00 (1.000000e-04)

  Molecular Coordinates:
    IntMolecularCoor Parameters:
      update_bmat = no
      scale_bonds = 1
      scale_bends = 1
      scale_tors = 1
      scale_outs = 1
      symmetry_tolerance = 1.000000e-05
      simple_tolerance = 1.000000e-03
      coordinate_tolerance = 1.000000e-07
      have_fixed_values = 0
      max_update_steps = 100
      max_update_disp = 0.500000
      have_fixed_values = 0

    Molecular formula: H2O
    molecule<Molecule>: (
      symmetry = c2v
      unit = "angstrom"
      {  n atoms                        geometry                     }={
         1     O [    0.0000000000     0.0000000000     0.4238676954]
         2     H [    0.7580784772     0.0000000000    -0.2119338477]
         3     H [   -0.7580784772    -0.0000000000    -0.2119338477]
      }
    )
    Atomic Masses:
       15.99491    1.00783    1.00783

    Bonds:
      STRE       s1     0.98941    1    2         O-H
      STRE       s2     0.98941    1    3         O-H
    Bends:
      BEND       b1   100.02678    2    1    3      H-O-H

    SymmMolecularCoor Parameters:
      change_coordinates = no
      transform_hessian = yes
      max_kappa2 = 10.000000

  Electronic basis:
    GaussianBasisSet:
      nbasis = 7
      nshell = 4
      nprim  = 12
      name = "STO-3G"
  Natural Population Analysis:
     n   atom    charge     ne(S)     ne(P) 
      1    O   -0.365892  3.772700  4.593192
      2    H    0.182946  0.817054
      3    H    0.182946  0.817054

  SCF Parameters:
    maxiter = 100
    density_reset_frequency = 10
    level_shift = 0.000000

  CLSCF Parameters:
    charge = 0
    ndocc = 5
    docc = [ 3 0 1 1 ]

                               CPU Wall
mpqc:                         8.34 8.67
  NAO:                        0.01 0.01
  calc:                       7.65 7.98
    compute gradient:         3.37 3.53
      nuc rep:                0.00 0.00
      one electron gradient:  1.10 1.15
      overlap gradient:       1.10 1.17
      two electron gradient:  1.17 1.21
        contribution:         0.04 0.03
          start thread:       0.03 0.03
          stop thread:        0.00 0.00
        setup:                1.14 1.18
    vector:                   4.26 4.43
      density:                0.02 0.01
      evals:                  0.01 0.02
      extrap:                 0.02 0.03
      fock:                   0.10 0.10
        accum:                0.00 0.00
        ao_gmat:              0.04 0.03
          start thread:       0.04 0.03
          stop thread:        0.00 0.00
        init pmax:            0.00 0.00
        local data:           0.00 0.00
        setup:                0.02 0.03
        sum:                  0.00 0.00
        symm:                 0.02 0.03
  input:                      0.68 0.68

  End Time: Tue May 15 14:43:31 2007

