
                    MPQC: Massively Parallel Quantum Chemistry
                                Version 3.0.0-alpha

  Machine:    x86_64-unknown-linux-gnu
  User:       jpkenny@ulester
  Start Time: Thu Aug 21 15:31:42 2008

  Using ProcMessageGrp for message passing (number of nodes = 1).
  Using PthreadThreadGrp for threading (number of threads = 1).
  Using ProcMemoryGrp for distributed shared memory.
  Total number of processors = 1

  Initializing CCA framework with args: 
  --path /home/jpkenny/install/mpqc/lib/cca:/home/jpkenny/install/cca-chem-generic2/lib --load Chemistry.IntegralSuperFactory:MPQC.IntV3EvaluatorFactory:MPQC.CintsEvaluatorFactory
  Default subfactory: MPQC.CintsEvaluatorFactory

  Using IntegralCCA by default for molecular integrals evaluation

  Reading file /home/jpkenny/install/mpqc/share/mpqc/3.0.0-alpha/atominfo.kv.

  IntCoorGen: generated 3 coordinates.
  Forming optimization coordinates:
    SymmMolecularCoor::form_variable_coordinates()
      expected 3 coordinates
      found 2 variable coordinates
      found 0 constant coordinates
  Reading file /home/jpkenny/install/mpqc/share/mpqc/3.0.0-alpha/basis/cc-pvdz.kv.
      Reading file /home/jpkenny/install/mpqc/share/mpqc/3.0.0-alpha/basis/dz_LdunningR.kv.

      CLSCF::init: total charge = 0

      Starting from core Hamiltonian guess

      Reading file /home/jpkenny/install/mpqc/share/mpqc/3.0.0-alpha/atominfo.kv.
      Reading file /home/jpkenny/install/mpqc/share/mpqc/3.0.0-alpha/atominfo.kv.
      Reading file /home/jpkenny/install/mpqc/share/mpqc/3.0.0-alpha/atominfo.kv.
      Reading file /home/jpkenny/install/mpqc/share/mpqc/3.0.0-alpha/atominfo.kv.
      Using symmetric orthogonalization.
      n(basis):             8     0     4     2
      Maximum orthogonalization residual = 3.50763
      Minimum orthogonalization residual = 0.0574104
      Reading file /home/jpkenny/install/mpqc/share/mpqc/3.0.0-alpha/atominfo.kv.
      Reading file /home/jpkenny/install/mpqc/share/mpqc/3.0.0-alpha/atominfo.kv.
      Reading file /home/jpkenny/install/mpqc/share/mpqc/3.0.0-alpha/atominfo.kv.
      Reading file /home/jpkenny/install/mpqc/share/mpqc/3.0.0-alpha/atominfo.kv.
      Reading file /home/jpkenny/install/mpqc/share/mpqc/3.0.0-alpha/atominfo.kv.
      Reading file /home/jpkenny/install/mpqc/share/mpqc/3.0.0-alpha/atominfo.kv.
      Reading file /home/jpkenny/install/mpqc/share/mpqc/3.0.0-alpha/atominfo.kv.
      Reading file /home/jpkenny/install/mpqc/share/mpqc/3.0.0-alpha/atominfo.kv.
      docc = [ 3 0 1 1 ]
      nbasis = 14

  CLSCF::init: total charge = 0

  Projecting guess wavefunction into the present basis set

      SCF::compute: energy accuracy = 1.0000000e-06

      nuclear repulsion energy =    9.1571164588

      Reading file /home/jpkenny/install/mpqc/share/mpqc/3.0.0-alpha/atominfo.kv.
      Reading file /home/jpkenny/install/mpqc/share/mpqc/3.0.0-alpha/atominfo.kv.
      Reading file /home/jpkenny/install/mpqc/share/mpqc/3.0.0-alpha/atominfo.kv.
      Reading file /home/jpkenny/install/mpqc/share/mpqc/3.0.0-alpha/atominfo.kv.
      integral intermediate storage = 0 bytes
      integral cache = 31998320 bytes
      Beginning iterations.  Basis is DZ (Dunning).
                      4284 integrals
      iter     1 energy =  -75.6929826973 delta = 2.35942e-01
                      4284 integrals
      iter     2 energy =  -75.9969199201 delta = 5.90609e-02
                      4284 integrals
      iter     3 energy =  -76.0095041153 delta = 1.43489e-02
                      4284 integrals
      iter     4 energy =  -76.0104942081 delta = 5.95029e-03
                      4284 integrals
      iter     5 energy =  -76.0106554883 delta = 1.61684e-03
                      4284 integrals
      iter     6 energy =  -76.0106673002 delta = 6.25926e-04
                      4284 integrals
      iter     7 energy =  -76.0106682882 delta = 2.13656e-04
                      4284 integrals
      iter     8 energy =  -76.0106683083 delta = 3.37517e-05
                      4284 integrals
      iter     9 energy =  -76.0106683092 delta = 6.20338e-06
                      4284 integrals
      iter    10 energy =  -76.0106683092 delta = 1.59873e-06
                      4284 integrals
      iter    11 energy =  -76.0106683092 delta = 6.46999e-08

      HOMO is     1  B2 =  -0.504005
      LUMO is     4  A1 =   0.218660

      total scf energy =  -76.0106683092

      Projecting the guess density.

        The number of electrons in the guess density = 10
        Reading file /home/jpkenny/install/mpqc/share/mpqc/3.0.0-alpha/atominfo.kv.
        Reading file /home/jpkenny/install/mpqc/share/mpqc/3.0.0-alpha/atominfo.kv.
        Reading file /home/jpkenny/install/mpqc/share/mpqc/3.0.0-alpha/atominfo.kv.
        Reading file /home/jpkenny/install/mpqc/share/mpqc/3.0.0-alpha/atominfo.kv.
        Reading file /home/jpkenny/install/mpqc/share/mpqc/3.0.0-alpha/atominfo.kv.
        Reading file /home/jpkenny/install/mpqc/share/mpqc/3.0.0-alpha/atominfo.kv.
        Reading file /home/jpkenny/install/mpqc/share/mpqc/3.0.0-alpha/atominfo.kv.
        Reading file /home/jpkenny/install/mpqc/share/mpqc/3.0.0-alpha/atominfo.kv.
        Reading file /home/jpkenny/install/mpqc/share/mpqc/3.0.0-alpha/atominfo.kv.
        Reading file /home/jpkenny/install/mpqc/share/mpqc/3.0.0-alpha/atominfo.kv.
        Reading file /home/jpkenny/install/mpqc/share/mpqc/3.0.0-alpha/atominfo.kv.
        Reading file /home/jpkenny/install/mpqc/share/mpqc/3.0.0-alpha/atominfo.kv.
        Using symmetric orthogonalization.
        n(basis):            11     2     7     4
        Maximum orthogonalization residual = 3.66509
        Minimum orthogonalization residual = 0.0352018
        The number of electrons in the projected density = 9.99253
      Reading file /home/jpkenny/install/mpqc/share/mpqc/3.0.0-alpha/atominfo.kv.
      Reading file /home/jpkenny/install/mpqc/share/mpqc/3.0.0-alpha/atominfo.kv.
      Reading file /home/jpkenny/install/mpqc/share/mpqc/3.0.0-alpha/atominfo.kv.
      Reading file /home/jpkenny/install/mpqc/share/mpqc/3.0.0-alpha/atominfo.kv.
      Reading file /home/jpkenny/install/mpqc/share/mpqc/3.0.0-alpha/atominfo.kv.
      Reading file /home/jpkenny/install/mpqc/share/mpqc/3.0.0-alpha/atominfo.kv.
      Reading file /home/jpkenny/install/mpqc/share/mpqc/3.0.0-alpha/atominfo.kv.
      Reading file /home/jpkenny/install/mpqc/share/mpqc/3.0.0-alpha/atominfo.kv.

  docc = [ 3 0 1 1 ]
  nbasis = 24
  ints_file = ccamp2r12_mp2r12slashb00ccpvdzccpvdzc2v.moints
include_DKH_in_Q: false

  Molecular formula H2O

  The following keywords in "/home/jpkenny/src/mpqc/src/bin/mpqc/validate/ref/ccamp2r12_mp2r12slashb00ccpvdzccpvdzc2v.in" were ignored:
    mpqc:mole:reference:guess_wavefunction:multiplicity
    mpqc:mole:reference:multiplicity
    integrals:molecule

  MPQC options:
    matrixkit     = <ReplSCMatrixKit>
    filename      = ccamp2r12_mp2r12slashb00ccpvdzccpvdzc2v
    restart_file  = ccamp2r12_mp2r12slashb00ccpvdzccpvdzc2v.ckpt
    restart       = no
    checkpoint    = no
    savestate     = no
    do_energy     = yes
    do_gradient   = no
    optimize      = no
    write_pdb     = no
    print_mole    = yes
    print_timings = yes
switched off integral check in mbptr12.cc/compute

  SCF::compute: energy accuracy = 1.0000000e-08

  nuclear repulsion energy =    9.1571164588

  Reading file /home/jpkenny/install/mpqc/share/mpqc/3.0.0-alpha/atominfo.kv.
  Reading file /home/jpkenny/install/mpqc/share/mpqc/3.0.0-alpha/atominfo.kv.
  Reading file /home/jpkenny/install/mpqc/share/mpqc/3.0.0-alpha/atominfo.kv.
  Reading file /home/jpkenny/install/mpqc/share/mpqc/3.0.0-alpha/atominfo.kv.
  integral intermediate storage = 0 bytes
  integral cache = 31995200 bytes
  Beginning iterations.  Basis is cc-pVDZ.
                 31972 integrals
  iter     1 energy =  -75.9894459794 delta = 1.63329e-01
                 31972 integrals
  iter     2 energy =  -76.0251605458 delta = 1.17686e-02
                 31972 integrals
  iter     3 energy =  -76.0258587094 delta = 1.94238e-03
                 31972 integrals
  iter     4 energy =  -76.0258857767 delta = 4.37786e-04
                 31972 integrals
  iter     5 energy =  -76.0258879700 delta = 1.05751e-04
                 31972 integrals
  iter     6 energy =  -76.0258882354 delta = 4.25537e-05
                 31972 integrals
  iter     7 energy =  -76.0258882399 delta = 5.95036e-06
                 31972 integrals
  iter     8 energy =  -76.0258882402 delta = 2.04017e-06
                 31972 integrals
  iter     9 energy =  -76.0258882403 delta = 3.87940e-07
                 31972 integrals
  iter    10 energy =  -76.0258882403 delta = 5.58931e-08
                 31972 integrals
  iter    11 energy =  -76.0258882403 delta = 1.32428e-08
                 31972 integrals
  iter    12 energy =  -76.0258882403 delta = 1.71870e-09

  HOMO is     1  B2 =  -0.491067
  LUMO is     4  A1 =   0.185922

  total scf energy =  -76.0258882403
  Reading file /home/jpkenny/install/mpqc/share/mpqc/3.0.0-alpha/atominfo.kv.
  Reading file /home/jpkenny/install/mpqc/share/mpqc/3.0.0-alpha/atominfo.kv.
  Reading file /home/jpkenny/install/mpqc/share/mpqc/3.0.0-alpha/atominfo.kv.
  Reading file /home/jpkenny/install/mpqc/share/mpqc/3.0.0-alpha/atominfo.kv.
  Reading file /home/jpkenny/install/mpqc/share/mpqc/3.0.0-alpha/atominfo.kv.
  Reading file /home/jpkenny/install/mpqc/share/mpqc/3.0.0-alpha/atominfo.kv.
  Reading file /home/jpkenny/install/mpqc/share/mpqc/3.0.0-alpha/atominfo.kv.
  Reading file /home/jpkenny/install/mpqc/share/mpqc/3.0.0-alpha/atominfo.kv.
  Reading file /home/jpkenny/install/mpqc/share/mpqc/3.0.0-alpha/atominfo.kv.
  Reading file /home/jpkenny/install/mpqc/share/mpqc/3.0.0-alpha/atominfo.kv.
  Reading file /home/jpkenny/install/mpqc/share/mpqc/3.0.0-alpha/atominfo.kv.
  Reading file /home/jpkenny/install/mpqc/share/mpqc/3.0.0-alpha/atominfo.kv.
  Reading file /home/jpkenny/install/mpqc/share/mpqc/3.0.0-alpha/atominfo.kv.
  Reading file /home/jpkenny/install/mpqc/share/mpqc/3.0.0-alpha/atominfo.kv.
  Reading file /home/jpkenny/install/mpqc/share/mpqc/3.0.0-alpha/atominfo.kv.
  Reading file /home/jpkenny/install/mpqc/share/mpqc/3.0.0-alpha/atominfo.kv.

  Entered generic contraction (<i i|i i> = <i i|p p> . <i i|p p>^T)
    Entered <i i| R12[0] |p p>_bb integrals evaluator (transform type ikjy)
      Memory available per node:      32000000 Bytes
      Static memory used per node:    1011136 Bytes
      Total memory used per node:     1669504 Bytes
      Memory required for one pass:   1669504 Bytes
      Minimum memory required:        1147264 Bytes
      Number of passes:               1
      Batch size:                     5
      Reading file /home/jpkenny/install/mpqc/share/mpqc/3.0.0-alpha/atominfo.kv.
      Reading file /home/jpkenny/install/mpqc/share/mpqc/3.0.0-alpha/atominfo.kv.
      Reading file /home/jpkenny/install/mpqc/share/mpqc/3.0.0-alpha/atominfo.kv.
      Reading file /home/jpkenny/install/mpqc/share/mpqc/3.0.0-alpha/atominfo.kv.
      Beginning pass 1
      Begin loop over shells (ints, 1+2+3 q.t.)
        working on shell pair (  0   0),  0.000% complete (0 of 66)
        working on shell pair (  3   1), 10.606% complete (7 of 66)
        working on shell pair (  4   4), 21.212% complete (14 of 66)
        working on shell pair (  6   0), 31.818% complete (21 of 66)
        working on shell pair (  7   0), 42.424% complete (28 of 66)
        working on shell pair (  7   7), 53.030% complete (35 of 66)
        working on shell pair (  8   6), 63.636% complete (42 of 66)
        working on shell pair (  9   4), 74.242% complete (49 of 66)
        working on shell pair ( 10   1), 84.848% complete (56 of 66)
        working on shell pair ( 10   8), 95.455% complete (63 of 66)
      End of loop over shells
      Begin fourth q.t.
      End of fourth q.t.
    Detecting non-totally-symmetric integrals ... none
    Computing intermediates on 1 processors
  Exited generic contraction (<i i|i i> = <i i|p p> . <i i|p p>^T)

  Entered generic contraction (<i i|i i> = <i i|p p> . <i i|p p>^T)
    Computing intermediates on 1 processors
  Exited generic contraction (<i i|i i> = <i i|p p> . <i i|p p>^T)

  Entered generic contraction (<i i|i i> = <i i|p p> . <i i|p p>^T)
    Computing intermediates on 1 processors
  Exited generic contraction (<i i|i i> = <i i|p p> . <i i|p p>^T)

  Entered generic contraction (<i i|i i> = <i i|p p> . <i i|p p>^T)
    Computing intermediates on 1 processors
  Exited generic contraction (<i i|i i> = <i i|p p> . <i i|p p>^T)

  Entered B(BC) intermediate evaluator
  Exited B(BC) intermediate evaluator

  Entered B(app. B) intermediate evaluator

    Entered Alpha-beta Q intermediate evaluator
      florian: DKH in Q: false
      florian: make_F = false
      florian: make_hJ = false
      florian: make_K = true

      Entered exchange matrix evaluator
        Entered (mx|ny) integrals evaluator (transform type ikjy)
          Memory available per node:      32000000 Bytes
          Static memory used per node:    1007488 Bytes
          Total memory used per node:     1176256 Bytes
          Memory required for one pass:   1176256 Bytes
          Minimum memory required:        1045696 Bytes
          Number of passes:               1
          Batch size:                     5
          Reading file /home/jpkenny/install/mpqc/share/mpqc/3.0.0-alpha/atominfo.kv.
          Reading file /home/jpkenny/install/mpqc/share/mpqc/3.0.0-alpha/atominfo.kv.
          Reading file /home/jpkenny/install/mpqc/share/mpqc/3.0.0-alpha/atominfo.kv.
          Reading file /home/jpkenny/install/mpqc/share/mpqc/3.0.0-alpha/atominfo.kv.
          Beginning pass 1
          Begin loop over shells (ints, 1+2+3 q.t.)
            working on shell pair (  0   0),  0.000% complete (0 of 66)
            working on shell pair (  3   1), 10.606% complete (7 of 66)
            working on shell pair (  4   4), 21.212% complete (14 of 66)
            working on shell pair (  6   0), 31.818% complete (21 of 66)
            working on shell pair (  7   0), 42.424% complete (28 of 66)
            working on shell pair (  7   7), 53.030% complete (35 of 66)
            working on shell pair (  8   6), 63.636% complete (42 of 66)
            working on shell pair (  9   4), 74.242% complete (49 of 66)
            working on shell pair ( 10   1), 84.848% complete (56 of 66)
            working on shell pair ( 10   8), 95.455% complete (63 of 66)
          End of loop over shells
          Begin fourth q.t.
          End of fourth q.t.
        Detecting non-totally-symmetric integrals ... none
        Begin computation of exchange matrix
        Computing intermediates on 1 processors
        End of computation of exchange matrix
      Exited exchange matrix evaluator
      Entered generic X intermediate evaluator
        Reading file /home/jpkenny/install/mpqc/share/mpqc/3.0.0-alpha/atominfo.kv.
        Reading file /home/jpkenny/install/mpqc/share/mpqc/3.0.0-alpha/atominfo.kv.
        Reading file /home/jpkenny/install/mpqc/share/mpqc/3.0.0-alpha/atominfo.kv.
        Reading file /home/jpkenny/install/mpqc/share/mpqc/3.0.0-alpha/atominfo.kv.
        Reading file /home/jpkenny/install/mpqc/share/mpqc/3.0.0-alpha/atominfo.kv.
        Reading file /home/jpkenny/install/mpqc/share/mpqc/3.0.0-alpha/atominfo.kv.
        Reading file /home/jpkenny/install/mpqc/share/mpqc/3.0.0-alpha/atominfo.kv.
        Reading file /home/jpkenny/install/mpqc/share/mpqc/3.0.0-alpha/atominfo.kv.
        Reading file /home/jpkenny/install/mpqc/share/mpqc/3.0.0-alpha/atominfo.kv.
        Reading file /home/jpkenny/install/mpqc/share/mpqc/3.0.0-alpha/atominfo.kv.
        Reading file /home/jpkenny/install/mpqc/share/mpqc/3.0.0-alpha/atominfo.kv.
        Reading file /home/jpkenny/install/mpqc/share/mpqc/3.0.0-alpha/atominfo.kv.
        Reading file /home/jpkenny/install/mpqc/share/mpqc/3.0.0-alpha/atominfo.kv.
        Reading file /home/jpkenny/install/mpqc/share/mpqc/3.0.0-alpha/atominfo.kv.
        Reading file /home/jpkenny/install/mpqc/share/mpqc/3.0.0-alpha/atominfo.kv.
        Reading file /home/jpkenny/install/mpqc/share/mpqc/3.0.0-alpha/atominfo.kv.
        Reading file /home/jpkenny/install/mpqc/share/mpqc/3.0.0-alpha/atominfo.kv.
        Reading file /home/jpkenny/install/mpqc/share/mpqc/3.0.0-alpha/atominfo.kv.
        Reading file /home/jpkenny/install/mpqc/share/mpqc/3.0.0-alpha/atominfo.kv.
        Reading file /home/jpkenny/install/mpqc/share/mpqc/3.0.0-alpha/atominfo.kv.
        Reading file /home/jpkenny/install/mpqc/share/mpqc/3.0.0-alpha/atominfo.kv.
        Reading file /home/jpkenny/install/mpqc/share/mpqc/3.0.0-alpha/atominfo.kv.
        Reading file /home/jpkenny/install/mpqc/share/mpqc/3.0.0-alpha/atominfo.kv.
        Reading file /home/jpkenny/install/mpqc/share/mpqc/3.0.0-alpha/atominfo.kv.

        Entered generic contraction (<i i|i i_K(p)> = <i i|p p> . <i i_K(p)|p p>^T)
          Entered <i i_K(p)| R12[0] |p p>_bb integrals evaluator (transform type ikjy)
            Memory available per node:      32000000 Bytes
            Static memory used per node:    1011136 Bytes
            Total memory used per node:     1669504 Bytes
            Memory required for one pass:   1669504 Bytes
            Minimum memory required:        1147264 Bytes
            Number of passes:               1
            Batch size:                     5
            Reading file /home/jpkenny/install/mpqc/share/mpqc/3.0.0-alpha/atominfo.kv.
            Reading file /home/jpkenny/install/mpqc/share/mpqc/3.0.0-alpha/atominfo.kv.
            Reading file /home/jpkenny/install/mpqc/share/mpqc/3.0.0-alpha/atominfo.kv.
            Reading file /home/jpkenny/install/mpqc/share/mpqc/3.0.0-alpha/atominfo.kv.
            Beginning pass 1
            Begin loop over shells (ints, 1+2+3 q.t.)
              working on shell pair (  0   0),  0.000% complete (0 of 66)
              working on shell pair (  3   1), 10.606% complete (7 of 66)
              working on shell pair (  4   4), 21.212% complete (14 of 66)
              working on shell pair (  6   0), 31.818% complete (21 of 66)
              working on shell pair (  7   0), 42.424% complete (28 of 66)
              working on shell pair (  7   7), 53.030% complete (35 of 66)
              working on shell pair (  8   6), 63.636% complete (42 of 66)
              working on shell pair (  9   4), 74.242% complete (49 of 66)
              working on shell pair ( 10   1), 84.848% complete (56 of 66)
              working on shell pair ( 10   8), 95.455% complete (63 of 66)
            End of loop over shells
            Begin fourth q.t.
            End of fourth q.t.
          Detecting non-totally-symmetric integrals ... none
          Computing intermediates on 1 processors
        Exited generic contraction (<i i|i i_K(p)> = <i i|p p> . <i i_K(p)|p p>^T)
      Exited generic X intermediate evaluator
    Exited Alpha-beta Q intermediate evaluator
  Exited B(app. B) intermediate evaluator

  Entered MP2 pair energies (<i i|a a>) evaluator
    Computing intermediates on 1 processors
  Exited MP2 pair energies (<i i|a a>) evaluator

  Entered MP2 pair energies (<i i|a a>) evaluator
    Computing intermediates on 1 processors
  Exited MP2 pair energies (<i i|a a>) evaluator
  Computing orthonormal alpha-beta geminal space.
    Using canonical orthogonalization.
    n(basis):            25
    Maximum orthogonalization residual = 0.131461
    Minimum orthogonalization residual = 0.00447838
  WARNING: Alpha-beta B matrix in orthonormal basis has 9 negative eigenvalues
  WARNING: Alpha-beta ~B(6) matrix in orthonormal basis has 4 negative eigenvalues
  WARNING: Alpha-beta ~B(7) matrix in orthonormal basis has 4 negative eigenvalues
  WARNING: Alpha-beta ~B(8) matrix in orthonormal basis has 5 negative eigenvalues
  WARNING: Alpha-beta ~B(9) matrix in orthonormal basis has 5 negative eigenvalues
  WARNING: Alpha-beta ~B(11) matrix in orthonormal basis has 4 negative eigenvalues
  WARNING: Alpha-beta ~B(12) matrix in orthonormal basis has 5 negative eigenvalues
  WARNING: Alpha-beta ~B(13) matrix in orthonormal basis has 5 negative eigenvalues
  WARNING: Alpha-beta ~B(14) matrix in orthonormal basis has 5 negative eigenvalues
  WARNING: Alpha-beta ~B(16) matrix in orthonormal basis has 5 negative eigenvalues
  WARNING: Alpha-beta ~B(17) matrix in orthonormal basis has 5 negative eigenvalues
  WARNING: Alpha-beta ~B(18) matrix in orthonormal basis has 5 negative eigenvalues
  WARNING: Alpha-beta ~B(19) matrix in orthonormal basis has 5 negative eigenvalues
  WARNING: Alpha-beta ~B(21) matrix in orthonormal basis has 5 negative eigenvalues
  WARNING: Alpha-beta ~B(22) matrix in orthonormal basis has 5 negative eigenvalues
  WARNING: Alpha-beta ~B(23) matrix in orthonormal basis has 5 negative eigenvalues
  WARNING: Alpha-beta ~B(24) matrix in orthonormal basis has 5 negative eigenvalues
  Computing orthonormal alpha-alpha geminal space.
    Using canonical orthogonalization.
    n(basis):            10
    Maximum orthogonalization residual = 0.0923349
    Minimum orthogonalization residual = 0.0089584
  WARNING: Alpha-alpha B matrix in orthonormal basis has 3 negative eigenvalues
  WARNING: Alpha-alpha ~B(2) matrix in orthonormal basis has 2 negative eigenvalues
  WARNING: Alpha-alpha ~B(4) matrix in orthonormal basis has 2 negative eigenvalues
  WARNING: Alpha-alpha ~B(5) matrix in orthonormal basis has 2 negative eigenvalues
  WARNING: Alpha-alpha ~B(7) matrix in orthonormal basis has 2 negative eigenvalues
  WARNING: Alpha-alpha ~B(8) matrix in orthonormal basis has 2 negative eigenvalues
  WARNING: Alpha-alpha ~B(9) matrix in orthonormal basis has 2 negative eigenvalues

  Singlet MBPT2-F12/A' pair energies:
      i       j        mp2(ij)        r12(ij)      mp2-r12(ij)
    -----   -----   ------------   ------------   ------------
      1       1     -0.000427901   -0.106571604   -0.106999505
      2       1     -0.000248588   -0.017762186   -0.018010774
      2       2     -0.008947046   -0.004282525   -0.013229571
      3       1     -0.000115154   -0.002519067   -0.002634221
      3       2     -0.012272428   -0.009777273   -0.022049701
      3       3     -0.019751020   -0.001576730   -0.021327750
      4       1     -0.000167369   -0.004221872   -0.004389242
      4       2     -0.009466858    0.039173204    0.029706346
      4       3     -0.012722847   -0.003881386   -0.016604233
      4       4     -0.017329041   -0.007817645   -0.025146685
      5       1     -0.000158942   -0.002766602   -0.002925544
      5       2     -0.009075206   -0.007380196   -0.016455402
      5       3     -0.008904392   -0.006904744   -0.015809136
      5       4     -0.010041762   -0.009853861   -0.019895622
      5       5     -0.016925640   -0.008278974   -0.025204613

  Triplet MBPT2-F12/A' pair energies:
      i       j        mp2(ij)        r12(ij)      mp2-r12(ij)
    -----   -----   ------------   ------------   ------------
      2       1     -0.000033665   -0.006932003   -0.006965669
      3       1     -0.000352091   -0.003183135   -0.003535226
      3       2     -0.005940691   -0.002294762   -0.008235454
      4       1     -0.000396662   -0.003232412   -0.003629075
      4       2     -0.005621228   -0.002683364   -0.008304592
      4       3     -0.018814377   -0.003350945   -0.022165322
      5       1     -0.000433560   -0.002829574   -0.003263134
      5       2     -0.005854165   -0.003491571   -0.009345735
      5       3     -0.019864522   -0.003570543   -0.023435065
      5       4     -0.019849686   -0.003888908   -0.023738594

  Singlet MP2 correlation energy [au]:             -0.126554193108
  Triplet MP2 correlation energy [au]:             -0.077160648691
  Singlet (MP2)-F12/ A' correlation energy [au]:   -0.154421460258
  Triplet (MP2)-F12/ A' correlation energy [au]:   -0.035457217750
  Singlet MP2-F12/ A' correlation energy [au]:     -0.280975653366
  Triplet MP2-F12/ A' correlation energy [au]:     -0.112617866440

  RHF energy [au]:                                -76.025888240260
  MP2 correlation energy [au]:                     -0.203714841798
  (MBPT2)-F12/ A' correlation energy [au]:         -0.189878678008
  MBPT2-F12/ A' correlation energy [au]:           -0.393593519806
  MBPT2-F12/ A' energy [au]:                      -76.419481760067

  Computing orthonormal alpha-beta geminal space.
    Using canonical orthogonalization.
    n(basis):            25
    Maximum orthogonalization residual = 0.131461
    Minimum orthogonalization residual = 0.00447838
  WARNING: Alpha-beta B matrix in orthonormal basis has 4 negative eigenvalues
  WARNING: Alpha-beta ~B(6) matrix in orthonormal basis has 4 negative eigenvalues
  WARNING: Alpha-beta ~B(7) matrix in orthonormal basis has 4 negative eigenvalues
  WARNING: Alpha-beta ~B(8) matrix in orthonormal basis has 4 negative eigenvalues
  WARNING: Alpha-beta ~B(9) matrix in orthonormal basis has 4 negative eigenvalues
  WARNING: Alpha-beta ~B(11) matrix in orthonormal basis has 4 negative eigenvalues
  WARNING: Alpha-beta ~B(12) matrix in orthonormal basis has 4 negative eigenvalues
  WARNING: Alpha-beta ~B(13) matrix in orthonormal basis has 4 negative eigenvalues
  WARNING: Alpha-beta ~B(14) matrix in orthonormal basis has 4 negative eigenvalues
  WARNING: Alpha-beta ~B(16) matrix in orthonormal basis has 4 negative eigenvalues
  WARNING: Alpha-beta ~B(17) matrix in orthonormal basis has 4 negative eigenvalues
  WARNING: Alpha-beta ~B(18) matrix in orthonormal basis has 4 negative eigenvalues
  WARNING: Alpha-beta ~B(19) matrix in orthonormal basis has 4 negative eigenvalues
  WARNING: Alpha-beta ~B(21) matrix in orthonormal basis has 4 negative eigenvalues
  WARNING: Alpha-beta ~B(22) matrix in orthonormal basis has 4 negative eigenvalues
  WARNING: Alpha-beta ~B(23) matrix in orthonormal basis has 4 negative eigenvalues
  WARNING: Alpha-beta ~B(24) matrix in orthonormal basis has 4 negative eigenvalues
  Computing orthonormal alpha-alpha geminal space.
    Using canonical orthogonalization.
    n(basis):            10
    Maximum orthogonalization residual = 0.0923349
    Minimum orthogonalization residual = 0.0089584
  WARNING: Alpha-alpha B matrix in orthonormal basis has 2 negative eigenvalues
  WARNING: Alpha-alpha ~B(2) matrix in orthonormal basis has 2 negative eigenvalues
  WARNING: Alpha-alpha ~B(4) matrix in orthonormal basis has 2 negative eigenvalues
  WARNING: Alpha-alpha ~B(5) matrix in orthonormal basis has 2 negative eigenvalues
  WARNING: Alpha-alpha ~B(7) matrix in orthonormal basis has 2 negative eigenvalues
  WARNING: Alpha-alpha ~B(8) matrix in orthonormal basis has 2 negative eigenvalues
  WARNING: Alpha-alpha ~B(9) matrix in orthonormal basis has 2 negative eigenvalues

  Singlet MBPT2-F12/B pair energies:
      i       j        mp2(ij)        r12(ij)      mp2-r12(ij)
    -----   -----   ------------   ------------   ------------
      1       1     -0.000427901   -0.089515413   -0.089943314
      2       1     -0.000248588   -0.013324996   -0.013573584
      2       2     -0.008947046   -0.003180260   -0.012127306
      3       1     -0.000115154   -0.002001466   -0.002116620
      3       2     -0.012272428   -0.006474888   -0.018747316
      3       3     -0.019751020   -0.003971867   -0.023722887
      4       1     -0.000167369   -0.003037006   -0.003204375
      4       2     -0.009466858   -0.004685288   -0.014152146
      4       3     -0.012722847   -0.002410569   -0.015133416
      4       4     -0.017329041   -0.004288542   -0.021617583
      5       1     -0.000158942   -0.001905357   -0.002064299
      5       2     -0.009075206   -0.003529081   -0.012604288
      5       3     -0.008904392   -0.003449742   -0.012354134
      5       4     -0.010041762   -0.004486727   -0.014528489
      5       5     -0.016925640   -0.005327646   -0.022253286

  Triplet MBPT2-F12/B pair energies:
      i       j        mp2(ij)        r12(ij)      mp2-r12(ij)
    -----   -----   ------------   ------------   ------------
      2       1     -0.000033665   -0.005507994   -0.005541659
      3       1     -0.000352091   -0.002540111   -0.002892203
      3       2     -0.005940691   -0.001564260   -0.007504952
      4       1     -0.000396662   -0.002306450   -0.002703113
      4       2     -0.005621228   -0.001724790   -0.007346018
      4       3     -0.018814377   -0.001987507   -0.020801884
      5       1     -0.000433560   -0.001972832   -0.002406392
      5       2     -0.005854165   -0.002189848   -0.008044013
      5       3     -0.019864522   -0.002042503   -0.021907025
      5       4     -0.019849686   -0.002147767   -0.021997454

  Singlet MP2 correlation energy [au]:             -0.126554193108
  Triplet MP2 correlation energy [au]:             -0.077160648691
  Singlet (MP2)-F12/  B correlation energy [au]:   -0.151588848640
  Triplet (MP2)-F12/  B correlation energy [au]:   -0.023984063114
  Singlet MP2-F12/  B correlation energy [au]:     -0.278143041747
  Triplet MP2-F12/  B correlation energy [au]:     -0.101144711804

  RHF energy [au]:                                -76.025888240260
  MP2 correlation energy [au]:                     -0.203714841798
  (MBPT2)-F12/  B correlation energy [au]:         -0.175572911753
  MBPT2-F12/  B correlation energy [au]:           -0.379287753552
  MBPT2-F12/  B energy [au]:                      -76.405175993812


  Value of the MolecularEnergy:  -76.4051759938

  MBPT2_R12:
    Spin-adapted algorithm: true
    Use new MP2R12Energy: false
    Compute Hylleraas functional: false
    R12Technology:
      CorrelationFactor:
        Function 0:
          Functional form: R12

      GBC assumed: true
      EBC assumed: true
      EBC-free method: Valeev
      Enforce positive definiteness of B, but not ~B(ij)
      ABS method variant: ABS  (Klopper and Samson)
      Standard Approximation: B
      LinearR12Ansatz:
        Orbital Product Space: ij
        Projector: 2  , i.e. (1-P1)(1-P2)-V1V2
        Ansatz: orbital-invariant
        WOF: false
      Max # ABS indices: 2
    MBPT2:
      Function Parameters:
        value_accuracy    = 1.718700e-07 (1.000000e-06) (computed)
        gradient_accuracy = 0.000000e+00 (1.000000e-06)
        hessian_accuracy  = 0.000000e+00 (1.000000e-04)

      Molecular Coordinates:
        IntMolecularCoor Parameters:
          update_bmat = no
          scale_bonds = 1
          scale_bends = 1
          scale_tors = 1
          scale_outs = 1
          symmetry_tolerance = 1.000000e-05
          simple_tolerance = 1.000000e-03
          coordinate_tolerance = 1.000000e-07
          have_fixed_values = 0
          max_update_steps = 100
          max_update_disp = 0.500000
          have_fixed_values = 0

        Molecular formula: H2O
        molecule<Molecule>: (
          symmetry = c2v
          unit = "angstrom"
          {  n atoms                        geometry                     }={
             1     O [    0.0000000000     0.0000000000     0.3693729440]
             2     H [    0.7839758990     0.0000000000    -0.1846864720]
             3     H [   -0.7839758990    -0.0000000000    -0.1846864720]
          }
        )
        Atomic Masses:
           15.99491    1.00783    1.00783

        Bonds:
          STRE       s1     0.96000    1    2         O-H
          STRE       s2     0.96000    1    3         O-H
        Bends:
          BEND       b1   109.50000    2    1    3      H-O-H

        SymmMolecularCoor Parameters:
          change_coordinates = no
          transform_hessian = yes
          max_kappa2 = 10.000000

      Electronic basis:
        GaussianBasisSet:
          nbasis = 24
          nshell = 11
          nprim  = 24
          name = "cc-pVDZ"
      Reference Wavefunction:
        Function Parameters:
          value_accuracy    = 1.718700e-09 (1.000000e-08) (computed)
          gradient_accuracy = 0.000000e+00 (1.000000e-06)
          hessian_accuracy  = 0.000000e+00 (1.000000e-04)

        Molecule:
          Molecular formula: H2O
          molecule<Molecule>: (
            symmetry = c2v
            unit = "angstrom"
            {  n atoms                        geometry                     }={
               1     O [    0.0000000000     0.0000000000     0.3693729440]
               2     H [    0.7839758990     0.0000000000    -0.1846864720]
               3     H [   -0.7839758990    -0.0000000000    -0.1846864720]
            }
          )
          Atomic Masses:
             15.99491    1.00783    1.00783

        Electronic basis:
          GaussianBasisSet:
            nbasis = 24
            nshell = 11
            nprim  = 24
            name = "cc-pVDZ"
        SCF Parameters:
          maxiter = 100
          density_reset_frequency = 10
          level_shift = 0.000000

        CLSCF Parameters:
          charge = 0
          ndocc = 5
          docc = [ 3 0 1 1 ]


                                                             CPU Wall
mpqc:                                                       3.13 3.14
  calc:                                                     2.64 2.65
    mp2-f12 energy:                                         2.64 2.65
      B(BC) intermediate:                                   0.00 0.00
      B(app. B) intermediate:                               1.27 1.27
        Alpha-beta Q intermediate:                          1.27 1.27
          exchange:                                         0.12 0.12
            MO ints retrieve:                               0.00 0.00
            tbint_tform_ikjy (mx|ny):                       0.12 0.12
              mp2-r12/a passes:                             0.08 0.08
                4. q.t.:                                    0.00 0.00
                MO ints store:                              0.00 0.00
                ints+1qt+2qt+3qt:                           0.08 0.08
          generic X intermediate:                           1.15 1.15
            Generic tensor contract:                        0.89 0.89
              MO ints retrieve:                             0.01 0.00
              tbint_tform_ikjy <i i_K(p)| R12[0] |p p>_bb:  0.87 0.87
                mp2-r12/a passes:                           0.84 0.83
                  4. q.t.:                                  0.00 0.01
                  MO ints store:                            0.01 0.00
                  ints+1qt+2qt+3qt:                         0.83 0.82
      MP2 pair energies:                                    0.02 0.01
        MO ints retrieve:                                   0.00 0.00
      mp2-f12/a' pair energies:                             0.01 0.01
      mp2-f12/b pair energies:                              0.01 0.01
      mp2-f12a intermeds (tensor contract):                 0.68 0.68
        Generic tensor contract:                            0.68 0.68
          MO ints retrieve:                                 0.02 0.01
          tbint_tform_ikjy <i i| R12[0] |p p>_bb:           0.62 0.62
            mp2-r12/a passes:                               0.57 0.58
              4. q.t.:                                      0.01 0.01
              MO ints store:                                0.00 0.00
              ints+1qt+2qt+3qt:                             0.56 0.57
      vector:                                               0.47 0.47
        density:                                            0.00 0.00
        evals:                                              0.00 0.00
        extrap:                                             0.00 0.01
        fock:                                               0.43 0.42
          accum:                                            0.00 0.00
          ao_gmat:                                          0.40 0.40
            start thread:                                   0.40 0.40
            stop thread:                                    0.00 0.00
          init pmax:                                        0.00 0.00
          local data:                                       0.00 0.00
          setup:                                            0.01 0.01
          sum:                                              0.00 0.00
          symm:                                             0.01 0.01
  input:                                                    0.48 0.49
    vector:                                                 0.12 0.12
      density:                                              0.01 0.00
      evals:                                                0.00 0.00
      extrap:                                               0.00 0.00
      fock:                                                 0.07 0.07
        accum:                                              0.00 0.00
        ao_gmat:                                            0.05 0.06
          start thread:                                     0.05 0.06
          stop thread:                                      0.00 0.00
        init pmax:                                          0.00 0.00
        local data:                                         0.00 0.00
        setup:                                              0.00 0.00
        sum:                                                0.00 0.00
        symm:                                               0.01 0.00

  End Time: Thu Aug 21 15:31:45 2008

