
                    MPQC: Massively Parallel Quantum Chemistry
                                Version 3.0.0-alpha

  Machine:    x86_64-unknown-linux-gnu
  User:       cljanss@localhost
  Start Time: Tue May  8 08:41:48 2007

  Using ProcMessageGrp for message passing (number of nodes = 1).
  Using PthreadThreadGrp for threading (number of threads = 2).
  Using ProcMemoryGrp for distributed shared memory.
  Total number of processors = 2

  Using IntegralV3 by default for molecular integrals evaluation

  Reading file /usr/local/mpqc/3.0.0-alpha/share/atominfo.kv.
  Using symmetric orthogonalization.
  n(basis):             4     0     2     1
  Maximum orthogonalization residual = 1.9058
  Minimum orthogonalization residual = 0.363085

  Restored <Optimize> from ckpt_1qnewtopt.ckpt

  Molecular formula H2O

  MPQC options:
    matrixkit     = <ReplSCMatrixKit>
    filename      = ckpt_2qnewtopt
    restart_file  = ckpt_1qnewtopt.ckpt
    restart       = yes
    checkpoint    = no
    savestate     = no
    do_energy     = yes
    do_gradient   = no
    optimize      = yes
    write_pdb     = no
    print_mole    = yes
    print_timings = yes

  Optimizing using:
    QNewtonOpt:
      accuracy         = 0.000300701
      print_x          = no
      print_hessian    = no
      print_gradient   = no
      linear           = no
      restrict         = no
      dynamic_grad_acc = no
      restart          = no
      update           =
        Object of type BFGSUpdate
      lineopt          = 0 (line optimization will not be performed)
      Optimize (base class of QNewtonOpt):
        print_timings  = no
        checkpoint     = yes
        max_iterations = 2
        max_stepsize   = 0.6
        convergence    = 
          MolEnergyConvergence:
            cartesian     = yes
            Convergence (base class of MolEnergyConvergence):
              The following criteria must be simultaneously satified:
              max_disp         = 0.0001
              max_grad         = 0.0001
              graddisp         = 0.0001

  SCF::compute: energy accuracy = 3.0070108e-06

  nuclear repulsion energy =    8.9074557289

  integral intermediate storage = 32700 bytes
  integral cache = 15966852 bytes
  Beginning iterations.  Basis is STO-3G.
                   565 integrals
  iter     1 energy =  -74.9658760000 delta = 7.77770e-01
                   565 integrals
  iter     2 energy =  -74.9658960905 delta = 1.75164e-03
                   565 integrals
  iter     3 energy =  -74.9659003068 delta = 1.07512e-03
                   565 integrals
  iter     4 energy =  -74.9659005409 delta = 3.32757e-04
                   565 integrals
  iter     5 energy =  -74.9659005417 delta = 1.33813e-05
                   565 integrals
  iter     6 energy =  -74.9659005417 delta = 7.51383e-07

  HOMO is     1  B2 =  -0.392545
  LUMO is     4  A1 =   0.581747

  total scf energy =  -74.9659005417

  SCF::compute: gradient accuracy = 3.0070108e-04

  Total Gradient:
       1   O   0.0000000000   0.0000000000  -0.0006048624
       2   H   0.0001386424  -0.0000000000   0.0003024312
       3   H  -0.0001386424  -0.0000000000   0.0003024312

  Max Gradient     :   0.0006048624   0.0001000000  no
  Max Displacement :   0.0011699898   0.0001000000  no
  Gradient*Displace:   0.0000013466   0.0001000000  yes
  taking step of size 0.002198
  Optimization iteration 1 complete
  //////////////////////////////////////////////////////////////////////

  CLHF: changing atomic coordinates:
  Molecular formula: H2O
  molecule<Molecule>: (
    symmetry = c2v
    unit = "angstrom"
    {  n atoms                        geometry                     }={
       1     O [    0.0000000000     0.0000000000     0.4238984281]
       2     H [    0.7580924985     0.0000000000    -0.2119492141]
       3     H [   -0.7580924985    -0.0000000000    -0.2119492141]
    }
  )
  Atomic Masses:
     15.99491    1.00783    1.00783

  SCF::compute: energy accuracy = 3.0070108e-06

  nuclear repulsion energy =    8.9061536127

  integral intermediate storage = 32700 bytes
  integral cache = 15966852 bytes
  Using symmetric orthogonalization.
  n(basis):             4     0     2     1
  Maximum orthogonalization residual = 1.90602
  Minimum orthogonalization residual = 0.363205
  Beginning iterations.  Basis is STO-3G.
                   565 integrals
  iter     1 energy =  -74.9659007700 delta = 7.77455e-01
                   565 integrals
  iter     2 energy =  -74.9659011131 delta = 2.69913e-04
                   565 integrals
  iter     3 energy =  -74.9659011862 delta = 1.59084e-04
                   565 integrals
  iter     4 energy =  -74.9659011889 delta = 3.25832e-05
                   565 integrals
  iter     5 energy =  -74.9659011889 delta = 2.80567e-06

  HOMO is     1  B2 =  -0.392618
  LUMO is     4  A1 =   0.581762

  total scf energy =  -74.9659011889

  SCF::compute: gradient accuracy = 3.0070108e-04

  Total Gradient:
       1   O  -0.0000000000   0.0000000000   0.0000641760
       2   H   0.0000291448  -0.0000000000  -0.0000320880
       3   H  -0.0000291448  -0.0000000000  -0.0000320880

  Max Gradient     :   0.0000641760   0.0001000000  yes
  Max Displacement :   0.0000582505   0.0001000000  yes
  Gradient*Displace:   0.0000000071   0.0001000000  yes

  All convergence criteria have been met.
  The optimization has converged.

  Value of the MolecularEnergy:  -74.9659011889

  Function Parameters:
    value_accuracy    = 2.805675e-06 (3.007011e-06) (computed)
    gradient_accuracy = 2.805675e-04 (3.007011e-04) (computed)
    hessian_accuracy  = 0.000000e+00 (1.000000e-04)

  Molecular Coordinates:
    IntMolecularCoor Parameters:
      update_bmat = no
      scale_bonds = 1
      scale_bends = 1
      scale_tors = 1
      scale_outs = 1
      symmetry_tolerance = 1.000000e-05
      simple_tolerance = 1.000000e-03
      coordinate_tolerance = 1.000000e-07
      have_fixed_values = 0
      max_update_steps = 100
      max_update_disp = 0.500000
      have_fixed_values = 0

    Molecular formula: H2O
    molecule<Molecule>: (
      symmetry = c2v
      unit = "angstrom"
      {  n atoms                        geometry                     }={
         1     O [    0.0000000000     0.0000000000     0.4238984281]
         2     H [    0.7580924985     0.0000000000    -0.2119492141]
         3     H [   -0.7580924985    -0.0000000000    -0.2119492141]
      }
    )
    Atomic Masses:
       15.99491    1.00783    1.00783

    Bonds:
      STRE       s1     0.98945    1    2         O-H
      STRE       s2     0.98945    1    3         O-H
    Bends:
      BEND       b1   100.02373    2    1    3      H-O-H

    SymmMolecularCoor Parameters:
      change_coordinates = no
      transform_hessian = yes
      max_kappa2 = 10.000000

  Electronic basis:
    GaussianBasisSet:
      nbasis = 7
      nshell = 4
      nprim  = 12
      name = "STO-3G"
  SCF Parameters:
    maxiter = 100
    density_reset_frequency = 10
    level_shift = 0.000000

  CLSCF Parameters:
    charge = 0
    ndocc = 5
    docc = [ 3 0 1 1 ]

                               CPU Wall
mpqc:                         0.08 0.09
  calc:                       0.07 0.07
    compute gradient:         0.04 0.03
      nuc rep:                0.00 0.00
      one electron gradient:  0.00 0.00
      overlap gradient:       0.00 0.00
      two electron gradient:  0.03 0.03
        contribution:         0.00 0.01
          start thread:       0.00 0.00
          stop thread:        0.00 0.00
        setup:                0.02 0.02
    vector:                   0.03 0.03
      density:                0.00 0.00
      evals:                  0.01 0.00
      extrap:                 0.00 0.00
      fock:                   0.02 0.01
        accum:                0.00 0.00
        ao_gmat:              0.01 0.00
          start thread:       0.00 0.00
          stop thread:        0.01 0.00
        init pmax:            0.00 0.00
        local data:           0.00 0.00
        setup:                0.01 0.00
        sum:                  0.00 0.00
        symm:                 0.00 0.00
  input:                      0.02 0.02

  End Time: Tue May  8 08:41:48 2007

