
                    MPQC: Massively Parallel Quantum Chemistry
                                Version 3.0.0-alpha

  Machine:    i386-apple-darwin8.11.1
  User:       evaleev@h80ad93d7.dhcp.vt.edu
  Start Time: Wed May  7 13:24:46 2008

  Using ProcMessageGrp for message passing (number of nodes = 1).
  Using PthreadThreadGrp for threading (number of threads = 1).
  Using ProcMemoryGrp for distributed shared memory.
  Total number of processors = 1

  Using IntegralCints by default for molecular integrals evaluation

  Reading file /Users/evaleev/Development/workspace/mpqc-install-cca/share/mpqc/3.0.0-alpha/atominfo.kv.
  Molecule: setting point group to d2h
  WARNING: two unbound groups of atoms
           consider using extra_bonds input

           adding bond between 1 and 2

  IntCoorGen: generated 1 coordinates.
  Forming optimization coordinates:
    SymmMolecularCoor::form_variable_coordinates()
      expected 0 coordinates
      found 1 variable coordinates
      found 0 constant coordinates
  Reading file /Users/evaleev/Development/workspace/mpqc-install-cca/share/mpqc/3.0.0-alpha/basis/cc-pvtz.kv.
      Reading file /Users/evaleev/Development/workspace/mpqc-install-cca/share/mpqc/3.0.0-alpha/basis/dz_LdunningR.kv.

      CLSCF::init: total charge = 0

      Starting from core Hamiltonian guess

      Using symmetric orthogonalization.
      n(basis):             6     0     2     2     0     6     2     2
      Maximum orthogonalization residual = 2.48511
      Minimum orthogonalization residual = 0.051287
      docc = [ 3 0 1 1 0 3 1 1 ]
      nbasis = 20

  CLSCF::init: total charge = 0

  Projecting guess wavefunction into the present basis set

      SCF::compute: energy accuracy = 1.0000000e-06

      nuclear repulsion energy =   13.2294312250

      integral intermediate storage = 1189784 bytes
      integral cache = 30806856 bytes
      Beginning iterations.  Basis is DZ (Dunning).
                     13009 integrals
      iter     1 energy = -252.7634629761 delta = 2.97136e-01
                     13009 integrals
      iter     2 energy = -257.0370876104 delta = 1.09021e-01
                     13009 integrals
      iter     3 energy = -257.0432373325 delta = 1.12627e-02
                     13009 integrals
      iter     4 energy = -257.0445247364 delta = 4.83949e-03
                     13009 integrals
      iter     5 energy = -257.0447095061 delta = 1.26965e-03
                     13009 integrals
      iter     6 energy = -257.0447095249 delta = 1.58571e-05
                     13009 integrals
      iter     7 energy = -257.0447095260 delta = 3.65216e-06
                     13009 integrals
      iter     8 energy = -257.0447095260 delta = 4.68477e-07

      HOMO is     3 B1u =  -0.843668
      LUMO is     4  Ag =   1.256348

      total scf energy = -257.0447095260

      Projecting the guess density.

        The number of electrons in the guess density = 20
        Using symmetric orthogonalization.
        n(basis):            13     3     7     7     3    13     7     7
        Maximum orthogonalization residual = 2.21515
        Minimum orthogonalization residual = 0.0426604
        The number of electrons in the projected density = 19.9994

  docc = [ 3 0 1 1 0 3 1 1 ]
  nbasis = 60
  Reading file /Users/evaleev/Development/workspace/mpqc-install-cca/share/mpqc/3.0.0-alpha/basis/aug-cc-pvtz.kv.
  ints_file = mbpt_mp2r12_ne2_tz.moints

  Molecular formula Ne2

  The following keywords in "/Users/evaleev/Development/workspace/mpqc/src/bin/mpqc/validate/ref/mbpt_mp2r12_ne2_tz.in" were ignored:
    mpqc:integrals
    mpqc:mole:reference:guess_wavefunction:multiplicity
    mpqc:mole:reference:multiplicity

  MPQC options:
    matrixkit     = <ReplSCMatrixKit>
    filename      = mbpt_mp2r12_ne2_tz
    restart_file  = mbpt_mp2r12_ne2_tz.ckpt
    restart       = no
    checkpoint    = no
    savestate     = no
    do_energy     = yes
    do_gradient   = no
    optimize      = no
    write_pdb     = no
    print_mole    = yes
    print_timings = yes
switched off integral check in mbptr12.cc/compute

  SCF::compute: energy accuracy = 1.0000000e-08

  nuclear repulsion energy =   13.2294312250

  integral intermediate storage = 2421496 bytes
  integral cache = 29549224 bytes
  Beginning iterations.  Basis is cc-pVTZ.
                956892 integrals
  iter     1 energy = -257.0616414261 delta = 8.49687e-02
                956892 integrals
  iter     2 energy = -257.0637140245 delta = 1.84855e-03
                956892 integrals
  iter     3 energy = -257.0637239355 delta = 1.24417e-04
                956892 integrals
  iter     4 energy = -257.0637246470 delta = 2.23547e-05
                956892 integrals
  iter     5 energy = -257.0637247553 delta = 5.95508e-06
                956892 integrals
  iter     6 energy = -257.0637247556 delta = 5.35576e-07
                956892 integrals
  iter     7 energy = -257.0637247556 delta = 3.94559e-09

  HOMO is     3 B1u =  -0.845157
  LUMO is     4  Ag =   1.092828

  total scf energy = -257.0637247556
  Orthogonalizing basis for space RIBS:
    Using symmetric orthogonalization.
    n(basis):            19     5    11    11     5    19    11    11
    Maximum orthogonalization residual = 2.67573
    Minimum orthogonalization residual = 0.0271252
  Orthogonalizing basis for space OBS+ABS:
    WARNING: 60 basis functions ignored in symmetric orthogonalization.
    Using symmetric orthogonalization.
    n(basis):            32     8    18    18     8    32    18    18
    Maximum orthogonalization residual = 4.81103
    Minimum orthogonalization residual = 0.0511618

  Entered generic contraction (<i i|i i> = <i i|p p> . <i i|p p>^T)
    Entered <i i| R12[0] |p p>_bb integrals evaluator (transform type ikjy)
      Memory available per node:      32000000 Bytes
      Static memory used per node:    1065280 Bytes
      Total memory used per node:     9975520 Bytes
      Memory required for one pass:   9975520 Bytes
      Minimum memory required:        2207200 Bytes
      Number of passes:               1
      Batch size:                     8
      Beginning pass 1
      Begin loop over shells (ints, 1+2+3 q.t.)
        working on shell pair (  0   0),  0.000% complete (0 of 171)
        working on shell pair (  5   2),  9.942% complete (17 of 171)
        working on shell pair (  7   6), 19.883% complete (34 of 171)
        working on shell pair (  9   6), 29.825% complete (51 of 171)
        working on shell pair ( 11   2), 39.766% complete (68 of 171)
        working on shell pair ( 12   7), 49.708% complete (85 of 171)
        working on shell pair ( 13  11), 59.649% complete (102 of 171)
        working on shell pair ( 14  14), 69.591% complete (119 of 171)
        working on shell pair ( 16   0), 79.532% complete (136 of 171)
        working on shell pair ( 17   0), 89.474% complete (153 of 171)
        working on shell pair ( 17  17), 99.415% complete (170 of 171)
      End of loop over shells
      Begin fourth q.t.
      End of fourth q.t.
    Detecting non-totally-symmetric integrals ... none
    Computing intermediates on 1 processors
  Exited generic contraction (<i i|i i> = <i i|p p> . <i i|p p>^T)

  Entered generic contraction (<i i|i i> = <i i|p p> . <i i|p p>^T)
    Computing intermediates on 1 processors
  Exited generic contraction (<i i|i i> = <i i|p p> . <i i|p p>^T)

  Entered generic contraction (<i i|i i> = <i i|p p> . <i i|p p>^T)
    Computing intermediates on 1 processors
  Exited generic contraction (<i i|i i> = <i i|p p> . <i i|p p>^T)

  Entered generic contraction (<i i|i i> = <i i|p p> . <i i|p p>^T)
    Computing intermediates on 1 processors
  Exited generic contraction (<i i|i i> = <i i|p p> . <i i|p p>^T)

  Entered generic contraction (<i i|i i> = <i i|m p'> . <i i|m p'>^T)
    Entered <i i| R12[0] |m p'>_bb integrals evaluator (transform type ikjy)
      Memory available per node:      32000000 Bytes
      Static memory used per node:    1080192 Bytes
      Total memory used per node:     3850352 Bytes
      Memory required for one pass:   3850352 Bytes
      Minimum memory required:        1433392 Bytes
      Number of passes:               1
      Batch size:                     8
      Beginning pass 1
      Begin loop over shells (ints, 1+2+3 q.t.)
        working on shell pair (  0   0),  0.000% complete (0 of 468)
        working on shell pair (  2  11), 10.043% complete (47 of 468)
        working on shell pair (  5   4), 20.085% complete (94 of 468)
        working on shell pair (  7  15), 30.128% complete (141 of 468)
        working on shell pair ( 10   8), 40.171% complete (188 of 468)
        working on shell pair ( 13   1), 50.214% complete (235 of 468)
        working on shell pair ( 15  12), 60.256% complete (282 of 468)
        working on shell pair ( 18   5), 70.299% complete (329 of 468)
        working on shell pair ( 20  16), 80.342% complete (376 of 468)
        working on shell pair ( 23   9), 90.385% complete (423 of 468)
      End of loop over shells
      Begin fourth q.t.
      End of fourth q.t.
    Detecting non-totally-symmetric integrals ... none
    Computing intermediates on 1 processors
  Exited generic contraction (<i i|i i> = <i i|m p'> . <i i|m p'>^T)

  Entered generic contraction (<i i|i i> = <i i|m p'> . <i i|m p'>^T)
    Computing intermediates on 1 processors
  Exited generic contraction (<i i|i i> = <i i|m p'> . <i i|m p'>^T)

  Entered generic contraction (<i i|i i> = <i i|m p'> . <i i|m p'>^T)
    Computing intermediates on 1 processors
  Exited generic contraction (<i i|i i> = <i i|m p'> . <i i|m p'>^T)

  Entered generic contraction (<i i|i i> = <i i|m p'> . <i i|m p'>^T)
    Computing intermediates on 1 processors
  Exited generic contraction (<i i|i i> = <i i|m p'> . <i i|m p'>^T)

  Entered B(BC) intermediate evaluator
  Exited B(BC) intermediate evaluator

  Entered MP2 pair energies (<i i|a a>) evaluator
    Computing intermediates on 1 processors
  Exited MP2 pair energies (<i i|a a>) evaluator

  Entered MP2 pair energies (<i i|a a>) evaluator
    Computing intermediates on 1 processors
  Exited MP2 pair energies (<i i|a a>) evaluator
  Computing orthonormal alpha-beta geminal space.
    Using canonical orthogonalization.
    n(basis):            64
    Maximum orthogonalization residual = 0.0255905
    Minimum orthogonalization residual = 0.0017725
  Computing orthonormal alpha-alpha geminal space.
    Using canonical orthogonalization.
    n(basis):            28
    Maximum orthogonalization residual = 0.0173534
    Minimum orthogonalization residual = 0.00177307

  Singlet MBPT2-F12/A' pair energies:
      i       j        mp2(ij)        r12(ij)      mp2-r12(ij)
    -----   -----   ------------   ------------   ------------
      1       1     -0.004782085   -0.000805500   -0.005587585
      2       1     -0.009564338   -0.001610829   -0.011175168
      2       2     -0.004782272   -0.000805415   -0.005587687
      3       1     -0.007137061   -0.001779466   -0.008916527
      3       2     -0.007137217   -0.001779222   -0.008916439
      3       3     -0.011069281   -0.001281957   -0.012351238
      4       1     -0.007141040   -0.001777355   -0.008918395
      4       2     -0.007141236   -0.001777294   -0.008918530
      4       3     -0.006906005   -0.001114420   -0.008020425
      4       4     -0.011080036   -0.001280012   -0.012360047
      5       1     -0.007141040   -0.001777355   -0.008918395
      5       2     -0.007141236   -0.001777294   -0.008918530
      5       3     -0.006906005   -0.001114420   -0.008020425
      5       4     -0.006909955   -0.001112855   -0.008022810
      5       5     -0.011080036   -0.001280012   -0.012360047
      6       1     -0.007141595   -0.001776566   -0.008918161
      6       2     -0.007141796   -0.001776514   -0.008918310
      6       3     -0.006906506   -0.001113516   -0.008020022
      6       4     -0.006910509   -0.001112049   -0.008022557
      6       5     -0.022161381   -0.002557610   -0.024718991
      6       6     -0.011081589   -0.001278403   -0.012359991
      7       1     -0.007141595   -0.001776566   -0.008918161
      7       2     -0.007141796   -0.001776514   -0.008918310
      7       3     -0.006906506   -0.001113516   -0.008020022
      7       4     -0.022161381   -0.002557610   -0.024718991
      7       5     -0.006910509   -0.001112049   -0.008022557
      7       6     -0.006911078   -0.001111266   -0.008022344
      7       7     -0.011081589   -0.001278403   -0.012359991
      8       1     -0.007145628   -0.001779746   -0.008925374
      8       2     -0.007145843   -0.001779622   -0.008925465
      8       3     -0.022161311   -0.002555439   -0.024716750
      8       4     -0.006914633   -0.001112601   -0.008027234
      8       5     -0.006914633   -0.001112601   -0.008027234
      8       6     -0.006915187   -0.001111600   -0.008026787
      8       7     -0.006915187   -0.001111600   -0.008026787
      8       8     -0.011092865   -0.001276693   -0.012369558

  Triplet MBPT2-F12/A' pair energies:
      i       j        mp2(ij)        r12(ij)      mp2-r12(ij)
    -----   -----   ------------   ------------   ------------
      2       1     -0.000000038   -0.000000063   -0.000000101
      3       1     -0.003782519   -0.000476590   -0.004259109
      3       2     -0.003782817   -0.000476562   -0.004259378
      4       1     -0.003784956   -0.000479854   -0.004264810
      4       2     -0.003785156   -0.000479677   -0.004264832
      4       3     -0.013533360   -0.000469150   -0.014002510
      5       1     -0.003784956   -0.000479854   -0.004264810
      5       2     -0.003785156   -0.000479677   -0.004264832
      5       3     -0.013533360   -0.000469150   -0.014002510
      5       4     -0.013541282   -0.000468923   -0.014010205
      6       1     -0.003785305   -0.000478754   -0.004264059
      6       2     -0.003785491   -0.000478559   -0.004264050
      6       3     -0.013534560   -0.000467510   -0.014002070
      6       4     -0.013542423   -0.000467599   -0.014010022
      6       5     -0.000000724   -0.000002373   -0.000003097
      7       1     -0.003785305   -0.000478754   -0.004264059
      7       2     -0.003785491   -0.000478559   -0.004264050
      7       3     -0.013534560   -0.000467510   -0.014002070
      7       4     -0.000000724   -0.000002373   -0.000003097
      7       5     -0.013542423   -0.000467599   -0.014010022
      7       6     -0.013543520   -0.000466305   -0.014009825
      8       1     -0.003787834   -0.000475374   -0.004263208
      8       2     -0.003787977   -0.000475009   -0.004262986
      8       3     -0.000001904   -0.000009622   -0.000011526
      8       4     -0.013550726   -0.000466012   -0.014016738
      8       5     -0.013550726   -0.000466012   -0.014016738
      8       6     -0.013551821   -0.000464691   -0.014016512
      8       7     -0.013551821   -0.000464691   -0.014016512

  Singlet MP2 correlation energy [au]:             -0.320721957841
  Triplet MP2 correlation energy [au]:             -0.207936930328
  Singlet (MP2)-F12/ A' correlation energy [au]:   -0.053253887955
  Triplet (MP2)-F12/ A' correlation energy [au]:   -0.011356805572
  Singlet MP2-F12/ A' correlation energy [au]:     -0.373975845796
  Triplet MP2-F12/ A' correlation energy [au]:     -0.219293735900

  RHF energy [au]:                               -257.063724755552
  MP2 correlation energy [au]:                     -0.528658888169
  (MBPT2)-F12/ A' correlation energy [au]:         -0.064610693527
  MBPT2-F12/ A' correlation energy [au]:           -0.593269581695
  MBPT2-F12/ A' energy [au]:                     -257.656994337247


  Value of the MolecularEnergy: -257.6569943372

  MBPT2_R12:
    Spin-adapted algorithm: true
    Use new MP2R12Energy: false
    Compute Hylleraas functional: false
    R12Technology:
      CorrelationFactor:
        Function 0:
          Functional form: R12

      GBC assumed: true
      EBC assumed: true
      EBC-free method: Valeev
      Enforce positive definiteness of B, but not ~B(ij)
      ABS method variant: ABS  (Klopper and Samson)
      Standard Approximation: A'
      LinearR12Ansatz:
        Orbital Product Space: ij
        Projector: 2  , i.e. (1-P1)(1-P2)-V1V2
        Ansatz: orbital-invariant
        WOF: false
      Max # ABS indices: 2
    MBPT2:
      Function Parameters:
        value_accuracy    = 3.945593e-07 (1.000000e-06) (computed)
        gradient_accuracy = 0.000000e+00 (1.000000e-06)
        hessian_accuracy  = 0.000000e+00 (1.000000e-04)

      Molecular Coordinates:
        IntMolecularCoor Parameters:
          update_bmat = no
          scale_bonds = 1
          scale_bends = 1
          scale_tors = 1
          scale_outs = 1
          symmetry_tolerance = 1.000000e-05
          simple_tolerance = 1.000000e-03
          coordinate_tolerance = 1.000000e-07
          have_fixed_values = 0
          max_update_steps = 100
          max_update_disp = 0.500000
          have_fixed_values = 0

        Molecular formula: Ne2
        molecule<Molecule>: (
          symmetry = d2h
          unit = "angstrom"
          {  n atoms                        geometry                     }={
             1    Ne [    0.0000000000     0.0000000000     2.0000000000]
             2    Ne [    0.0000000000     0.0000000000    -2.0000000000]
          }
        )
        Atomic Masses:
           19.99244   19.99244

        Bonds:
          STRE       s1     4.00000    1    2         Ne-Ne

        SymmMolecularCoor Parameters:
          change_coordinates = no
          transform_hessian = yes
          max_kappa2 = 10.000000

      Electronic basis:
        GaussianBasisSet:
          nbasis = 60
          nshell = 18
          nprim  = 36
          name = "cc-pVTZ"
      Reference Wavefunction:
        Function Parameters:
          value_accuracy    = 3.945593e-09 (1.000000e-08) (computed)
          gradient_accuracy = 0.000000e+00 (1.000000e-06)
          hessian_accuracy  = 0.000000e+00 (1.000000e-04)

        Molecule:
          Molecular formula: Ne2
          molecule<Molecule>: (
            symmetry = d2h
            unit = "angstrom"
            {  n atoms                        geometry                     }={
               1    Ne [    0.0000000000     0.0000000000     2.0000000000]
               2    Ne [    0.0000000000     0.0000000000    -2.0000000000]
            }
          )
          Atomic Masses:
             19.99244   19.99244

        Electronic basis:
          GaussianBasisSet:
            nbasis = 60
            nshell = 18
            nprim  = 36
            name = "cc-pVTZ"
        SCF Parameters:
          maxiter = 100
          density_reset_frequency = 10
          level_shift = 0.000000

        CLSCF Parameters:
          charge = 0
          ndocc = 10
          docc = [ 3 0 1 1 0 3 1 1 ]


                                                      CPU  Wall
mpqc:                                               30.53 31.30
  calc:                                             29.83 30.57
    mp2-f12 energy:                                 29.83 30.56
      B(BC) intermediate:                            0.01  0.01
      MP2 pair energies:                             0.41  0.41
        MO ints retrieve:                            0.01  0.01
      mp2-f12/a' pair energies:                      0.60  0.61
      mp2-f12a intermeds (tensor contract):         23.93 24.59
        Generic tensor contract:                    23.88 24.55
          MO ints retrieve:                          1.34  1.35
          tbint_tform_ikjy <i i| R12[0] |m p'>_bb:  10.02 10.12
            mp2-r12/a passes:                       10.01 10.11
              4. q.t.:                               0.02  0.02
              MO ints store:                         0.01  0.01
              ints+1qt+2qt+3qt:                      9.97 10.08
          tbint_tform_ikjy <i i| R12[0] |p p>_bb:    4.69  4.75
            mp2-r12/a passes:                        4.68  4.74
              4. q.t.:                               0.05  0.05
              MO ints store:                         0.02  0.02
              ints+1qt+2qt+3qt:                      4.59  4.65
      vector:                                        4.16  4.21
        density:                                     0.00  0.00
        evals:                                       0.01  0.01
        extrap:                                      0.01  0.01
        fock:                                        4.13  4.18
          accum:                                     0.00  0.00
          ao_gmat:                                   3.76  3.81
            start thread:                            3.76  3.81
            stop thread:                             0.00  0.00
          init pmax:                                 0.00  0.00
          local data:                                0.01  0.01
          setup:                                     0.17  0.17
          sum:                                       0.00  0.00
          symm:                                      0.18  0.18
  input:                                             0.70  0.74
    vector:                                          0.37  0.38
      density:                                       0.00  0.00
      evals:                                         0.00  0.00
      extrap:                                        0.01  0.01
      fock:                                          0.35  0.35
        accum:                                       0.00  0.00
        ao_gmat:                                     0.31  0.31
          start thread:                              0.31  0.31
          stop thread:                               0.00  0.00
        init pmax:                                   0.00  0.00
        local data:                                  0.00  0.00
        setup:                                       0.01  0.01
        sum:                                         0.00  0.00
        symm:                                        0.02  0.02

  End Time: Wed May  7 13:25:18 2008

