MADNESS runtime initialized with 7 threads in the pool and affinity -1 -1 -1

                    MPQC: Massively Parallel Quantum Chemistry
                                Version 3.0.0-alpha

  Machine:    Darwin-i386
  User:       evaleev@28.qarestr.sub-172-16-0.myvzw.com
  Start Time: Thu Jul 25 16:28:34 2013

  Using MPIMessageGrp for message passing (number of nodes = 1).
  Using PthreadThreadGrp for threading (number of threads = 1).
  Using MTMPIMemoryGrp for distributed shared memory.
  Total number of processors = 1

  Using IntegralV3 by default for molecular integrals evaluation
  Given resources: ConsumableResources: ( memory = 1.07GB disk = [./ unlimited] )

  Reading file /Users/evaleev/Development/workspace/install/mpqc-gcc-opt/share/mpqc/3.0.0-alpha/atominfo.kv.
  Reading file /Users/evaleev/Development/workspace/install/mpqc-gcc-opt/share/mpqc/3.0.0-alpha/basis/sto-3g.kv.
  ints_file = ./citest.moints

  CLSCF::init: total charge = 0

  Using symmetric orthogonalization.
  n(basis):            12
  Maximum orthogonalization residual = 3.53586
  Minimum orthogonalization residual = 0.16907
  Using symmetric orthogonalization.
  n(basis):            12
  Maximum orthogonalization residual = 3.53586
  Minimum orthogonalization residual = 0.16907
  Using SuperpositionOfAtomicDensities guess wavefunction as starting vector
    Reading file /Users/evaleev/Development/workspace/install/mpqc-gcc-opt/share/mpqc/3.0.0-alpha/basis/sto-6g.kv.
    ints_file = ./citest.moints
    Int2eV3: wanted more storage than given
      given  storage = 0
      build  storage = 116
      shift  storage = 0
      used   storage = 72836
      O(N)   storage = 144
      O(N^2) storage = 72576

    Int2eV3: wanted more storage than given
      given  storage = 0
      build  storage = 116
      shift  storage = 0
      used   storage = 72836
      O(N)   storage = 144
      O(N^2) storage = 72576


  docc = [ 6 ]
  nbasis = 12

  Molecular formula H12

  MPQC options:
    matrixkit       = <ReplSCMatrixKit>
    filename        = citest
    restart_file    = citest.ckpt
    restart         = yes
    checkpoint      = no
    savestate       = no
    do_energy       = yes
    do_gradient     = no
    do_freq         = no
    optimize        = no
    write_pdb       = no
    print_mole      = yes
    print_timings   = yes
    print_resources = yes
  Beginning CI

  SCF::compute: energy accuracy = 1.0000000e-11

  nuclear repulsion energy =   21.6857347476

  integral intermediate storage = 72914 bytes
  integral cache = 536796750 bytes
  Beginning iterations.  Basis is STO-3G.
                  3035 integrals
  iter     1 energy =   -5.6236368320 delta = 4.49382e-01
                  3081 integrals
  iter     2 energy =   -5.6303791616 delta = 2.46386e-02
                  3046 integrals
  iter     3 energy =   -5.6310094712 delta = 7.96862e-03
                  3081 integrals
  iter     4 energy =   -5.6310234278 delta = 1.51697e-03
                  3081 integrals
  iter     5 energy =   -5.6310235447 delta = 9.76344e-05
                  3011 integrals
  iter     6 energy =   -5.6310235199 delta = 1.56017e-05
                  3081 integrals
  iter     7 energy =   -5.6310235481 delta = 1.13167e-06
                  2999 integrals
  iter     8 energy =   -5.6310235480 delta = 2.07542e-07
                  3081 integrals
  iter     9 energy =   -5.6310235481 delta = 1.26775e-08
                  2981 integrals
  iter    10 energy =   -5.6310235481 delta = 1.88594e-09
                  3081 integrals
  iter    11 energy =   -5.6310235481 delta = 1.81655e-10
                  3041 integrals
  iter    12 energy =   -5.6310235481 delta = 4.46557e-11
                  3081 integrals
  iter    13 energy =   -5.6310235481 delta = 1.17657e-11
                  3043 integrals
  iter    14 energy =   -5.6310235481 delta = 3.14256e-12

  HOMO is     6   A =  -0.091516
  LUMO is     7   A =   0.268118

  total scf energy =   -5.6310235481
  Int2eV3: wanted more storage than given
    given  storage = 0
    build  storage = 116
    shift  storage = 0
    used   storage = 72836
    O(N)   storage = 144
    O(N^2) storage = 72576

CI space = (12 12):  alpha = 924, beta = 924, dets = 853776
CI iter. 0, E= -5.63102355, del.E=2.731676e+01, del.C=9.428239e-01
CI iter. 1, E= -5.79809178, del.E=1.670682e-01, del.C=3.578639e-01
CI iter. 2, E= -5.83860479, del.E=4.051301e-02, del.C=2.532022e-01
CI iter. 3, E= -5.84738712, del.E=8.782335e-03, del.C=1.601846e-01
CI iter. 4, E= -5.84938452, del.E=1.997393e-03, del.C=8.416779e-02
CI iter. 5, E= -5.84985150, del.E=4.669851e-04, del.C=4.450614e-02
CI iter. 6, E= -5.84995809, del.E=1.065870e-04, del.C=2.058257e-02
CI iter. 7, E= -5.84998542, del.E=2.733308e-05, del.C=1.030065e-02
CI iter. 8, E= -5.84999171, del.E=6.287775e-06, del.C=6.488703e-03
CI iter. 9, E= -5.84999290, del.E=1.193046e-06, del.C=3.128321e-03
CI iter. 10, E= -5.84999315, del.E=2.504865e-07, del.C=1.185671e-03
CI iter. 11, E= -5.84999322, del.E=6.522832e-08, del.C=5.810516e-04
CI iter. 12, E= -5.84999323, del.E=1.473106e-08, del.C=3.449075e-04
CI iter. 13, E= -5.84999323, del.E=2.975845e-09, del.C=1.513886e-04
CI iter. 14, E= -5.84999324, del.E=7.669883e-10, del.C=6.508063e-05

  Value of the MolecularEnergy:   -5.8499932355

  ManyBodyWavefunction:
    Function Parameters:
      value_accuracy    = 0.000000e+00 (1.000000e-09) (computed)
      gradient_accuracy = 0.000000e+00 (1.000000e-06)
      hessian_accuracy  = 0.000000e+00 (1.000000e-04)

    Molecule:
      Molecular formula: H12
      molecule<Molecule>: (
        symmetry = c1
        unit = "angstrom"
        {  n atoms                        geometry                     }={
           1     H [    1.5000000000    -1.0000000000     0.0000000000]
           2     H [    0.5000000000    -1.0000000000     0.0000000000]
           3     H [   -0.5000000000    -1.0000000000     0.0000000000]
           4     H [   -1.5000000000    -1.0000000000     0.0000000000]
           5     H [    1.5000000000     0.0000000000     0.0000000000]
           6     H [    0.5000000000     0.0000000000     0.0000000000]
           7     H [   -0.5000000000     0.0000000000     0.0000000000]
           8     H [   -1.5000000000     0.0000000000     0.0000000000]
           9     H [    1.5000000000     1.0000000000     0.0000000000]
          10     H [    0.5000000000     1.0000000000     0.0000000000]
          11     H [   -0.5000000000     1.0000000000     0.0000000000]
          12     H [   -1.5000000000     1.0000000000     0.0000000000]
        }
      )
      Atomic Masses:
          1.00783    1.00783    1.00783    1.00783    1.00783
          1.00783    1.00783    1.00783    1.00783    1.00783
          1.00783    1.00783
      Reference origin =  [    0.0000000000     0.0000000000     0.0000000000]

    Electronic basis:
      GaussianBasisSet:
        nbasis = 12
        nshell = 12
        nprim  = 36
        name = "STO-3G"
    Reference Wavefunction:
      Object of type SD_RefWavefunction


  ConsumableResources: (
    memory = 1.07GB ( max used: 716MB )
    disk = [./ unlimited] ( max used: 0B )
  )
                           CPU  Wall
mpqc:                    29.29 29.30
  calc:                  28.93 28.94
    vector:               0.03  0.03
      density:            0.00  0.00
      evals:              0.00  0.00
      extrap:             0.00  0.00
      fock:               0.02  0.02
        accum:            0.00  0.00
        ao_gmat:          0.02  0.02
          start thread:   0.02  0.02
          stop thread:    0.00  0.00
        init pmax:        0.00  0.00
        local data:       0.00  0.00
        setup:            0.00  0.00
        sum:              0.00  0.00
        symm:             0.00  0.00
  input:                  0.36  0.36
    build_only:           0.30  0.30
      FockBuildThreads:   0.33  0.33

  End Time: Thu Jul 25 16:29:03 2013

