
                    MPQC: Massively Parallel Quantum Chemistry
                                Version 3.0.0-alpha

  Machine:    x86_64-apple-darwin12.2.0
  User:       evaleev@EdBookPro.local
  Start Time: Mon Oct  1 09:49:55 2012

  Using ProcMessageGrp for message passing (number of nodes = 1).
  Using PthreadThreadGrp for threading (number of threads = 1).
  Using ProcMemoryGrp for distributed shared memory.
  Total number of processors = 1

  Using IntegralLibint2 by default for molecular integrals evaluation
  Given resources: ConsumableResources: ( memory = unlimited disk = [./ unlimited] )

  Reading file /Users/evaleev/Development/workspace/install/mpqc-gcc/share/mpqc/3.0.0-alpha/atominfo.kv.

  IntCoorGen: generated 3 coordinates.
  Forming optimization coordinates:
    SymmMolecularCoor::form_variable_coordinates()
      expected 3 coordinates
      found 2 variable coordinates
      found 0 constant coordinates
  Reading file /Users/evaleev/Development/workspace/install/mpqc-gcc/share/mpqc/3.0.0-alpha/basis/cc-pvdz.kv.
      Reading file /Users/evaleev/Development/workspace/install/mpqc-gcc/share/mpqc/3.0.0-alpha/basis/dz_LdunningR.kv.

      CLSCF::init: total charge = 0

      Starting from core Hamiltonian guess

      Using symmetric orthogonalization.
      n(basis):            14
      Maximum orthogonalization residual = 3.50763
      Minimum orthogonalization residual = 0.0574104
      docc = [ 5 ]
      nbasis = 14

  CLSCF::init: total charge = 0

  Projecting guess wavefunction into the present basis set

      SCF::compute: energy accuracy = 1.0000000e-02

      nuclear repulsion energy =    9.1571164588

      integral intermediate storage = 251480 bytes
      integral cache = 31746840 bytes
      Beginning iterations.  Basis is DZ (Dunning).
                      6372 integrals
      iter     1 energy =  -75.6929826973 delta = 2.35906e-01
                      6372 integrals
      iter     2 energy =  -75.9969199201 delta = 5.86637e-02
                      6372 integrals
      iter     3 energy =  -76.0095040180 delta = 1.43440e-02
                      6372 integrals
      iter     4 energy =  -76.0104942169 delta = 5.95036e-03

      HOMO is     5   A =  -0.497877
      LUMO is     6   A =   0.220897

      total scf energy =  -76.0104942169

      Projecting the guess density.

        The number of electrons in the guess density = 10
        Using symmetric orthogonalization.
        n(basis):            24
        Maximum orthogonalization residual = 3.66509
        Minimum orthogonalization residual = 0.0352018
        The number of electrons in the projected density = 9.99256

  docc = [ 5 ]
  nbasis = 24
  Reading file /Users/evaleev/Development/workspace/install/mpqc-gcc/share/mpqc/3.0.0-alpha/basis/cc-pvtz-ri.kv.
  ints_file = ./mp2f12_h2omp2f12slashc10ccpvdzccpvdzf12cabsccpvtzric1_ansatz=diag,coupling=true_.moints
  Reading file /Users/evaleev/Development/workspace/install/mpqc-gcc/share/mpqc/3.0.0-alpha/basis/cc-pvdz-f12-cabs.kv.

  Molecular formula H2O

  The following keywords in "/Users/evaleev/Development/workspace/mpqc/src/bin/mpqc/validate/ref/mp2f12_h2omp2f12slashc10ccpvdzccpvdzf12cabsccpvtzric1_ansatz=diag,coupling=true_.in" were ignored:
    mpqc:mole:reference:guess_wavefunction:multiplicity
    mpqc:mole:reference:multiplicity
    mpqc:integrals

  MPQC options:
    matrixkit       = <ReplSCMatrixKit>
    filename        = mp2f12_h2omp2f12slashc10ccpvdzccpvdzf12cabsccpvtzric1_ansatz=diag,coupling=true_
    restart_file    = mp2f12_h2omp2f12slashc10ccpvdzccpvdzf12cabsccpvtzric1_ansatz=diag,coupling=true_.ckpt
    restart         = no
    checkpoint      = no
    savestate       = no
    do_energy       = yes
    do_gradient     = no
    do_freq         = no
    optimize        = no
    write_pdb       = no
    print_mole      = yes
    print_timings   = yes
    print_resources = yes
switched off integral check in mbptr12.cc/compute

  SCF::compute: energy accuracy = 1.0000000e-08

  nuclear repulsion energy =    9.1571164588

  integral intermediate storage = 883520 bytes
  integral cache = 31111680 bytes
  Beginning iterations.  Basis is cc-pVDZ.
                 53632 integrals
  iter     1 energy =  -75.9893139347 delta = 1.63100e-01
                 53632 integrals
  iter     2 energy =  -76.0250972321 delta = 1.18540e-02
                 53632 integrals
  iter     3 energy =  -76.0258288893 delta = 1.97596e-03
                 53632 integrals
  iter     4 energy =  -76.0258827728 delta = 6.21415e-04
                 53632 integrals
  iter     5 energy =  -76.0258876107 delta = 1.49559e-04
                 53632 integrals
  iter     6 energy =  -76.0258882048 delta = 6.49973e-05
                 53632 integrals
  iter     7 energy =  -76.0258882378 delta = 1.74453e-05
                 53632 integrals
  iter     8 energy =  -76.0258882402 delta = 5.90470e-06
                 53632 integrals
  iter     9 energy =  -76.0258882403 delta = 4.77191e-07
                 53632 integrals
  iter    10 energy =  -76.0258882403 delta = 8.09347e-08
                 53632 integrals
  iter    11 energy =  -76.0258882403 delta = 1.67678e-08
                 53632 integrals
  iter    12 energy =  -76.0258882403 delta = 2.39213e-09

  HOMO is     5   A =  -0.491067
  LUMO is     6   A =   0.185922

  total scf energy =  -76.0258882403
  Orthogonalizing basis for space RIBS:
    Using symmetric orthogonalization.
    n(basis):           134
    Maximum orthogonalization residual = 8.06036
    Minimum orthogonalization residual = 9.08341e-07

  Entered (2)_S energy evaluator
    SVD-projecting out  occupied symmetry-blocked MOs out of RIBS to obtain space CABS
      5 basis functions projected out of RIBS.
      n(basis):           129
      Maximum singular value = 1
      Minimum singular value = 1
    SVD-projecting out  unoccupied symmetry-blocked MOs out of CABS to obtain space CABS
      19 basis functions projected out of CABS.
      n(basis):           110
      Maximum singular value = 1
      Minimum singular value = 1
    E(MP2 OBS+CABS singles = (2)_S) =        -0.017845349898256
  Exited (2)_S energy evaluator
  Built TwoBodyMOIntsTransform_ijR: name = <i(sym) Mu|ERI|mu >
  Built DensityFitting: name = (i(sym) mu|DF|Mu)
  Built TransformedDensityFitting: name = (i(sym) p(sym)|DF|Mu)
  Built TwoBodyMOIntsTransform_ijR: name = <i(sym) Mu|G12'[0]|mu >
  Built TwoBodyMOIntsTransform_ijR_from_iqR: name = <i(sym) Mu|G12'[0]|p(sym) >
  Built TwoBodyMOIntsTransform_ixjy_df: name = <i(sym) i(sym)|G12'[0]|p(sym) p(sym)>(b1 b2|k1 k2)

  Entered alpha-beta MP2 pair energies evaluator
  Exited alpha-beta MP2 pair energies evaluator

  Entered alpha-alpha MP2 pair energies evaluator
  Exited alpha-alpha MP2 pair energies evaluator
  Built TransformedDensityFitting: name = (i(sym) i(sym)|DF|Mu)
  Built TwoBodyMOIntsTransform_ijR_from_iqR: name = <i(sym) Mu|G12'[0]|i(sym) >
  Built TwoBodyMOIntsTransform_ixjy_df: name = <i(sym) i(sym)|G12'[0]|i(sym) i(sym)>(b1 b2|k1 k2)
  Built TransformedDensityFitting: name = (i(sym) m(sym)|DF|Mu)
  Built TwoBodyMOIntsTransform_ijR: name = <i(sym) Mu|ERI|mu' >
  Built DensityFitting: name = (i(sym) mu'|DF|Mu)
  Built TransformedDensityFitting: name = (i(sym) a'|DF|Mu)
  Built TwoBodyMOIntsTransform_ijR: name = <i(sym) Mu|G12'[0]|mu' >
  Built TwoBodyMOIntsTransform_ijR_from_iqR: name = <i(sym) Mu|G12'[0]|a' >
  Built TwoBodyMOIntsTransform_ijR_from_iqR: name = <i(sym) Mu|G12'[0]|m(sym) >
  Built TwoBodyMOIntsTransform_ixjy_df: name = <i(sym) i(sym)|G12'[0]|m(sym) a'>(b1 b2|k1 k2)
  Built TwoBodyMOIntsTransform_ixjy_df: name = <i(sym) i(sym)|G12'[0]|a' m(sym)>(b1 b2|k1 k2)
  Built TransformedDensityFitting: name = (i(sym) a(sym)|DF|Mu)
  Built TransformedDensityFitting: name = (i(sym) a(sym)_F(a')[A]|DF|Mu)
  Built TwoBodyMOIntsTransform_ijR_from_iqR: name = <i(sym) Mu|G12'[0]|a(sym)_F(a')[A] >
  Built TwoBodyMOIntsTransform_ijR_from_iqR: name = <i(sym) Mu|G12'[0]|a(sym) >
  Built TwoBodyMOIntsTransform_ixjy_df: name = <i(sym) i(sym)|G12'[0]|a(sym) a(sym)_F(a')[A]>(b1 b2|k1 k2)
  Built TwoBodyMOIntsTransform_ixjy_df: name = <i(sym) i(sym)|G12'[0]|a(sym)_F(a')[A] a(sym)>(b1 b2|k1 k2)
  Built TwoBodyMOIntsTransform_ixjy_df: name = <i(sym) i(sym)|G12'[0]|a(sym) a(sym)>(b1 b2|k1 k2)
  Built TwoBodyMOIntsTransform_ijR: name = <i(sym) Mu|G12'[0,0]|mu >
  Built TwoBodyMOIntsTransform_ijR_from_iqR: name = <i(sym) Mu|G12'[0,0]|i(sym) >
  Built TwoBodyMOIntsTransform_ixjy_df: name = <i(sym) i(sym)|G12'[0,0]|i(sym) i(sym)>(b1 b2|k1 k2)
  Built TransformedDensityFitting: name = (i(sym) p'|DF|Mu)
  Built TwoBodyMOIntsTransform_ijR_from_iqR: name = <i(sym) Mu|G12'[0]|p' >
  Built TwoBodyMOIntsTransform_ixjy_df: name = <i(sym) i(sym)|G12'[0]|p' p'>(b1 b2|k1 k2)
  Built TransformedDensityFitting: name = (i(sym) p'_K(p')[A]|DF|Mu)
  Built TwoBodyMOIntsTransform_ijR_from_iqR: name = <i(sym) Mu|G12'[0]|p'_K(p')[A] >
  Built TwoBodyMOIntsTransform_ixjy_df: name = <i(sym) i(sym)|G12'[0]|p'_K(p')[A] p'>(b1 b2|k1 k2)
  Built TwoBodyMOIntsTransform_ixjy_df: name = <i(sym) i(sym)|G12'[0]|p' m(sym)>(b1 b2|k1 k2)
  Built TransformedDensityFitting: name = (i(sym) p'_F(p')[A]|DF|Mu)
  Built TwoBodyMOIntsTransform_ijR_from_iqR: name = <i(sym) Mu|G12'[0]|p'_F(p')[A] >
  Built TwoBodyMOIntsTransform_ixjy_df: name = <i(sym) i(sym)|G12'[0]|p'_F(p')[A] m(sym)>(b1 b2|k1 k2)
  Built TransformedDensityFitting: name = (i(sym) e(sym)|DF|Mu)
  Built TwoBodyMOIntsTransform_ijR_from_iqR: name = <i(sym) Mu|G12'[0]|e(sym) >
  Built TwoBodyMOIntsTransform_ixjy_df: name = <i(sym) i(sym)|G12'[0]|p(sym) e(sym)>(b1 b2|k1 k2)
  Built TransformedDensityFitting: name = (i(sym) p(sym)_F(p(sym))[A]|DF|Mu)
  Built TwoBodyMOIntsTransform_ijR_from_iqR: name = <i(sym) Mu|G12'[0]|p(sym)_F(p(sym))[A] >
  Built TwoBodyMOIntsTransform_ixjy_df: name = <i(sym) i(sym)|G12'[0]|p(sym)_F(p(sym))[A] e(sym)>(b1 b2|k1 k2)
  Built TransformedDensityFitting: name = (i(sym) m(sym)_F(p')[A]|DF|Mu)
  Built TwoBodyMOIntsTransform_ijR_from_iqR: name = <i(sym) Mu|G12'[0]|m(sym)_F(p')[A] >
  Built TwoBodyMOIntsTransform_ixjy_df: name = <i(sym) i(sym)|G12'[0]|m(sym)_F(p')[A] a'>(b1 b2|k1 k2)
  Built TransformedDensityFitting: name = (i(sym) p(sym)_F(a')[A]|DF|Mu)
  Built TwoBodyMOIntsTransform_ijR_from_iqR: name = <i(sym) Mu|G12'[0]|p(sym)_F(a')[A] >
  Built TwoBodyMOIntsTransform_ixjy_df: name = <i(sym) i(sym)|G12'[0]|p(sym)_F(a')[A] e(sym)>(b1 b2|k1 k2)
  Built TransformedDensityFitting: name = (i(sym) m(sym)_F(m(sym))[A]|DF|Mu)
  Built TwoBodyMOIntsTransform_ijR_from_iqR: name = <i(sym) Mu|G12'[0]|m(sym)_F(m(sym))[A] >
  Built TwoBodyMOIntsTransform_ixjy_df: name = <i(sym) i(sym)|G12'[0]|m(sym)_F(m(sym))[A] a'>(b1 b2|k1 k2)
  Built TransformedDensityFitting: name = (i(sym) i(sym)_hJ(p')[A]|DF|Mu)
  Built TwoBodyMOIntsTransform_ijR: name = <i(sym) Mu|G12'[0,0]|mu' >
  Built TwoBodyMOIntsTransform_ijR_from_iqR: name = <i(sym) Mu|G12'[0,0]|i(sym)_hJ(p')[A] >
  Built TwoBodyMOIntsTransform_ixjy_df: name = <i(sym) i(sym)|G12'[0,0]|i(sym)_hJ(p')[A] i(sym)>(b1 b2|k1 k2)

  Alpha-beta MBPT2-R12/C pair energies:
      i       j        mp2(ij)        f12(ij)      mp2-f12(ij)
    -----   -----   ------------   ------------   ------------
      1       1     -0.008942264   -0.003805791   -0.012748055
      1       2     -0.007125413   -0.004321217   -0.011446630
      1       3     -0.005669345   -0.004124129   -0.009793474
      1       4     -0.005512876   -0.004846389   -0.010359265
      2       1     -0.007125413   -0.004321217   -0.011446630
      2       2     -0.019747222   -0.005076359   -0.024823581
      2       3     -0.009497448   -0.002417440   -0.011914888
      2       4     -0.007762604   -0.002582535   -0.010345139
      3       1     -0.005669345   -0.004124129   -0.009793474
      3       2     -0.009497448   -0.002417440   -0.011914888
      3       3     -0.017322747   -0.006828364   -0.024151110
      3       4     -0.008328912   -0.003332341   -0.011661253
      4       1     -0.005512876   -0.004846389   -0.010359265
      4       2     -0.007762604   -0.002582535   -0.010345139
      4       3     -0.008328912   -0.003332341   -0.011661253
      4       4     -0.016919548   -0.007663219   -0.024582767

  Alpha-alpha MBPT2-R12/C pair energies:
      i       j        mp2(ij)        f12(ij)      mp2-f12(ij)
    -----   -----   ------------   ------------   ------------
      2       1     -0.001980415   -0.000529978   -0.002510393
      3       1     -0.001874255   -0.000675702   -0.002549957
      3       2     -0.006272000   -0.000853960   -0.007125961
      4       1     -0.001952307   -0.000844910   -0.002797217
      4       2     -0.006622304   -0.000997539   -0.007619843
      4       3     -0.006618115   -0.001178590   -0.007796705

  RHF energy [au]:                                -76.025888240261
  CABS singles MP2 correlation energy [au]:        -0.017845349898
  MP2 correlation energy [au]:                     -0.219209118707
  (MBPT2)-R12/  C correlation energy [au]:         -0.076783196396
  MBPT2-R12/  C correlation energy [au]:           -0.295992315103
  MBPT2-R12/  C energy [au]:                      -76.321880555364


  Value of the MolecularEnergy:  -76.3218805554

  MBPT2_R12:
    Occupied orbitals     : canonical
    Unoccupied orbitals   : canonical
    Include CABS singles? : true
      E(CABS singles) =        -0.017845349898256
    R12WavefunctionWorld:
      WavefunctionWorld:
        Density-Fitting Parameters:
          basis set:
            GaussianBasisSet:
              nbasis = 141
              nshell = 43
              nprim  = 43
              name = "cc-pVTZ-RI"
          kernel = coulomb
          solver = Bunch-Kaufman (refine)
        How to Store Transformed Integrals: posix
        Transformed Integrals file suffix: ./mp2f12_h2omp2f12slashc10ccpvdzccpvdzf12cabsccpvtzric1_ansatz=diag,coupling=true_.moints

      Object of type SD_R12RefWavefunction
      Auxiliary Basis Set (ABS):
        GaussianBasisSet:
          nbasis = 110
          nshell = 32
          nprim  = 32
          name = "cc-pVDZ-F12-CABS"

      R12Technology:
        CorrelationFactor: STG-3G[1.5]
          [ Exponent Coefficient] = [ [     0.549916471839    -0.240062724636 ] [     3.131856766669    -0.231321126358 ] [    20.611027560377    -0.132656191218 ]  ]

        Coupling included: true
        GBC assumed: true
        EBC assumed: true
        EBC-free method: Valeev
        Enforce positive definiteness of B, but not ~B(ij)
        RI method for many-elecron integrals: CABS+ (CABS using the union of OBS and ABS for RI)
        ABS linear depenendence tolerance = 1e-08
        Standard Approximation: C
        R12Ansatz:
          Geminal orbital Product Space: ij
          Space of orbital products from which geminal substitutions are allowed: ij
          Projector: 2  , i.e. (1-O1)(1-O2)-V1V2
          Ansatz: diagonal with fixed amplitudes
          WOF: false
        H0_dk_approx_pauli: false
        Max # ABS indices: 2
      Spin-adapted algorithm: false

    MBPT2:
      Function Parameters:
        value_accuracy    = 2.392126e-11 (1.000000e-06) (computed)
        gradient_accuracy = 0.000000e+00 (1.000000e-06)
        hessian_accuracy  = 0.000000e+00 (1.000000e-04)

      Molecular Coordinates:
        IntMolecularCoor Parameters:
          update_bmat = no
          scale_bonds = 1
          scale_bends = 1
          scale_tors = 1
          scale_outs = 1
          symmetry_tolerance = 1.000000e-05
          simple_tolerance = 1.000000e-03
          coordinate_tolerance = 1.000000e-07
          have_fixed_values = 0
          max_update_steps = 100
          max_update_disp = 0.500000
          have_fixed_values = 0

        Molecular formula: H2O
        molecule<Molecule>: (
          symmetry = c1
          unit = "angstrom"
          {  n atoms                        geometry                     }={
             1     O [    0.0000000000     0.0000000000     0.3693729440]
             2     H [    0.7839758990     0.0000000000    -0.1846864720]
             3     H [   -0.7839758990     0.0000000000    -0.1846864720]
          }
        )
        Atomic Masses:
           15.99491    1.00783    1.00783
        Reference origin =  [    0.0000000000     0.0000000000     0.0000000000]

        Bonds:
          STRE       s1     0.96000    1    2         O-H
          STRE       s2     0.96000    1    3         O-H
        Bends:
          BEND       b1   109.50000    2    1    3      H-O-H

        SymmMolecularCoor Parameters:
          change_coordinates = no
          transform_hessian = yes
          max_kappa2 = 10.000000

      Electronic basis:
        GaussianBasisSet:
          nbasis = 24
          nshell = 11
          nprim  = 24
          name = "cc-pVDZ"
      Reference Wavefunction:
        Function Parameters:
          value_accuracy    = 2.392126e-09 (1.000000e-08) (computed)
          gradient_accuracy = 0.000000e+00 (1.000000e-06)
          hessian_accuracy  = 0.000000e+00 (1.000000e-04)

        Molecule:
          Molecular formula: H2O
          molecule<Molecule>: (
            symmetry = c1
            unit = "angstrom"
            {  n atoms                        geometry                     }={
               1     O [    0.0000000000     0.0000000000     0.3693729440]
               2     H [    0.7839758990     0.0000000000    -0.1846864720]
               3     H [   -0.7839758990     0.0000000000    -0.1846864720]
            }
          )
          Atomic Masses:
             15.99491    1.00783    1.00783
          Reference origin =  [    0.0000000000     0.0000000000     0.0000000000]

        Electronic basis:
          GaussianBasisSet:
            nbasis = 24
            nshell = 11
            nprim  = 24
            name = "cc-pVDZ"
        SCF Parameters:
          maxiter = 100
          density_reset_frequency = 10
          level_shift = 0.000000

        CLSCF Parameters:
          charge = 0
          ndocc = 5
          docc = [ 5 ]



  ConsumableResources: (
    memory = unlimited ( max used: 29.2MB )
    disk = [./ unlimited] ( max used: 0B )
  )
                                                                                               CPU Wall
mpqc:                                                                                         8.62 8.49
  calc:                                                                                       8.43 8.30
    mp2-r12 energy:                                                                           8.43 8.30
      (2)_S energy:                                                                           4.50 4.50
        build_only:                                                                           2.69 2.69
          FockBuildThreads:                                                                   4.17 4.17
      mp2-r12/c pair energies:                                                                3.15 3.02
        MP2 pair energies:                                                                    0.01 0.01
          MO ints retrieve:                                                                   0.00 0.00
        tbint_tform_ixjy_df <i(sym) i(sym)|G12'[0,0]|i(sym) i(sym)>(b1 b2|k1 k2):             0.28 0.28
          tbint_tform_ijR_using_iqR <i(sym) Mu|G12'[0,0]|i(sym) >:                            0.25 0.25
            tbint_tform_ijR <i(sym) Mu|G12'[0,0]|mu >:                                        0.24 0.25
        tbint_tform_ixjy_df <i(sym) i(sym)|G12'[0,0]|i(sym)_hJ(p')[A] i(sym)>(b1 b2|k1 k2):   0.58 0.58
          TransformedDensityFitting (i(sym) i(sym)_hJ(p')[A]|DF|Mu):                          0.00 0.00
          tbint_tform_ijR_using_iqR <i(sym) Mu|G12'[0,0]|i(sym)_hJ(p')[A] >:                  0.55 0.55
            tbint_tform_ijR <i(sym) Mu|G12'[0,0]|mu' >:                                       0.55 0.54
        tbint_tform_ixjy_df <i(sym) i(sym)|G12'[0]|a' m(sym)>(b1 b2|k1 k2):                   0.05 0.04
        tbint_tform_ixjy_df <i(sym) i(sym)|G12'[0]|a(sym) a(sym)>(b1 b2|k1 k2):               0.03 0.04
        tbint_tform_ixjy_df <i(sym) i(sym)|G12'[0]|a(sym) a(sym)_F(a')[A]>(b1 b2|k1 k2):      0.04 0.04
          TransformedDensityFitting (i(sym) a(sym)_F(a')[A]|DF|Mu):                           0.00 0.00
          TransformedDensityFitting (i(sym) a(sym)|DF|Mu):                                    0.00 0.00
          tbint_tform_ijR_using_iqR <i(sym) Mu|G12'[0]|a(sym) >:                              0.00 0.00
          tbint_tform_ijR_using_iqR <i(sym) Mu|G12'[0]|a(sym)_F(a')[A] >:                     0.00 0.00
        tbint_tform_ixjy_df <i(sym) i(sym)|G12'[0]|a(sym)_F(a')[A] a(sym)>(b1 b2|k1 k2):      0.03 0.03
        tbint_tform_ixjy_df <i(sym) i(sym)|G12'[0]|i(sym) i(sym)>(b1 b2|k1 k2):               0.03 0.03
          TransformedDensityFitting (i(sym) i(sym)|DF|Mu):                                    0.00 0.00
          tbint_tform_ijR_using_iqR <i(sym) Mu|G12'[0]|i(sym) >:                              0.00 0.00
        tbint_tform_ixjy_df <i(sym) i(sym)|G12'[0]|m(sym) a'>(b1 b2|k1 k2):                   0.89 0.89
          DensityFitting (i(sym) mu'|DF|Mu):                                                  0.39 0.39
            tbint_tform_ijR <i(sym) Mu|ERI|mu' >:                                             0.23 0.23
          TransformedDensityFitting (i(sym) a'|DF|Mu):                                        0.00 0.00
          TransformedDensityFitting (i(sym) m(sym)|DF|Mu):                                    0.00 0.00
          tbint_tform_ijR_using_iqR <i(sym) Mu|G12'[0]|a' >:                                  0.45 0.45
            tbint_tform_ijR <i(sym) Mu|G12'[0]|mu' >:                                         0.44 0.44
          tbint_tform_ijR_using_iqR <i(sym) Mu|G12'[0]|m(sym) >:                              0.00 0.00
        tbint_tform_ixjy_df <i(sym) i(sym)|G12'[0]|m(sym)_F(m(sym))[A] a'>(b1 b2|k1 k2):      0.04 0.04
          TransformedDensityFitting (i(sym) m(sym)_F(m(sym))[A]|DF|Mu):                       0.00 0.00
          tbint_tform_ijR_using_iqR <i(sym) Mu|G12'[0]|m(sym)_F(m(sym))[A] >:                 0.00 0.00
        tbint_tform_ixjy_df <i(sym) i(sym)|G12'[0]|m(sym)_F(p')[A] a'>(b1 b2|k1 k2):          0.04 0.04
          TransformedDensityFitting (i(sym) m(sym)_F(p')[A]|DF|Mu):                           0.00 0.00
          tbint_tform_ijR_using_iqR <i(sym) Mu|G12'[0]|m(sym)_F(p')[A] >:                     0.00 0.00
        tbint_tform_ixjy_df <i(sym) i(sym)|G12'[0]|p' m(sym)>(b1 b2|k1 k2):                   0.05 0.05
        tbint_tform_ixjy_df <i(sym) i(sym)|G12'[0]|p' p'>(b1 b2|k1 k2):                       0.12 0.07
          TransformedDensityFitting (i(sym) p'|DF|Mu):                                        0.00 0.00
          tbint_tform_ijR_using_iqR <i(sym) Mu|G12'[0]|p' >:                                  0.01 0.01
        tbint_tform_ixjy_df <i(sym) i(sym)|G12'[0]|p'_F(p')[A] m(sym)>(b1 b2|k1 k2):          0.06 0.05
          TransformedDensityFitting (i(sym) p'_F(p')[A]|DF|Mu):                               0.00 0.00
          tbint_tform_ijR_using_iqR <i(sym) Mu|G12'[0]|p'_F(p')[A] >:                         0.01 0.00
        tbint_tform_ixjy_df <i(sym) i(sym)|G12'[0]|p'_K(p')[A] p'>(b1 b2|k1 k2):              0.13 0.07
          TransformedDensityFitting (i(sym) p'_K(p')[A]|DF|Mu):                               0.00 0.00
          tbint_tform_ijR_using_iqR <i(sym) Mu|G12'[0]|p'_K(p')[A] >:                         0.01 0.01
        tbint_tform_ixjy_df <i(sym) i(sym)|G12'[0]|p(sym) e(sym)>(b1 b2|k1 k2):               0.03 0.03
          TransformedDensityFitting (i(sym) e(sym)|DF|Mu):                                    0.00 0.00
          tbint_tform_ijR_using_iqR <i(sym) Mu|G12'[0]|e(sym) >:                              0.00 0.00
        tbint_tform_ixjy_df <i(sym) i(sym)|G12'[0]|p(sym) p(sym)>(b1 b2|k1 k2):               0.45 0.46
          DensityFitting (i(sym) mu|DF|Mu):                                                   0.25 0.25
            tbint_tform_ijR <i(sym) Mu|ERI|mu >:                                              0.14 0.14
          TransformedDensityFitting (i(sym) p(sym)|DF|Mu):                                    0.00 0.00
          tbint_tform_ijR_using_iqR <i(sym) Mu|G12'[0]|p(sym) >:                              0.17 0.17
            tbint_tform_ijR <i(sym) Mu|G12'[0]|mu >:                                          0.16 0.16
        tbint_tform_ixjy_df <i(sym) i(sym)|G12'[0]|p(sym)_F(a')[A] e(sym)>(b1 b2|k1 k2):      0.04 0.03
          TransformedDensityFitting (i(sym) p(sym)_F(a')[A]|DF|Mu):                           0.00 0.00
          tbint_tform_ijR_using_iqR <i(sym) Mu|G12'[0]|p(sym)_F(a')[A] >:                     0.00 0.00
        tbint_tform_ixjy_df <i(sym) i(sym)|G12'[0]|p(sym)_F(p(sym))[A] e(sym)>(b1 b2|k1 k2):  0.03 0.03
          TransformedDensityFitting (i(sym) p(sym)_F(p(sym))[A]|DF|Mu):                       0.00 0.00
          tbint_tform_ijR_using_iqR <i(sym) Mu|G12'[0]|p(sym)_F(p(sym))[A] >:                 0.00 0.00
      vector:                                                                                 0.66 0.66
        density:                                                                              0.00 0.00
        evals:                                                                                0.00 0.00
        extrap:                                                                               0.01 0.01
        fock:                                                                                 0.57 0.57
          accum:                                                                              0.00 0.00
          ao_gmat:                                                                            0.56 0.56
            start thread:                                                                     0.56 0.56
            stop thread:                                                                      0.00 0.00
          init pmax:                                                                          0.00 0.00
          local data:                                                                         0.00 0.00
          setup:                                                                              0.00 0.00
          sum:                                                                                0.00 0.00
          symm:                                                                               0.00 0.00
  input:                                                                                      0.19 0.19
    vector:                                                                                   0.08 0.08
      density:                                                                                0.00 0.00
      evals:                                                                                  0.00 0.00
      extrap:                                                                                 0.00 0.00
      fock:                                                                                   0.03 0.03
        accum:                                                                                0.00 0.00
        ao_gmat:                                                                              0.03 0.03
          start thread:                                                                       0.03 0.03
          stop thread:                                                                        0.00 0.00
        init pmax:                                                                            0.00 0.00
        local data:                                                                           0.00 0.00
        setup:                                                                                0.00 0.00
        sum:                                                                                  0.00 0.00
        symm:                                                                                 0.00 0.00

  End Time: Mon Oct  1 09:50:04 2012

