
                    MPQC: Massively Parallel Quantum Chemistry
                                Version 3.0.0-alpha

  Machine:    i386-apple-darwin11.1.0
  User:       evaleev@EdBookPro.local
  Start Time: Sun Oct 30 17:46:33 2011

  Using ProcMessageGrp for message passing (number of nodes = 1).
  Using PthreadThreadGrp for threading (number of threads = 1).
  Using ProcMemoryGrp for distributed shared memory.
  Total number of processors = 1

  Using IntegralLibint2 by default for molecular integrals evaluation
  Given resources: ConsumableResources: ( memory = 256MB disk = [./ 0B] )

  Reading file /Users/evaleev/Development/workspace/install/mpqc-gcc/share/mpqc/3.0.0-alpha/atominfo.kv.

  IntCoorGen: generated 3 coordinates.
  Forming optimization coordinates:
    SymmMolecularCoor::form_variable_coordinates()
      expected 3 coordinates
      found 2 variable coordinates
      found 0 constant coordinates
  Reading file /Users/evaleev/Development/workspace/install/mpqc-gcc/share/mpqc/3.0.0-alpha/basis/cc-pvdz.kv.
      Reading file /Users/evaleev/Development/workspace/install/mpqc-gcc/share/mpqc/3.0.0-alpha/basis/dz_LdunningR.kv.

      CLSCF::init: total charge = 0

      Starting from core Hamiltonian guess

      Using symmetric orthogonalization.
      n(basis):             8     0     4     2
      Maximum orthogonalization residual = 3.50763
      Minimum orthogonalization residual = 0.0574104
      docc = [ 3 0 1 1 ]
      nbasis = 14

  CLSCF::init: total charge = 0

  Projecting guess wavefunction into the present basis set

      SCF::compute: energy accuracy = 1.0000000e-02

      nuclear repulsion energy =    9.1571164588

      integral intermediate storage = 251480 bytes
      integral cache = 31746840 bytes
      Beginning iterations.  Basis is DZ (Dunning).
                      4284 integrals
      iter     1 energy =  -75.6929826973 delta = 2.35942e-01
                      4284 integrals
      iter     2 energy =  -75.9969199201 delta = 5.90609e-02
                      4284 integrals
      iter     3 energy =  -76.0095041153 delta = 1.43489e-02
                      4284 integrals
      iter     4 energy =  -76.0104942081 delta = 5.95029e-03

      HOMO is     1  B2 =  -0.497878
      LUMO is     4  A1 =   0.220897

      total scf energy =  -76.0104942081

      Projecting the guess density.

        The number of electrons in the guess density = 10
        Using symmetric orthogonalization.
        n(basis):            11     2     7     4
        Maximum orthogonalization residual = 3.66509
        Minimum orthogonalization residual = 0.0352018
        The number of electrons in the projected density = 9.99256

  docc = [ 3 0 1 1 ]
  nbasis = 24
  ints_file = ./mp2f12_h2omp2f12slashc10ccpvdzccpvdzf12cabsc2v_ansatz=ijkl,coupling=false_.moints
  Reading file /Users/evaleev/Development/workspace/install/mpqc-gcc/share/mpqc/3.0.0-alpha/basis/cc-pvdz-f12-cabs.kv.

  Molecular formula H2O

  The following keywords in "/Users/evaleev/Development/workspace/mpqc/src/bin/mpqc/validate/ref/mp2f12_h2omp2f12slashc10ccpvdzccpvdzf12cabsc2v_ansatz=ijkl,coupling=false_.in" were ignored:
    mpqc:mole:reference:guess_wavefunction:multiplicity
    mpqc:mole:reference:multiplicity
    mpqc:integrals

  MPQC options:
    matrixkit       = <ReplSCMatrixKit>
    filename        = mp2f12_h2omp2f12slashc10ccpvdzccpvdzf12cabsc2v_ansatz=ijkl,coupling=false_
    restart_file    = mp2f12_h2omp2f12slashc10ccpvdzccpvdzf12cabsc2v_ansatz=ijkl,coupling=false_.ckpt
    restart         = no
    checkpoint      = no
    savestate       = no
    do_energy       = yes
    do_gradient     = no
    do_freq         = no
    optimize        = no
    write_pdb       = no
    print_mole      = yes
    print_timings   = yes
    print_resources = yes
switched off integral check in mbptr12.cc/compute

  SCF::compute: energy accuracy = 1.0000000e-08

  nuclear repulsion energy =    9.1571164588

  integral intermediate storage = 883520 bytes
  integral cache = 31111680 bytes
  Beginning iterations.  Basis is cc-pVDZ.
                 31972 integrals
  iter     1 energy =  -75.9893140069 delta = 1.63214e-01
                 31972 integrals
  iter     2 energy =  -76.0250972520 delta = 1.19290e-02
                 31972 integrals
  iter     3 energy =  -76.0258285704 delta = 2.09402e-03
                 31972 integrals
  iter     4 energy =  -76.0258827903 delta = 6.37350e-04
                 31972 integrals
  iter     5 energy =  -76.0258876292 delta = 1.51881e-04
                 31972 integrals
  iter     6 energy =  -76.0258882056 delta = 6.62573e-05
                 31972 integrals
  iter     7 energy =  -76.0258882379 delta = 1.76251e-05
                 31972 integrals
  iter     8 energy =  -76.0258882402 delta = 5.84959e-06
                 31972 integrals
  iter     9 energy =  -76.0258882403 delta = 4.69809e-07
                 31972 integrals
  iter    10 energy =  -76.0258882403 delta = 8.02588e-08
                 31972 integrals
  iter    11 energy =  -76.0258882403 delta = 1.67355e-08
                 31972 integrals
  iter    12 energy =  -76.0258882403 delta = 2.31071e-09

  HOMO is     1  B2 =  -0.491067
  LUMO is     4  A1 =   0.185922

  total scf energy =  -76.0258882403
  Orthogonalizing basis for space RIBS:
    Using symmetric orthogonalization.
    n(basis):            51    18    38    27
    Maximum orthogonalization residual = 8.06036
    Minimum orthogonalization residual = 9.08341e-07
  Entered <i(sym) i(sym)|G12'[0]|mu mu>(b1 b2|k1 k2) integrals evaluator (transform type iRjS)
    Memory available per node:      255620232 Bytes
    Static memory used per node:    0 Bytes
    Total memory used per node:     468096 Bytes
    Memory required for one pass:   468096 Bytes
    Minimum memory required:        119616 Bytes
    Number of passes:               1
    Batch size:                     4
    Beginning pass 1
    Begin loop over shells (ints, 1+2 q.t.)
      working on shell pair (  0   0),  0.000% complete (0 of 66)
      working on shell pair (  3   1), 10.606% complete (7 of 66)
      working on shell pair (  4   4), 21.212% complete (14 of 66)
      working on shell pair (  6   0), 31.818% complete (21 of 66)
      working on shell pair (  7   0), 42.424% complete (28 of 66)
      working on shell pair (  7   7), 53.030% complete (35 of 66)
      working on shell pair (  8   6), 63.636% complete (42 of 66)
      working on shell pair (  9   4), 74.242% complete (49 of 66)
      working on shell pair ( 10   1), 84.848% complete (56 of 66)
      working on shell pair ( 10   8), 95.455% complete (63 of 66)
    End of loop over shells
  Entered <i(sym) i(sym)|G12'[0]|p(sym) p(sym)>(b1 b2|k1 k2) integrals evaluator (transform type ixjy)
    Memory available per node:      255589000 Bytes
    Static memory used per node:    0 Bytes
    Total memory used per node:     468096 Bytes
    Memory required for one pass:   468096 Bytes
    Minimum memory required:        119616 Bytes
    Number of passes:               1
    Batch size:                     4
    Beginning pass 1
    Read half-transformed integrals
    Begin third q.t.
    End of third q.t.
    Begin fourth q.t.
    End of fourth q.t.
  Detecting non-totally-symmetric integrals ... none

  Entered alpha-beta MP2 pair energies evaluator
  Exited alpha-beta MP2 pair energies evaluator

  Entered alpha-alpha MP2 pair energies evaluator
  Exited alpha-alpha MP2 pair energies evaluator

  Entered G12 diagonal intermediates evaluator

    Entered generic tensor (<i(sym) i(sym)|i(sym) i(sym)>) evaluator
      Entered <i(sym) i(sym)|G12'[0]|i(sym) i(sym)>(b1 b2|k1 k2) integrals evaluator (transform type ixjy)
        Memory available per node:      255557768 Bytes
        Static memory used per node:    0 Bytes
        Total memory used per node:     468096 Bytes
        Memory required for one pass:   468096 Bytes
        Minimum memory required:        119616 Bytes
        Number of passes:               1
        Batch size:                     4
        Beginning pass 1
        Read half-transformed integrals
        Begin third q.t.
        End of third q.t.
        Begin fourth q.t.
        End of fourth q.t.
      Detecting non-totally-symmetric integrals ... none
    Exited generic tensor (<i(sym) i(sym)|i(sym) i(sym)>) evaluator
    Entered <i(sym) i(sym)|G12'[0,0]|mu mu>(b1 b2|k1 k2) integrals evaluator (transform type iRjS)
      Memory available per node:      255526536 Bytes
      Static memory used per node:    0 Bytes
      Total memory used per node:     468096 Bytes
      Memory required for one pass:   468096 Bytes
      Minimum memory required:        119616 Bytes
      Number of passes:               1
      Batch size:                     4
      Beginning pass 1
      Begin loop over shells (ints, 1+2 q.t.)
        working on shell pair (  0   0),  0.000% complete (0 of 66)
        working on shell pair (  3   1), 10.606% complete (7 of 66)
        working on shell pair (  4   4), 21.212% complete (14 of 66)
        working on shell pair (  6   0), 31.818% complete (21 of 66)
        working on shell pair (  7   0), 42.424% complete (28 of 66)
        working on shell pair (  7   7), 53.030% complete (35 of 66)
        working on shell pair (  8   6), 63.636% complete (42 of 66)
        working on shell pair (  9   4), 74.242% complete (49 of 66)
        working on shell pair ( 10   1), 84.848% complete (56 of 66)
        working on shell pair ( 10   8), 95.455% complete (63 of 66)
      End of loop over shells

    Entered generic tensor (<i(sym) i(sym)|i(sym) i(sym)>) evaluator
      Entered <i(sym) i(sym)|G12'[0,0]|i(sym) i(sym)>(b1 b2|k1 k2) integrals evaluator (transform type ixjy)
        Memory available per node:      255495304 Bytes
        Static memory used per node:    0 Bytes
        Total memory used per node:     468096 Bytes
        Memory required for one pass:   468096 Bytes
        Minimum memory required:        119616 Bytes
        Number of passes:               1
        Batch size:                     4
        Beginning pass 1
        Read half-transformed integrals
        Begin third q.t.
        End of third q.t.
        Begin fourth q.t.
        End of fourth q.t.
      Detecting non-totally-symmetric integrals ... none
    Exited generic tensor (<i(sym) i(sym)|i(sym) i(sym)>) evaluator

    Entered generic tensor (<i(sym) i(sym)|i(sym) i(sym)>) evaluator
    Exited generic tensor (<i(sym) i(sym)|i(sym) i(sym)>) evaluator
  Exited G12 diagonal intermediates evaluator

  Entered generic contraction (<i(sym) i(sym)|i(sym) i(sym)> = <i(sym) i(sym)|p(sym) p(sym)> . <i(sym) i(sym)|p(sym) p(sym)>^T)
  Exited generic contraction (<i(sym) i(sym)|i(sym) i(sym)> = <i(sym) i(sym)|p(sym) p(sym)> . <i(sym) i(sym)|p(sym) p(sym)>^T)

  Entered generic contraction (<i(sym) i(sym)|i(sym) i(sym)> = <i(sym) i(sym)|p(sym) p(sym)> . <i(sym) i(sym)|p(sym) p(sym)>^T)
  Exited generic contraction (<i(sym) i(sym)|i(sym) i(sym)> = <i(sym) i(sym)|p(sym) p(sym)> . <i(sym) i(sym)|p(sym) p(sym)>^T)
  SVD-projecting out  occupied symmetry-blocked MOs out of RIBS to obtain space CABS
    5 basis functions projected out of RIBS.
    n(basis):            48    18    37    26
    Maximum singular value = 1
    Minimum singular value = 1
  SVD-projecting out  unoccupied symmetry-blocked MOs out of CABS to obtain space CABS
    19 basis functions projected out of CABS.
    n(basis):            40    16    31    23
    Maximum singular value = 1
    Minimum singular value = 1
  Entered <i(sym) i(sym)|G12'[0]|mu mu'>(b1 b2|k1 k2) integrals evaluator (transform type iRjS)
    Memory available per node:      255346152 Bytes
    Static memory used per node:    0 Bytes
    Total memory used per node:     2234304 Bytes
    Memory required for one pass:   2234304 Bytes
    Minimum memory required:        561024 Bytes
    Number of passes:               1
    Batch size:                     4
    Beginning pass 1
    Begin loop over shells (ints, 1+2 q.t.)
      working on shell pair (  0   0),  0.000% complete (0 of 473)
      working on shell pair (  4   3),  9.937% complete (47 of 473)
      working on shell pair (  8   6), 19.873% complete (94 of 473)
      working on shell pair ( 12   9), 29.810% complete (141 of 473)
      working on shell pair ( 17   1), 39.746% complete (188 of 473)
      working on shell pair ( 21   4), 49.683% complete (235 of 473)
      working on shell pair ( 25   7), 59.619% complete (282 of 473)
      working on shell pair ( 29  10), 69.556% complete (329 of 473)
      working on shell pair ( 34   2), 79.493% complete (376 of 473)
      working on shell pair ( 38   5), 89.429% complete (423 of 473)
      working on shell pair ( 42   8), 99.366% complete (470 of 473)
    End of loop over shells
  Entered <i(sym) i(sym)|G12'[0]|m(sym) a'>(b1 b2|k1 k2) integrals evaluator (transform type ixjy)
    Memory available per node:      255293448 Bytes
    Static memory used per node:    0 Bytes
    Total memory used per node:     2234304 Bytes
    Memory required for one pass:   2234304 Bytes
    Minimum memory required:        638800 Bytes
    Number of passes:               1
    Batch size:                     4
    Beginning pass 1
    Read half-transformed integrals
    Begin third q.t.
    End of third q.t.
    Begin fourth q.t.
    End of fourth q.t.
  Detecting non-totally-symmetric integrals ... none

  Entered generic contraction (<i(sym) i(sym)|i(sym) i(sym)> = <i(sym) i(sym)|m(sym) a'> . <i(sym) i(sym)|m(sym) a'>^T)
  Exited generic contraction (<i(sym) i(sym)|i(sym) i(sym)> = <i(sym) i(sym)|m(sym) a'> . <i(sym) i(sym)|m(sym) a'>^T)

  Entered generic contraction (<i(sym) i(sym)|i(sym) i(sym)> = <i(sym) i(sym)|m(sym) a'> . <i(sym) i(sym)|m(sym) a'>^T)
  Exited generic contraction (<i(sym) i(sym)|i(sym) i(sym)> = <i(sym) i(sym)|m(sym) a'> . <i(sym) i(sym)|m(sym) a'>^T)

  Entered B(app. C) intermediate evaluator

    Entered Alpha-beta Q(C) intermediate evaluator
      Entered generic X intermediate evaluator
        Entered <i(sym) i(sym)|G12'[0,0]|mu mu'>(b1 b2|k1 k2) integrals evaluator (transform type iRjS)
          Memory available per node:      255192704 Bytes
          Static memory used per node:    0 Bytes
          Total memory used per node:     2234304 Bytes
          Memory required for one pass:   2234304 Bytes
          Minimum memory required:        561024 Bytes
          Number of passes:               1
          Batch size:                     4
          Beginning pass 1
          Begin loop over shells (ints, 1+2 q.t.)
            working on shell pair (  0   0),  0.000% complete (0 of 473)
            working on shell pair (  4   3),  9.937% complete (47 of 473)
            working on shell pair (  8   6), 19.873% complete (94 of 473)
            working on shell pair ( 12   9), 29.810% complete (141 of 473)
            working on shell pair ( 17   1), 39.746% complete (188 of 473)
            working on shell pair ( 21   4), 49.683% complete (235 of 473)
            working on shell pair ( 25   7), 59.619% complete (282 of 473)
            working on shell pair ( 29  10), 69.556% complete (329 of 473)
            working on shell pair ( 34   2), 79.493% complete (376 of 473)
            working on shell pair ( 38   5), 89.429% complete (423 of 473)
            working on shell pair ( 42   8), 99.366% complete (470 of 473)
          End of loop over shells

        Entered generic tensor (<i(sym) i(sym)|i(sym) i(sym)_hJ(p')[A]>) evaluator
          Entered <i(sym) i(sym)|G12'[0,0]|i(sym) i(sym)_hJ(p')[A]>(b1 b2|k1 k2) integrals evaluator (transform type ixjy)
            Memory available per node:      255140000 Bytes
            Static memory used per node:    0 Bytes
            Total memory used per node:     2234304 Bytes
            Memory required for one pass:   2234304 Bytes
            Minimum memory required:        561024 Bytes
            Number of passes:               1
            Batch size:                     4
            Beginning pass 1
            Read half-transformed integrals
            Begin third q.t.
            End of third q.t.
            Begin fourth q.t.
            End of fourth q.t.
          Detecting non-totally-symmetric integrals ... none
        Exited generic tensor (<i(sym) i(sym)|i(sym) i(sym)_hJ(p')[A]>) evaluator
      Exited generic X intermediate evaluator
    Exited Alpha-beta Q(C) intermediate evaluator

    Entered Alpha-beta P(C) intermediate evaluator
      Entered generic FxF intermediate evaluator
        Entered <i(sym) i(sym)|G12'[0]|mu' mu'>(b1 b2|k1 k2) integrals evaluator (transform type iRjS)
          Memory available per node:      254416496 Bytes
          Static memory used per node:    0 Bytes
          Total memory used per node:     12467824 Bytes
          Memory required for one pass:   12467824 Bytes
          Minimum memory required:        3125344 Bytes
          Number of passes:               1
          Batch size:                     4
          Beginning pass 1
          Begin loop over shells (ints, 1+2 q.t.)
            working on shell pair (  0   0),  0.000% complete (0 of 473)
            working on shell pair (  4   3),  9.937% complete (47 of 473)
            working on shell pair (  8   6), 19.873% complete (94 of 473)
            working on shell pair ( 12   9), 29.810% complete (141 of 473)
            working on shell pair ( 17   1), 39.746% complete (188 of 473)
            working on shell pair ( 21   4), 49.683% complete (235 of 473)
            working on shell pair ( 25   7), 59.619% complete (282 of 473)
            working on shell pair ( 29  10), 69.556% complete (329 of 473)
            working on shell pair ( 34   2), 79.493% complete (376 of 473)
            working on shell pair ( 38   5), 89.429% complete (423 of 473)
            working on shell pair ( 42   8), 99.366% complete (470 of 473)
          End of loop over shells
        Entered <i(sym) i(sym)|G12'[0]|p'_K(p')[A] p'>(b1 b2|k1 k2) integrals evaluator (transform type ixjy)
          Memory available per node:      254377456 Bytes
          Static memory used per node:    0 Bytes
          Total memory used per node:     12467824 Bytes
          Memory required for one pass:   12467824 Bytes
          Minimum memory required:        3303904 Bytes
          Number of passes:               1
          Batch size:                     4
          Beginning pass 1
          Read half-transformed integrals
          Begin third q.t.
          End of third q.t.
          Begin fourth q.t.
          End of fourth q.t.
        Detecting non-totally-symmetric integrals ... none

        Entered generic contraction (<i(sym) i(sym)|i(sym) i(sym)> = <i(sym) i(sym)|p'_K(p')[A] p'> . <i(sym) i(sym)|p' p'>^T)
          Entered <i(sym) i(sym)|G12'[0]|p' p'>(b1 b2|k1 k2) integrals evaluator (transform type ixjy)
            Memory available per node:      254377456 Bytes
            Static memory used per node:    0 Bytes
            Total memory used per node:     12467824 Bytes
            Memory required for one pass:   12467824 Bytes
            Minimum memory required:        3303904 Bytes
            Number of passes:               1
            Batch size:                     4
            Beginning pass 1
            Read half-transformed integrals
            Begin third q.t.
            End of third q.t.
            Begin fourth q.t.
            End of fourth q.t.
          Detecting non-totally-symmetric integrals ... none
        Exited generic contraction (<i(sym) i(sym)|i(sym) i(sym)> = <i(sym) i(sym)|p'_K(p')[A] p'> . <i(sym) i(sym)|p' p'>^T)
      Exited generic FxF intermediate evaluator
      Entered generic FxF intermediate evaluator
        Entered <i(sym) i(sym)|G12'[0]|m(sym) p'_F(p')[A]>(b1 b2|k1 k2) integrals evaluator (transform type ixjy)
          Memory available per node:      254299376 Bytes
          Static memory used per node:    0 Bytes
          Total memory used per node:     2234304 Bytes
          Memory required for one pass:   2234304 Bytes
          Minimum memory required:        664528 Bytes
          Number of passes:               1
          Batch size:                     4
          Beginning pass 1
          Read half-transformed integrals
          Begin third q.t.
          End of third q.t.
          Begin fourth q.t.
          End of fourth q.t.
        Detecting non-totally-symmetric integrals ... none

        Entered generic contraction (<i(sym) i(sym)|i(sym) i(sym)> = <i(sym) i(sym)|m(sym) p'_F(p')[A]> . <i(sym) i(sym)|m(sym) p'>^T)
          Entered <i(sym) i(sym)|G12'[0]|m(sym) p'>(b1 b2|k1 k2) integrals evaluator (transform type ixjy)
            Memory available per node:      254299376 Bytes
            Static memory used per node:    0 Bytes
            Total memory used per node:     2234304 Bytes
            Memory required for one pass:   2234304 Bytes
            Minimum memory required:        664528 Bytes
            Number of passes:               1
            Batch size:                     4
            Beginning pass 1
            Read half-transformed integrals
            Begin third q.t.
            End of third q.t.
            Begin fourth q.t.
            End of fourth q.t.
          Detecting non-totally-symmetric integrals ... none
        Exited generic contraction (<i(sym) i(sym)|i(sym) i(sym)> = <i(sym) i(sym)|m(sym) p'_F(p')[A]> . <i(sym) i(sym)|m(sym) p'>^T)
      Exited generic FxF intermediate evaluator
      Entered generic FxF intermediate evaluator
        Entered <i(sym) i(sym)|G12'[0]|p(sym)_F(p(sym))[A] e(sym)>(b1 b2|k1 k2) integrals evaluator (transform type ixjy)
          Memory available per node:      254166368 Bytes
          Static memory used per node:    0 Bytes
          Total memory used per node:     468096 Bytes
          Memory required for one pass:   468096 Bytes
          Minimum memory required:        119616 Bytes
          Number of passes:               1
          Batch size:                     4
          Beginning pass 1
          Read half-transformed integrals
          Begin third q.t.
          End of third q.t.
          Begin fourth q.t.
          End of fourth q.t.
        Detecting non-totally-symmetric integrals ... none

        Entered generic contraction (<i(sym) i(sym)|i(sym) i(sym)> = <i(sym) i(sym)|p(sym)_F(p(sym))[A] e(sym)> . <i(sym) i(sym)|p(sym) e(sym)>^T)
          Entered <i(sym) i(sym)|G12'[0]|p(sym) e(sym)>(b1 b2|k1 k2) integrals evaluator (transform type ixjy)
            Memory available per node:      254166368 Bytes
            Static memory used per node:    0 Bytes
            Total memory used per node:     468096 Bytes
            Memory required for one pass:   468096 Bytes
            Minimum memory required:        119616 Bytes
            Number of passes:               1
            Batch size:                     4
            Beginning pass 1
            Read half-transformed integrals
            Begin third q.t.
            End of third q.t.
            Begin fourth q.t.
            End of fourth q.t.
          Detecting non-totally-symmetric integrals ... none
        Exited generic contraction (<i(sym) i(sym)|i(sym) i(sym)> = <i(sym) i(sym)|p(sym)_F(p(sym))[A] e(sym)> . <i(sym) i(sym)|p(sym) e(sym)>^T)
      Exited generic FxF intermediate evaluator
      Entered generic FxF intermediate evaluator
        Entered <i(sym) i(sym)|G12'[0]|m(sym)_F(p')[A] a'>(b1 b2|k1 k2) integrals evaluator (transform type ixjy)
          Memory available per node:      254052640 Bytes
          Static memory used per node:    0 Bytes
          Total memory used per node:     12467824 Bytes
          Memory required for one pass:   12467824 Bytes
          Minimum memory required:        3125344 Bytes
          Number of passes:               1
          Batch size:                     4
          Beginning pass 1
          Read half-transformed integrals
          Begin third q.t.
          End of third q.t.
          Begin fourth q.t.
          End of fourth q.t.
        Detecting non-totally-symmetric integrals ... none

        Entered generic contraction (<i(sym) i(sym)|i(sym) i(sym)> = <i(sym) i(sym)|m(sym)_F(p')[A] a'> . <i(sym) i(sym)|m(sym) a'>^T)
        Exited generic contraction (<i(sym) i(sym)|i(sym) i(sym)> = <i(sym) i(sym)|m(sym)_F(p')[A] a'> . <i(sym) i(sym)|m(sym) a'>^T)
      Exited generic FxF intermediate evaluator
      Entered generic FxF intermediate evaluator
        Entered <i(sym) i(sym)|G12'[0]|e(sym) p(sym)_F(a')[A]>(b1 b2|k1 k2) integrals evaluator (transform type ixjy)
          Memory available per node:      253960736 Bytes
          Static memory used per node:    0 Bytes
          Total memory used per node:     2234304 Bytes
          Memory required for one pass:   2234304 Bytes
          Minimum memory required:        564304 Bytes
          Number of passes:               1
          Batch size:                     4
          Beginning pass 1
          Read half-transformed integrals
          Begin third q.t.
          End of third q.t.
          Begin fourth q.t.
          End of fourth q.t.
        Detecting non-totally-symmetric integrals ... none

        Entered generic contraction (<i(sym) i(sym)|i(sym) i(sym)> = <i(sym) i(sym)|e(sym) p(sym)_F(a')[A]> . <i(sym) i(sym)|e(sym) p(sym)>^T)
          Entered <i(sym) i(sym)|G12'[0]|e(sym) p(sym)>(b1 b2|k1 k2) integrals evaluator (transform type ixjy)
            Memory available per node:      253960736 Bytes
            Static memory used per node:    0 Bytes
            Total memory used per node:     468096 Bytes
            Memory required for one pass:   468096 Bytes
            Minimum memory required:        119616 Bytes
            Number of passes:               1
            Batch size:                     4
            Beginning pass 1
            Read half-transformed integrals
            Begin third q.t.
            End of third q.t.
            Begin fourth q.t.
            End of fourth q.t.
          Detecting non-totally-symmetric integrals ... none
        Exited generic contraction (<i(sym) i(sym)|i(sym) i(sym)> = <i(sym) i(sym)|e(sym) p(sym)_F(a')[A]> . <i(sym) i(sym)|e(sym) p(sym)>^T)
      Exited generic FxF intermediate evaluator
      Entered generic FxF intermediate evaluator
        Entered <i(sym) i(sym)|G12'[0]|m(sym)_F(m(sym))[A] a'>(b1 b2|k1 k2) integrals evaluator (transform type ixjy)
          Memory available per node:      253866976 Bytes
          Static memory used per node:    0 Bytes
          Total memory used per node:     2234304 Bytes
          Memory required for one pass:   2234304 Bytes
          Minimum memory required:        638800 Bytes
          Number of passes:               1
          Batch size:                     4
          Beginning pass 1
          Read half-transformed integrals
          Begin third q.t.
          End of third q.t.
          Begin fourth q.t.
          End of fourth q.t.
        Detecting non-totally-symmetric integrals ... none

        Entered generic contraction (<i(sym) i(sym)|i(sym) i(sym)> = <i(sym) i(sym)|m(sym)_F(m(sym))[A] a'> . <i(sym) i(sym)|m(sym) a'>^T)
        Exited generic contraction (<i(sym) i(sym)|i(sym) i(sym)> = <i(sym) i(sym)|m(sym)_F(m(sym))[A] a'> . <i(sym) i(sym)|m(sym) a'>^T)
      Exited generic FxF intermediate evaluator
    Exited Alpha-beta P(C) intermediate evaluator
  Exited B(app. C) intermediate evaluator
  Computing orthonormal alpha-beta geminal space.
    Using canonical orthogonalization.
    n(basis):            16
    Maximum orthogonalization residual = 0.00235635
    Minimum orthogonalization residual = 0.000256375
  Computing orthonormal alpha-alpha geminal space.
    Using canonical orthogonalization.
    n(basis):             6
    Maximum orthogonalization residual = 0.000630316
    Minimum orthogonalization residual = 0.000306374

  Alpha-beta MBPT2-R12/C pair energies:
      i       j        mp2(ij)        f12(ij)      mp2-f12(ij)
    -----   -----   ------------   ------------   ------------
      1       1     -0.008947046   -0.004151211   -0.013098256
      1       2     -0.005670300   -0.004329764   -0.010000064
      1       3     -0.007126329   -0.004531743   -0.011658072
      1       4     -0.005513297   -0.005080152   -0.010593450
      2       1     -0.005670300   -0.004329764   -0.010000064
      2       2     -0.017329041   -0.007269729   -0.024598770
      2       3     -0.009497153   -0.002747315   -0.012244468
      2       4     -0.008329162   -0.003728836   -0.012057998
      3       1     -0.007126329   -0.004531743   -0.011658072
      3       2     -0.009497153   -0.002747315   -0.012244468
      3       3     -0.019751020   -0.005587256   -0.025338276
      3       4     -0.007762950   -0.002873953   -0.010636903
      4       1     -0.005513297   -0.005080152   -0.010593450
      4       2     -0.008329162   -0.003728836   -0.012057998
      4       3     -0.007762950   -0.002873953   -0.010636903
      4       4     -0.016925640   -0.008320284   -0.025245924

  Alpha-alpha MBPT2-R12/C pair energies:
      i       j        mp2(ij)        f12(ij)      mp2-f12(ij)
    -----   -----   ------------   ------------   ------------
      2       1     -0.001873743   -0.000747540   -0.002621282
      3       1     -0.001980230   -0.000569843   -0.002550073
      3       2     -0.006271459   -0.001034436   -0.007305895
      4       1     -0.001951388   -0.000963982   -0.002915371
      4       2     -0.006616562   -0.001472674   -0.008089236
      4       3     -0.006621507   -0.001249131   -0.007870638

  RHF energy [au]:                                -76.025888240261
  Singles MP2 correlation energy [au]:              0.000000000000
  MP2 correlation energy [au]:                     -0.201380907950
  (MBPT2)-R12/  C correlation energy [au]:         -0.083987219811
  MBPT2-R12/  C correlation energy [au]:           -0.285368127760
  MBPT2-R12/  C energy [au]:                      -76.311256368021


  Entered CABS singles MP2 energy evaluator
    E(MP2 CABS singles) =        -0.017845349837336
  Exited CABS singles MP2 energy evaluator

  Value of the MolecularEnergy:  -76.3291017179

  MBPT2_R12:
    Occupied orbitals     : canonical
    Unoccupied orbitals   : canonical
    Include CABS singles? : true
      E(CABS singles) =        -0.017845349837336
    R12WavefunctionWorld:
      WavefunctionWorld:
        How to Store Transformed Integrals: posix
        Transformed Integrals file suffix: ./mp2f12_h2omp2f12slashc10ccpvdzccpvdzf12cabsc2v_ansatz=ijkl,coupling=false_.moints

      Object of type SD_R12RefWavefunction
      Auxiliary Basis Set (ABS):
        GaussianBasisSet:
          nbasis = 110
          nshell = 32
          nprim  = 32
          name = "cc-pVDZ-F12-CABS"

      R12Technology:
        CorrelationFactor: STG-3G[1.5]
          [ Exponent Coefficient] = [ [     0.549916472902    -0.240062725132 ] [     3.131856778874    -0.231321126340 ] [    20.611027685628    -0.132656190969 ]  ]

        Coupling included: false
        GBC assumed: true
        EBC assumed: true
        EBC-free method: Valeev
        Enforce positive definiteness of B, but not ~B(ij)
        RI method for many-elecron integrals: CABS+ (CABS using the union of OBS and ABS for RI)
        ABS linear depenendence tolerance = 1e-08
        Standard Approximation: C
        R12Ansatz:
          Geminal orbital Product Space: ij
          Space of orbital products from which geminal substitutions are allowed: ij
          Projector: 2  , i.e. (1-O1)(1-O2)-V1V2
          Ansatz: orbital-invariant with optimized amplitudes
          WOF: false
        H0_dk_approx_pauli: false
        Max # ABS indices: 2
      Spin-adapted algorithm: false

    MBPT2:
      Function Parameters:
        value_accuracy    = 2.310711e-11 (1.000000e-06) (computed)
        gradient_accuracy = 0.000000e+00 (1.000000e-06)
        hessian_accuracy  = 0.000000e+00 (1.000000e-04)

      Molecular Coordinates:
        IntMolecularCoor Parameters:
          update_bmat = no
          scale_bonds = 1
          scale_bends = 1
          scale_tors = 1
          scale_outs = 1
          symmetry_tolerance = 1.000000e-05
          simple_tolerance = 1.000000e-03
          coordinate_tolerance = 1.000000e-07
          have_fixed_values = 0
          max_update_steps = 100
          max_update_disp = 0.500000
          have_fixed_values = 0

        Molecular formula: H2O
        molecule<Molecule>: (
          symmetry = c2v
          unit = "angstrom"
          {  n atoms                        geometry                     }={
             1     O [    0.0000000000     0.0000000000     0.3693729440]
             2     H [    0.7839758990     0.0000000000    -0.1846864720]
             3     H [   -0.7839758990    -0.0000000000    -0.1846864720]
          }
        )
        Atomic Masses:
           15.99491    1.00783    1.00783
        Reference origin =  [    0.0000000000     0.0000000000     0.0000000000]

        Bonds:
          STRE       s1     0.96000    1    2         O-H
          STRE       s2     0.96000    1    3         O-H
        Bends:
          BEND       b1   109.50000    2    1    3      H-O-H

        SymmMolecularCoor Parameters:
          change_coordinates = no
          transform_hessian = yes
          max_kappa2 = 10.000000

      Electronic basis:
        GaussianBasisSet:
          nbasis = 24
          nshell = 11
          nprim  = 24
          name = "cc-pVDZ"
      Reference Wavefunction:
        Function Parameters:
          value_accuracy    = 2.310711e-09 (1.000000e-08) (computed)
          gradient_accuracy = 0.000000e+00 (1.000000e-06)
          hessian_accuracy  = 0.000000e+00 (1.000000e-04)

        Molecule:
          Molecular formula: H2O
          molecule<Molecule>: (
            symmetry = c2v
            unit = "angstrom"
            {  n atoms                        geometry                     }={
               1     O [    0.0000000000     0.0000000000     0.3693729440]
               2     H [    0.7839758990     0.0000000000    -0.1846864720]
               3     H [   -0.7839758990    -0.0000000000    -0.1846864720]
            }
          )
          Atomic Masses:
             15.99491    1.00783    1.00783
          Reference origin =  [    0.0000000000     0.0000000000     0.0000000000]

        Electronic basis:
          GaussianBasisSet:
            nbasis = 24
            nshell = 11
            nprim  = 24
            name = "cc-pVDZ"
        SCF Parameters:
          maxiter = 100
          density_reset_frequency = 10
          level_shift = 0.000000

        CLSCF Parameters:
          charge = 0
          ndocc = 5
          docc = [ 3 0 1 1 ]



  ConsumableResources: (
    memory = 256MB ( max used: 26.8MB )
    disk = [./ 0B] ( max used: 0B )
  )
  WARNING: 349136 bytes managed by ConsumableResources was not explicitly deallocated!

  End Time: Sun Oct 30 17:46:59 2011

