
                    MPQC: Massively Parallel Quantum Chemistry
                                Version 3.0.0-alpha

  Machine:    i386-apple-darwin11.1.0
  User:       evaleev@EdBookPro.local
  Start Time: Sun Oct 30 17:41:42 2011

  Using ProcMessageGrp for message passing (number of nodes = 1).
  Using PthreadThreadGrp for threading (number of threads = 1).
  Using ProcMemoryGrp for distributed shared memory.
  Total number of processors = 1

  Using IntegralLibint2 by default for molecular integrals evaluation
  Given resources: ConsumableResources: ( memory = 256MB disk = [./ 0B] )

  Reading file /Users/evaleev/Development/workspace/install/mpqc-gcc/share/mpqc/3.0.0-alpha/atominfo.kv.

  IntCoorGen: generated 3 coordinates.
  Forming optimization coordinates:
    SymmMolecularCoor::form_variable_coordinates()
      expected 3 coordinates
      found 2 variable coordinates
      found 0 constant coordinates
  Reading file /Users/evaleev/Development/workspace/install/mpqc-gcc/share/mpqc/3.0.0-alpha/basis/cc-pvdz.kv.
      Reading file /Users/evaleev/Development/workspace/install/mpqc-gcc/share/mpqc/3.0.0-alpha/basis/dz_LdunningR.kv.

      CLSCF::init: total charge = 0

      Starting from core Hamiltonian guess

      Using symmetric orthogonalization.
      n(basis):            14
      Maximum orthogonalization residual = 3.50763
      Minimum orthogonalization residual = 0.0574104
      docc = [ 5 ]
      nbasis = 14

  CLSCF::init: total charge = 0

  Projecting guess wavefunction into the present basis set

      SCF::compute: energy accuracy = 1.0000000e-02

      nuclear repulsion energy =    9.1571164588

      integral intermediate storage = 251480 bytes
      integral cache = 31746840 bytes
      Beginning iterations.  Basis is DZ (Dunning).
                      6372 integrals
      iter     1 energy =  -75.6929826973 delta = 2.35906e-01
                      6372 integrals
      iter     2 energy =  -75.9969199201 delta = 5.86637e-02
                      6372 integrals
      iter     3 energy =  -76.0095040180 delta = 1.43440e-02
                      6372 integrals
      iter     4 energy =  -76.0104942169 delta = 5.95036e-03

      HOMO is     5   A =  -0.497877
      LUMO is     6   A =   0.220897

      total scf energy =  -76.0104942169

      Projecting the guess density.

        The number of electrons in the guess density = 10
        Using symmetric orthogonalization.
        n(basis):            24
        Maximum orthogonalization residual = 3.66509
        Minimum orthogonalization residual = 0.0352018
        The number of electrons in the projected density = 9.99256

  docc = [ 5 ]
  nbasis = 24
  Reading file /Users/evaleev/Development/workspace/install/mpqc-gcc/share/mpqc/3.0.0-alpha/basis/cc-pvtz-ri.kv.
  ints_file = ./mp2f12_h2omp2f12slashc00ccpvdzccpvdzf12cabsccpvtzric1_ansatz=ijkl,coupling=false_.moints
  Reading file /Users/evaleev/Development/workspace/install/mpqc-gcc/share/mpqc/3.0.0-alpha/basis/cc-pvdz-f12-cabs.kv.

  Molecular formula H2O

  The following keywords in "/Users/evaleev/Development/workspace/mpqc/src/bin/mpqc/validate/ref/mp2f12_h2omp2f12slashc00ccpvdzccpvdzf12cabsccpvtzric1_ansatz=ijkl,coupling=false_.in" were ignored:
    mpqc:mole:reference:guess_wavefunction:multiplicity
    mpqc:mole:reference:multiplicity
    mpqc:integrals

  MPQC options:
    matrixkit       = <ReplSCMatrixKit>
    filename        = mp2f12_h2omp2f12slashc00ccpvdzccpvdzf12cabsccpvtzric1_ansatz=ijkl,coupling=false_
    restart_file    = mp2f12_h2omp2f12slashc00ccpvdzccpvdzf12cabsccpvtzric1_ansatz=ijkl,coupling=false_.ckpt
    restart         = no
    checkpoint      = no
    savestate       = no
    do_energy       = yes
    do_gradient     = no
    do_freq         = no
    optimize        = no
    write_pdb       = no
    print_mole      = yes
    print_timings   = yes
    print_resources = yes
switched off integral check in mbptr12.cc/compute

  SCF::compute: energy accuracy = 1.0000000e-08

  nuclear repulsion energy =    9.1571164588

  integral intermediate storage = 883520 bytes
  integral cache = 31111680 bytes
  Beginning iterations.  Basis is cc-pVDZ.
                 53632 integrals
  iter     1 energy =  -75.9893139347 delta = 1.63100e-01
                 53632 integrals
  iter     2 energy =  -76.0250972321 delta = 1.18540e-02
                 53632 integrals
  iter     3 energy =  -76.0258288893 delta = 1.97596e-03
                 53632 integrals
  iter     4 energy =  -76.0258827728 delta = 6.21415e-04
                 53632 integrals
  iter     5 energy =  -76.0258876107 delta = 1.49559e-04
                 53632 integrals
  iter     6 energy =  -76.0258882048 delta = 6.49973e-05
                 53632 integrals
  iter     7 energy =  -76.0258882378 delta = 1.74453e-05
                 53632 integrals
  iter     8 energy =  -76.0258882402 delta = 5.90470e-06
                 53632 integrals
  iter     9 energy =  -76.0258882403 delta = 4.77191e-07
                 53632 integrals
  iter    10 energy =  -76.0258882403 delta = 8.09347e-08
                 53632 integrals
  iter    11 energy =  -76.0258882403 delta = 1.67678e-08
                 53632 integrals
  iter    12 energy =  -76.0258882403 delta = 2.39213e-09

  HOMO is     5   A =  -0.491067
  LUMO is     6   A =   0.185922

  total scf energy =  -76.0258882403
  Orthogonalizing basis for space RIBS:
    Using symmetric orthogonalization.
    n(basis):           134
    Maximum orthogonalization residual = 8.06036
    Minimum orthogonalization residual = 9.08341e-07
  Built TwoBodyMOIntsTransform_ijR: name = <i(sym) Mu|ERI|mu >
  Built DensityFitting: name = (i(sym) mu|DF|Mu)
  Built TransformedDensityFitting: name = (i(sym) p(sym)|DF|Mu)
  Built TwoBodyMOIntsTransform_ijR: name = <i(sym) Mu|G12'[0]|mu >
  Built TwoBodyMOIntsTransform_ijR_from_iqR: name = <i(sym) Mu|G12'[0]|p(sym) >
  Built TwoBodyMOIntsTransform_ixjy_df: name = <i(sym) i(sym)|G12'[0]|p(sym) p(sym)>(b1 b2|k1 k2)

  Entered alpha-beta MP2 pair energies evaluator
  Exited alpha-beta MP2 pair energies evaluator

  Entered alpha-alpha MP2 pair energies evaluator
  Exited alpha-alpha MP2 pair energies evaluator

  Entered G12 diagonal intermediates evaluator

    Entered generic tensor (<i(sym) i(sym)|i(sym) i(sym)>) evaluator
      Built TransformedDensityFitting: name = (i(sym) i(sym)|DF|Mu)
      Built TwoBodyMOIntsTransform_ijR_from_iqR: name = <i(sym) Mu|G12'[0]|i(sym) >
      Built TwoBodyMOIntsTransform_ixjy_df: name = <i(sym) i(sym)|G12'[0]|i(sym) i(sym)>(b1 b2|k1 k2)
    Exited generic tensor (<i(sym) i(sym)|i(sym) i(sym)>) evaluator

    Entered generic tensor (<i(sym) i(sym)|i(sym) i(sym)>) evaluator
      Built TwoBodyMOIntsTransform_ijR: name = <i(sym) Mu|G12'[0,0]|mu >
      Built TwoBodyMOIntsTransform_ijR_from_iqR: name = <i(sym) Mu|G12'[0,0]|i(sym) >
      Built TwoBodyMOIntsTransform_ixjy_df: name = <i(sym) i(sym)|G12'[0,0]|i(sym) i(sym)>(b1 b2|k1 k2)
    Exited generic tensor (<i(sym) i(sym)|i(sym) i(sym)>) evaluator

    Entered generic tensor (<i(sym) i(sym)|i(sym) i(sym)>) evaluator
    Exited generic tensor (<i(sym) i(sym)|i(sym) i(sym)>) evaluator
  Exited G12 diagonal intermediates evaluator

  Entered generic contraction (<i(sym) i(sym)|i(sym) i(sym)> = <i(sym) i(sym)|p(sym) p(sym)> . <i(sym) i(sym)|p(sym) p(sym)>^T)
  Exited generic contraction (<i(sym) i(sym)|i(sym) i(sym)> = <i(sym) i(sym)|p(sym) p(sym)> . <i(sym) i(sym)|p(sym) p(sym)>^T)

  Entered generic contraction (<i(sym) i(sym)|i(sym) i(sym)> = <i(sym) i(sym)|p(sym) p(sym)> . <i(sym) i(sym)|p(sym) p(sym)>^T)
  Exited generic contraction (<i(sym) i(sym)|i(sym) i(sym)> = <i(sym) i(sym)|p(sym) p(sym)> . <i(sym) i(sym)|p(sym) p(sym)>^T)
  SVD-projecting out  occupied symmetry-blocked MOs out of RIBS to obtain space CABS
    5 basis functions projected out of RIBS.
    n(basis):           129
    Maximum singular value = 1
    Minimum singular value = 1
  SVD-projecting out  unoccupied symmetry-blocked MOs out of CABS to obtain space CABS
    19 basis functions projected out of CABS.
    n(basis):           110
    Maximum singular value = 1
    Minimum singular value = 1
  Built TransformedDensityFitting: name = (i(sym) m(sym)|DF|Mu)
  Built TwoBodyMOIntsTransform_ijR: name = <i(sym) Mu|ERI|mu' >
  Built DensityFitting: name = (i(sym) mu'|DF|Mu)
  Built TransformedDensityFitting: name = (i(sym) a'|DF|Mu)
  Built TwoBodyMOIntsTransform_ijR: name = <i(sym) Mu|G12'[0]|mu' >
  Built TwoBodyMOIntsTransform_ijR_from_iqR: name = <i(sym) Mu|G12'[0]|a' >
  Built TwoBodyMOIntsTransform_ijR_from_iqR: name = <i(sym) Mu|G12'[0]|m(sym) >
  Built TwoBodyMOIntsTransform_ixjy_df: name = <i(sym) i(sym)|G12'[0]|m(sym) a'>(b1 b2|k1 k2)

  Entered generic contraction (<i(sym) i(sym)|i(sym) i(sym)> = <i(sym) i(sym)|m(sym) a'> . <i(sym) i(sym)|m(sym) a'>^T)
  Exited generic contraction (<i(sym) i(sym)|i(sym) i(sym)> = <i(sym) i(sym)|m(sym) a'> . <i(sym) i(sym)|m(sym) a'>^T)

  Entered generic contraction (<i(sym) i(sym)|i(sym) i(sym)> = <i(sym) i(sym)|m(sym) a'> . <i(sym) i(sym)|m(sym) a'>^T)
  Exited generic contraction (<i(sym) i(sym)|i(sym) i(sym)> = <i(sym) i(sym)|m(sym) a'> . <i(sym) i(sym)|m(sym) a'>^T)

  Entered B(app. C) intermediate evaluator

    Entered Alpha-beta Q(C) intermediate evaluator
      Entered generic X intermediate evaluator

        Entered generic tensor (<i(sym) i(sym)|i(sym) i(sym)_hJ(p')[A]>) evaluator
          Built TransformedDensityFitting: name = (i(sym) i(sym)_hJ(p')[A]|DF|Mu)
          Built TwoBodyMOIntsTransform_ijR: name = <i(sym) Mu|G12'[0,0]|mu' >
          Built TwoBodyMOIntsTransform_ijR_from_iqR: name = <i(sym) Mu|G12'[0,0]|i(sym)_hJ(p')[A] >
          Built TwoBodyMOIntsTransform_ixjy_df: name = <i(sym) i(sym)|G12'[0,0]|i(sym) i(sym)_hJ(p')[A]>(b1 b2|k1 k2)
        Exited generic tensor (<i(sym) i(sym)|i(sym) i(sym)_hJ(p')[A]>) evaluator
      Exited generic X intermediate evaluator
    Exited Alpha-beta Q(C) intermediate evaluator

    Entered Alpha-beta P(C) intermediate evaluator
      Entered generic FxF intermediate evaluator
        Built TransformedDensityFitting: name = (i(sym) p'_K(p')[A]|DF|Mu)
        Built TransformedDensityFitting: name = (i(sym) p'|DF|Mu)
        Built TwoBodyMOIntsTransform_ijR_from_iqR: name = <i(sym) Mu|G12'[0]|p' >
        Built TwoBodyMOIntsTransform_ijR_from_iqR: name = <i(sym) Mu|G12'[0]|p'_K(p')[A] >
        Built TwoBodyMOIntsTransform_ixjy_df: name = <i(sym) i(sym)|G12'[0]|p'_K(p')[A] p'>(b1 b2|k1 k2)

        Entered generic contraction (<i(sym) i(sym)|i(sym) i(sym)> = <i(sym) i(sym)|p'_K(p')[A] p'> . <i(sym) i(sym)|p' p'>^T)
          Built TwoBodyMOIntsTransform_ixjy_df: name = <i(sym) i(sym)|G12'[0]|p' p'>(b1 b2|k1 k2)
        Exited generic contraction (<i(sym) i(sym)|i(sym) i(sym)> = <i(sym) i(sym)|p'_K(p')[A] p'> . <i(sym) i(sym)|p' p'>^T)
      Exited generic FxF intermediate evaluator
      Entered generic FxF intermediate evaluator
        Built TransformedDensityFitting: name = (i(sym) p'_F(p')[A]|DF|Mu)
        Built TwoBodyMOIntsTransform_ijR_from_iqR: name = <i(sym) Mu|G12'[0]|p'_F(p')[A] >
        Built TwoBodyMOIntsTransform_ixjy_df: name = <i(sym) i(sym)|G12'[0]|m(sym) p'_F(p')[A]>(b1 b2|k1 k2)

        Entered generic contraction (<i(sym) i(sym)|i(sym) i(sym)> = <i(sym) i(sym)|m(sym) p'_F(p')[A]> . <i(sym) i(sym)|m(sym) p'>^T)
          Built TwoBodyMOIntsTransform_ixjy_df: name = <i(sym) i(sym)|G12'[0]|m(sym) p'>(b1 b2|k1 k2)
        Exited generic contraction (<i(sym) i(sym)|i(sym) i(sym)> = <i(sym) i(sym)|m(sym) p'_F(p')[A]> . <i(sym) i(sym)|m(sym) p'>^T)
      Exited generic FxF intermediate evaluator
      Entered generic FxF intermediate evaluator
        Built TransformedDensityFitting: name = (i(sym) p(sym)_F(p(sym))[A]|DF|Mu)
        Built TransformedDensityFitting: name = (i(sym) e(sym)|DF|Mu)
        Built TwoBodyMOIntsTransform_ijR_from_iqR: name = <i(sym) Mu|G12'[0]|e(sym) >
        Built TwoBodyMOIntsTransform_ijR_from_iqR: name = <i(sym) Mu|G12'[0]|p(sym)_F(p(sym))[A] >
        Built TwoBodyMOIntsTransform_ixjy_df: name = <i(sym) i(sym)|G12'[0]|p(sym)_F(p(sym))[A] e(sym)>(b1 b2|k1 k2)

        Entered generic contraction (<i(sym) i(sym)|i(sym) i(sym)> = <i(sym) i(sym)|p(sym)_F(p(sym))[A] e(sym)> . <i(sym) i(sym)|p(sym) e(sym)>^T)
          Built TwoBodyMOIntsTransform_ixjy_df: name = <i(sym) i(sym)|G12'[0]|p(sym) e(sym)>(b1 b2|k1 k2)
        Exited generic contraction (<i(sym) i(sym)|i(sym) i(sym)> = <i(sym) i(sym)|p(sym)_F(p(sym))[A] e(sym)> . <i(sym) i(sym)|p(sym) e(sym)>^T)
      Exited generic FxF intermediate evaluator
      Entered generic FxF intermediate evaluator
        Built TransformedDensityFitting: name = (i(sym) m(sym)_F(p')[A]|DF|Mu)
        Built TwoBodyMOIntsTransform_ijR_from_iqR: name = <i(sym) Mu|G12'[0]|m(sym)_F(p')[A] >
        Built TwoBodyMOIntsTransform_ixjy_df: name = <i(sym) i(sym)|G12'[0]|m(sym)_F(p')[A] a'>(b1 b2|k1 k2)

        Entered generic contraction (<i(sym) i(sym)|i(sym) i(sym)> = <i(sym) i(sym)|m(sym)_F(p')[A] a'> . <i(sym) i(sym)|m(sym) a'>^T)
        Exited generic contraction (<i(sym) i(sym)|i(sym) i(sym)> = <i(sym) i(sym)|m(sym)_F(p')[A] a'> . <i(sym) i(sym)|m(sym) a'>^T)
      Exited generic FxF intermediate evaluator
      Entered generic FxF intermediate evaluator
        Built TransformedDensityFitting: name = (i(sym) p(sym)_F(a')[A]|DF|Mu)
        Built TwoBodyMOIntsTransform_ijR_from_iqR: name = <i(sym) Mu|G12'[0]|p(sym)_F(a')[A] >
        Built TwoBodyMOIntsTransform_ixjy_df: name = <i(sym) i(sym)|G12'[0]|e(sym) p(sym)_F(a')[A]>(b1 b2|k1 k2)

        Entered generic contraction (<i(sym) i(sym)|i(sym) i(sym)> = <i(sym) i(sym)|e(sym) p(sym)_F(a')[A]> . <i(sym) i(sym)|e(sym) p(sym)>^T)
          Built TwoBodyMOIntsTransform_ixjy_df: name = <i(sym) i(sym)|G12'[0]|e(sym) p(sym)>(b1 b2|k1 k2)
        Exited generic contraction (<i(sym) i(sym)|i(sym) i(sym)> = <i(sym) i(sym)|e(sym) p(sym)_F(a')[A]> . <i(sym) i(sym)|e(sym) p(sym)>^T)
      Exited generic FxF intermediate evaluator
      Entered generic FxF intermediate evaluator
        Built TransformedDensityFitting: name = (i(sym) m(sym)_F(m(sym))[A]|DF|Mu)
        Built TwoBodyMOIntsTransform_ijR_from_iqR: name = <i(sym) Mu|G12'[0]|m(sym)_F(m(sym))[A] >
        Built TwoBodyMOIntsTransform_ixjy_df: name = <i(sym) i(sym)|G12'[0]|m(sym)_F(m(sym))[A] a'>(b1 b2|k1 k2)

        Entered generic contraction (<i(sym) i(sym)|i(sym) i(sym)> = <i(sym) i(sym)|m(sym)_F(m(sym))[A] a'> . <i(sym) i(sym)|m(sym) a'>^T)
        Exited generic contraction (<i(sym) i(sym)|i(sym) i(sym)> = <i(sym) i(sym)|m(sym)_F(m(sym))[A] a'> . <i(sym) i(sym)|m(sym) a'>^T)
      Exited generic FxF intermediate evaluator
    Exited Alpha-beta P(C) intermediate evaluator
  Exited B(app. C) intermediate evaluator
  Computing orthonormal alpha-beta geminal space.
    Using canonical orthogonalization.
    n(basis):            25
    Maximum orthogonalization residual = 0.0027993
    Minimum orthogonalization residual = 5.14774e-05
  Computing orthonormal alpha-alpha geminal space.
    Using canonical orthogonalization.
    n(basis):            10
    Maximum orthogonalization residual = 0.000893841
    Minimum orthogonalization residual = 0.000173094

  Alpha-beta MBPT2-R12/C pair energies:
      i       j        mp2(ij)        f12(ij)      mp2-f12(ij)
    -----   -----   ------------   ------------   ------------
      1       1     -0.000427849   -0.035592659   -0.036020508
      1       2     -0.000129897   -0.001398571   -0.001528467
      1       3     -0.000116242   -0.001076260   -0.001192502
      1       4     -0.000149770   -0.001524673   -0.001674443
      1       5     -0.000151708   -0.001793965   -0.001945673
      2       1     -0.000129897   -0.001398571   -0.001528467
      2       2     -0.008942264   -0.004246170   -0.013188434
      2       3     -0.007125413   -0.004650691   -0.011776104
      2       4     -0.005669345   -0.004487446   -0.010156792
      2       5     -0.005512876   -0.005252667   -0.010765543
      3       1     -0.000116242   -0.001076260   -0.001192502
      3       2     -0.007125413   -0.004650691   -0.011776104
      3       3     -0.019747222   -0.005588613   -0.025335835
      3       4     -0.009497448   -0.002759646   -0.012257094
      3       5     -0.007762604   -0.002874514   -0.010637118
      4       1     -0.000149770   -0.001524673   -0.001674443
      4       2     -0.005669345   -0.004487446   -0.010156792
      4       3     -0.009497448   -0.002759646   -0.012257094
      4       4     -0.017322747   -0.007322669   -0.024645415
      4       5     -0.008328912   -0.003746339   -0.012075252
      5       1     -0.000151708   -0.001793965   -0.001945673
      5       2     -0.005512876   -0.005252667   -0.010765543
      5       3     -0.007762604   -0.002874514   -0.010637118
      5       4     -0.008328912   -0.003746339   -0.012075252
      5       5     -0.016919548   -0.008319411   -0.025238959

  Alpha-alpha MBPT2-R12/C pair energies:
      i       j        mp2(ij)        f12(ij)      mp2-f12(ij)
    -----   -----   ------------   ------------   ------------
      2       1     -0.000011222   -0.000524253   -0.000535475
      3       1     -0.000117357   -0.000686624   -0.000803980
      3       2     -0.001980415   -0.000600276   -0.002580691
      4       1     -0.000132212   -0.000918330   -0.001050542
      4       2     -0.001874255   -0.000789674   -0.002663929
      4       3     -0.006272000   -0.001038501   -0.007310501
      5       1     -0.000144512   -0.001122506   -0.001267018
      5       2     -0.001952307   -0.001013358   -0.002965665
      5       3     -0.006622304   -0.001250367   -0.007872670
      5       4     -0.006618115   -0.001479114   -0.008097228

  RHF energy [au]:                                -76.025888240261
  Singles MP2 correlation energy [au]:              0.000000000000
  MP2 correlation energy [au]:                     -0.203697456684
  (MBPT2)-R12/  C correlation energy [au]:         -0.139045072071
  MBPT2-R12/  C correlation energy [au]:           -0.342742528755
  MBPT2-R12/  C energy [au]:                      -76.368630769016


  Entered CABS singles MP2 energy evaluator
    E(MP2 CABS singles) =        -0.017845349842832
  Exited CABS singles MP2 energy evaluator

  Value of the MolecularEnergy:  -76.3864761189

  MBPT2_R12:
    Occupied orbitals     : canonical
    Unoccupied orbitals   : canonical
    Include CABS singles? : true
      E(CABS singles) =        -0.017845349842832
    R12WavefunctionWorld:
      WavefunctionWorld:
        Density-Fitting Parameters:
          basis set:
            GaussianBasisSet:
              nbasis = 141
              nshell = 43
              nprim  = 43
              name = "cc-pVTZ-RI"
          kernel = coulomb
          solver = Bunch-Kaufman (refine)
        How to Store Transformed Integrals: posix
        Transformed Integrals file suffix: ./mp2f12_h2omp2f12slashc00ccpvdzccpvdzf12cabsccpvtzric1_ansatz=ijkl,coupling=false_.moints

      Object of type SD_R12RefWavefunction
      Auxiliary Basis Set (ABS):
        GaussianBasisSet:
          nbasis = 110
          nshell = 32
          nprim  = 32
          name = "cc-pVDZ-F12-CABS"

      R12Technology:
        CorrelationFactor: STG-3G[1.5]
          [ Exponent Coefficient] = [ [     0.549916472902    -0.240062725132 ] [     3.131856778874    -0.231321126340 ] [    20.611027685628    -0.132656190969 ]  ]

        Coupling included: false
        GBC assumed: true
        EBC assumed: true
        EBC-free method: Valeev
        Enforce positive definiteness of B, but not ~B(ij)
        RI method for many-elecron integrals: CABS+ (CABS using the union of OBS and ABS for RI)
        ABS linear depenendence tolerance = 1e-08
        Standard Approximation: C
        R12Ansatz:
          Geminal orbital Product Space: ij
          Space of orbital products from which geminal substitutions are allowed: ij
          Projector: 2  , i.e. (1-O1)(1-O2)-V1V2
          Ansatz: orbital-invariant with optimized amplitudes
          WOF: false
        H0_dk_approx_pauli: false
        Max # ABS indices: 2
      Spin-adapted algorithm: false

    MBPT2:
      Function Parameters:
        value_accuracy    = 2.392125e-11 (1.000000e-06) (computed)
        gradient_accuracy = 0.000000e+00 (1.000000e-06)
        hessian_accuracy  = 0.000000e+00 (1.000000e-04)

      Molecular Coordinates:
        IntMolecularCoor Parameters:
          update_bmat = no
          scale_bonds = 1
          scale_bends = 1
          scale_tors = 1
          scale_outs = 1
          symmetry_tolerance = 1.000000e-05
          simple_tolerance = 1.000000e-03
          coordinate_tolerance = 1.000000e-07
          have_fixed_values = 0
          max_update_steps = 100
          max_update_disp = 0.500000
          have_fixed_values = 0

        Molecular formula: H2O
        molecule<Molecule>: (
          symmetry = c1
          unit = "angstrom"
          {  n atoms                        geometry                     }={
             1     O [    0.0000000000     0.0000000000     0.3693729440]
             2     H [    0.7839758990     0.0000000000    -0.1846864720]
             3     H [   -0.7839758990     0.0000000000    -0.1846864720]
          }
        )
        Atomic Masses:
           15.99491    1.00783    1.00783
        Reference origin =  [    0.0000000000     0.0000000000     0.0000000000]

        Bonds:
          STRE       s1     0.96000    1    2         O-H
          STRE       s2     0.96000    1    3         O-H
        Bends:
          BEND       b1   109.50000    2    1    3      H-O-H

        SymmMolecularCoor Parameters:
          change_coordinates = no
          transform_hessian = yes
          max_kappa2 = 10.000000

      Electronic basis:
        GaussianBasisSet:
          nbasis = 24
          nshell = 11
          nprim  = 24
          name = "cc-pVDZ"
      Reference Wavefunction:
        Function Parameters:
          value_accuracy    = 2.392125e-09 (1.000000e-08) (computed)
          gradient_accuracy = 0.000000e+00 (1.000000e-06)
          hessian_accuracy  = 0.000000e+00 (1.000000e-04)

        Molecule:
          Molecular formula: H2O
          molecule<Molecule>: (
            symmetry = c1
            unit = "angstrom"
            {  n atoms                        geometry                     }={
               1     O [    0.0000000000     0.0000000000     0.3693729440]
               2     H [    0.7839758990     0.0000000000    -0.1846864720]
               3     H [   -0.7839758990     0.0000000000    -0.1846864720]
            }
          )
          Atomic Masses:
             15.99491    1.00783    1.00783
          Reference origin =  [    0.0000000000     0.0000000000     0.0000000000]

        Electronic basis:
          GaussianBasisSet:
            nbasis = 24
            nshell = 11
            nprim  = 24
            name = "cc-pVDZ"
        SCF Parameters:
          maxiter = 100
          density_reset_frequency = 10
          level_shift = 0.000000

        CLSCF Parameters:
          charge = 0
          ndocc = 5
          docc = [ 5 ]



  ConsumableResources: (
    memory = 256MB ( max used: 29.7MB )
    disk = [./ 0B] ( max used: 0B )
  )
  WARNING: 1310280 bytes managed by ConsumableResources was not explicitly deallocated!

  End Time: Sun Oct 30 17:41:57 2011

