
                    MPQC: Massively Parallel Quantum Chemistry
                                Version 3.0.0-alpha

  Machine:    i386-apple-darwin10.5.0
  User:       evaleev@EdBookPro.local
  Start Time: Thu Feb 24 16:38:42 2011

  Using ProcMessageGrp for message passing (number of nodes = 1).
  Using PthreadThreadGrp for threading (number of threads = 1).
  Using ProcMemoryGrp for distributed shared memory.
  Total number of processors = 1

  Using IntegralLibint2 by default for molecular integrals evaluation
  Given resources: ConsumableResources: ( memory = 256MB disk = [./ 0B] )

  Reading file /Users/evaleev/Development/workspace/install/mpqc/share/mpqc/3.0.0-alpha/atominfo.kv.

  IntCoorGen: generated 3 coordinates.
  Forming optimization coordinates:
    SymmMolecularCoor::form_variable_coordinates()
      expected 3 coordinates
      found 2 variable coordinates
      found 0 constant coordinates
  Reading file /Users/evaleev/Development/workspace/install/mpqc/share/mpqc/3.0.0-alpha/basis/cc-pvdz.kv.
      Reading file /Users/evaleev/Development/workspace/install/mpqc/share/mpqc/3.0.0-alpha/basis/dz_LdunningR.kv.

      HSOSSCF::init: total charge = 0

      Starting from core Hamiltonian guess

      Using symmetric orthogonalization.
      n(basis):            14
      Maximum orthogonalization residual = 3.58038
      Minimum orthogonalization residual = 0.0276546
      docc = [ 3 ]
      socc = [ 2 ]

  HSOSSCF::init: total charge = 0

  Projecting guess wavefunction into the present basis set

      SCF::compute: energy accuracy = 1.0000000e-02

      nuclear repulsion energy =    6.0605491858

      Beginning iterations.  Basis is DZ (Dunning).
                      6372 integrals
      iter     1 energy =  -38.6948463603 delta = 1.61855e-01
                      6372 integrals
      iter     2 energy =  -38.8905688068 delta = 4.02254e-02
                      6372 integrals
      iter     3 energy =  -38.8953354717 delta = 1.10701e-02
                      6362 integrals
      iter     4 energy =  -38.8960725829 delta = 3.77043e-03

      HOMO is     5   A =  -0.114103
      LUMO is     6   A =   0.316326

      total scf energy =  -38.8960725829

      Projecting the guess density.

        The number of electrons in the guess density = 8
        Using symmetric orthogonalization.
        n(basis):            24
        Maximum orthogonalization residual = 3.72707
        Minimum orthogonalization residual = 0.0282842
        The number of electrons in the projected density = 7.99727

  docc = [ 3 ]
  socc = [ 2 ]
  ints_file = mp2f12_ch2mp2cabssingles00ccpvdzccpvdzf12cabsc1.moints
  Reading file /Users/evaleev/Development/workspace/install/mpqc/share/mpqc/3.0.0-alpha/basis/cc-pvdz-f12-cabs.kv.

  Molecular formula CH2

  MPQC options:
    matrixkit       = <ReplSCMatrixKit>
    filename        = mp2f12_ch2mp2cabssingles00ccpvdzccpvdzf12cabsc1
    restart_file    = mp2f12_ch2mp2cabssingles00ccpvdzccpvdzf12cabsc1.ckpt
    restart         = no
    checkpoint      = no
    savestate       = no
    do_energy       = yes
    do_gradient     = no
    do_freq         = no
    optimize        = no
    write_pdb       = no
    print_mole      = yes
    print_timings   = yes
    print_resources = yes
switched off integral check in mbptr12.cc/compute

  SCF::compute: energy accuracy = 1.0000000e-08

  nuclear repulsion energy =    6.0605491858

  Beginning iterations.  Basis is cc-pVDZ.
                 53632 integrals
  iter     1 energy =  -38.8917392429 delta = 1.39065e-01
                 53632 integrals
  iter     2 energy =  -38.9050976862 delta = 5.46932e-03
                 53632 integrals
  iter     3 energy =  -38.9058516723 delta = 1.42003e-03
                 53632 integrals
  iter     4 energy =  -38.9058840100 delta = 3.43389e-04
                 53632 integrals
  iter     5 energy =  -38.9058866306 delta = 1.39103e-04
                 53632 integrals
  iter     6 energy =  -38.9058868672 delta = 5.84008e-05
                 53632 integrals
  iter     7 energy =  -38.9058868857 delta = 1.73516e-05
                 53632 integrals
  iter     8 energy =  -38.9058868883 delta = 5.82989e-06
                 53632 integrals
  iter     9 energy =  -38.9058868885 delta = 1.69582e-06
                 53632 integrals
  iter    10 energy =  -38.9058868885 delta = 6.22022e-07
                 53632 integrals
  iter    11 energy =  -38.9058868885 delta = 1.66362e-07
                 53632 integrals
  iter    12 energy =  -38.9058868885 delta = 5.69777e-08
                 53632 integrals
  iter    13 energy =  -38.9058868885 delta = 1.56494e-08
                 53632 integrals
  iter    14 energy =  -38.9058868885 delta = 4.48248e-09

  HOMO is     5   A =  -0.106383
  LUMO is     6   A =   0.208404

  total scf energy =  -38.9058868885
  Entered <i(sym)[A] i(sym)[B]|ERI|mu mu>(b1 b2|k1 k2) integrals evaluator (transform type iRjS)
    Memory available per node:      255825976 Bytes
    Static memory used per node:    0 Bytes
    Total memory used per node:     96576 Bytes
    Memory required for one pass:   96576 Bytes
    Minimum memory required:        22080 Bytes
    Number of passes:               1
    Batch size:                     5
    Beginning pass 1
    Begin loop over shells (ints, 1+2 q.t.)
      working on shell pair (  0   0),  0.000% complete (0 of 66)
      working on shell pair (  3   1), 10.606% complete (7 of 66)
      working on shell pair (  4   4), 21.212% complete (14 of 66)
      working on shell pair (  6   0), 31.818% complete (21 of 66)
      working on shell pair (  7   0), 42.424% complete (28 of 66)
      working on shell pair (  7   7), 53.030% complete (35 of 66)
      working on shell pair (  8   6), 63.636% complete (42 of 66)
      working on shell pair (  9   4), 74.242% complete (49 of 66)
      working on shell pair ( 10   1), 84.848% complete (56 of 66)
      working on shell pair ( 10   8), 95.455% complete (63 of 66)
    End of loop over shells
  Entered <i(sym)[A] i(sym)[B]|ERI|a(sym)[A] a(sym)[B]>(b1 b2|k1 k2) integrals evaluator (transform type ixjy)
    Memory available per node:      255825976 Bytes
    Static memory used per node:    0 Bytes
    Total memory used per node:     96576 Bytes
    Memory required for one pass:   96576 Bytes
    Minimum memory required:        25152 Bytes
    Number of passes:               1
    Batch size:                     5
    Beginning pass 1
    Read half-transformed integrals
    Begin third q.t.
    End of third q.t.
    Begin fourth q.t.
    End of fourth q.t.
  Detecting non-totally-symmetric integrals ... none

  Entered alpha-beta MP2 pair energies evaluator
  Exited alpha-beta MP2 pair energies evaluator
  Entered <i(sym)[A] i(sym)[A]|ERI|mu mu>(b1 b2|k1 k2) integrals evaluator (transform type iRjS)
    Memory available per node:      255825976 Bytes
    Static memory used per node:    0 Bytes
    Total memory used per node:     143040 Bytes
    Memory required for one pass:   143040 Bytes
    Minimum memory required:        31680 Bytes
    Number of passes:               1
    Batch size:                     5
    Beginning pass 1
    Begin loop over shells (ints, 1+2 q.t.)
      working on shell pair (  0   0),  0.000% complete (0 of 66)
      working on shell pair (  3   1), 10.606% complete (7 of 66)
      working on shell pair (  4   4), 21.212% complete (14 of 66)
      working on shell pair (  6   0), 31.818% complete (21 of 66)
      working on shell pair (  7   0), 42.424% complete (28 of 66)
      working on shell pair (  7   7), 53.030% complete (35 of 66)
      working on shell pair (  8   6), 63.636% complete (42 of 66)
      working on shell pair (  9   4), 74.242% complete (49 of 66)
      working on shell pair ( 10   1), 84.848% complete (56 of 66)
      working on shell pair ( 10   8), 95.455% complete (63 of 66)
    End of loop over shells
  Entered <i(sym)[A] i(sym)[A]|ERI|a(sym)[A] a(sym)[A]>(b1 b2|k1 k2) integrals evaluator (transform type ixjy)
    Memory available per node:      255825976 Bytes
    Static memory used per node:    0 Bytes
    Total memory used per node:     143040 Bytes
    Memory required for one pass:   143040 Bytes
    Minimum memory required:        33984 Bytes
    Number of passes:               1
    Batch size:                     5
    Beginning pass 1
    Read half-transformed integrals
    Begin third q.t.
    End of third q.t.
    Begin fourth q.t.
    End of fourth q.t.
  Detecting non-totally-symmetric integrals ... none

  Entered alpha-alpha MP2 pair energies evaluator
  Exited alpha-alpha MP2 pair energies evaluator
  Entered <i(sym)[B] i(sym)[B]|ERI|mu mu>(b1 b2|k1 k2) integrals evaluator (transform type iRjS)
    Memory available per node:      255825976 Bytes
    Static memory used per node:    0 Bytes
    Total memory used per node:     58944 Bytes
    Memory required for one pass:   58944 Bytes
    Minimum memory required:        21696 Bytes
    Number of passes:               1
    Batch size:                     3
    Beginning pass 1
    Begin loop over shells (ints, 1+2 q.t.)
      working on shell pair (  0   0),  0.000% complete (0 of 66)
      working on shell pair (  3   1), 10.606% complete (7 of 66)
      working on shell pair (  4   4), 21.212% complete (14 of 66)
      working on shell pair (  6   0), 31.818% complete (21 of 66)
      working on shell pair (  7   0), 42.424% complete (28 of 66)
      working on shell pair (  7   7), 53.030% complete (35 of 66)
      working on shell pair (  8   6), 63.636% complete (42 of 66)
      working on shell pair (  9   4), 74.242% complete (49 of 66)
      working on shell pair ( 10   1), 84.848% complete (56 of 66)
      working on shell pair ( 10   8), 95.455% complete (63 of 66)
    End of loop over shells
  Entered <i(sym)[B] i(sym)[B]|ERI|a(sym)[B] a(sym)[B]>(b1 b2|k1 k2) integrals evaluator (transform type ixjy)
    Memory available per node:      255825976 Bytes
    Static memory used per node:    0 Bytes
    Total memory used per node:     58944 Bytes
    Memory required for one pass:   58944 Bytes
    Minimum memory required:        25920 Bytes
    Number of passes:               1
    Batch size:                     3
    Beginning pass 1
    Read half-transformed integrals
    Begin third q.t.
    End of third q.t.
    Begin fourth q.t.
    End of fourth q.t.
  Detecting non-totally-symmetric integrals ... none

  Entered beta-beta MP2 pair energies evaluator
  Exited beta-beta MP2 pair energies evaluator

  Alpha-beta MBPT2-R12/C pair energies:
      i       j        mp2(ij)        f12(ij)      mp2-f12(ij)
    -----   -----   ------------   ------------   ------------
      1       1     -0.000564894    0.000000000   -0.000564894
      1       2     -0.000165395    0.000000000   -0.000165395
      1       3     -0.000102828    0.000000000   -0.000102828
      2       1     -0.000145689    0.000000000   -0.000145689
      2       2     -0.009046706    0.000000000   -0.009046706
      2       3     -0.007667682    0.000000000   -0.007667682
      3       1     -0.000115086    0.000000000   -0.000115086
      3       2     -0.011426896    0.000000000   -0.011426896
      3       3     -0.016748948    0.000000000   -0.016748948
      4       1     -0.000166288    0.000000000   -0.000166288
      4       2     -0.007637425    0.000000000   -0.007637425
      4       3     -0.007683611    0.000000000   -0.007683611
      5       1     -0.000182401    0.000000000   -0.000182401
      5       2     -0.008053941    0.000000000   -0.008053941
      5       3     -0.005889403    0.000000000   -0.005889403

  Alpha-alpha MBPT2-R12/C pair energies:
      i       j        mp2(ij)        f12(ij)      mp2-f12(ij)
    -----   -----   ------------   ------------   ------------
      2       1     -0.000016926    0.000000000   -0.000016926
      3       1     -0.000103724    0.000000000   -0.000103724
      3       2     -0.001224245    0.000000000   -0.001224245
      4       1     -0.000122644    0.000000000   -0.000122644
      4       2     -0.001284364    0.000000000   -0.001284364
      4       3     -0.004344652    0.000000000   -0.004344652
      5       1     -0.000128950    0.000000000   -0.000128950
      5       2     -0.001463908    0.000000000   -0.001463908
      5       3     -0.004997660    0.000000000   -0.004997660
      5       4     -0.005391740    0.000000000   -0.005391740

  Beta-beta MBPT2-R12/C pair energies:
      i       j        mp2(ij)        f12(ij)      mp2-f12(ij)
    -----   -----   ------------   ------------   ------------
      2       1     -0.000040944    0.000000000   -0.000040944
      3       1     -0.000128422    0.000000000   -0.000128422
      3       2     -0.002240208    0.000000000   -0.002240208

  Entered OBS singles MP2 energy evaluator
    E(MP2 OBS singles) =        -0.002169799374561
  Exited OBS singles MP2 energy evaluator

  RHF energy [au]:                                -38.905886888507
  Singles MP2 correlation energy [au]:             -0.002169799375
  MP2 correlation energy [au]:                     -0.099255381505
  (MBPT2)-R12/  C correlation energy [au]:          0.000000000000
  MBPT2-R12/  C correlation energy [au]:           -0.099255381505
  MBPT2-R12/  C energy [au]:                      -39.005142270012


  Entered CABS singles MP2 energy evaluator
    Orthogonalizing basis for space RIBS:
      Using symmetric orthogonalization.
      n(basis):           134
      Maximum orthogonalization residual = 8.05992
      Minimum orthogonalization residual = 9.535e-07
    SVD-projecting out alpha occupied symmetry-blocked MOs out of RIBS to obtain space CABS (Alpha)
      5 basis functions projected out of RIBS.
      n(basis):           129
      Maximum singular value = 1
      Minimum singular value = 1
    SVD-projecting out beta occupied symmetry-blocked MOs out of RIBS to obtain space CABS (Beta)
      3 basis functions projected out of RIBS.
      n(basis):           131
      Maximum singular value = 1
      Minimum singular value = 1
    SVD-projecting out alpha unoccupied symmetry-blocked MOs out of CABS (Alpha) to obtain space CABS (Alpha)
      19 basis functions projected out of CABS (Alpha).
      n(basis):           110
      Maximum singular value = 1
      Minimum singular value = 1
    SVD-projecting out beta unoccupied symmetry-blocked MOs out of CABS (Beta) to obtain space CABS (Beta)
      21 basis functions projected out of CABS (Beta).
      n(basis):           110
      Maximum singular value = 1
      Minimum singular value = 1
    E(MP2 CABS singles) =        -0.005076201934218
  Exited CABS singles MP2 energy evaluator

  Value of the MolecularEnergy:  -39.0102184719

  MBPT2_R12:
    Include CABS singles? : true
      E(CABS singles) =        -0.005076201934218
    R12WavefunctionWorld:
      WavefunctionWorld:
        How to Store Transformed Integrals: posix
        Transformed Integrals file suffix: mp2f12_ch2mp2cabssingles00ccpvdzccpvdzf12cabsc1.moints

      Auxiliary Basis Set (ABS):
        GaussianBasisSet:
          nbasis = 110
          nshell = 32
          nprim  = 32
          name = "cc-pVDZ-F12-CABS"

      R12Technology:
        CorrelationFactor: none

        Coupling included: false
        GBC assumed: true
        EBC assumed: true
        EBC-free method: Valeev
        Enforce positive definiteness of B, but not ~B(ij)
        ABS method variant: CABS+ (Valeev using the union of OBS and ABS for RI)
        ABS linear depenendence tolerance = 1e-08
        Standard Approximation: C
        R12Ansatz:
          Geminal orbital Product Space: ij
          Space of orbital products from which geminal substitutions are allowed: ij
          Projector: 2  , i.e. (1-O1)(1-O2)-V1V2
          Ansatz: diagonal with fixed amplitudes
          WOF: false
        H0_dk_approx_pauli: false
        Max # ABS indices: 2
      Spin-adapted algorithm: false

    MBPT2:
      Function Parameters:
        value_accuracy    = 4.482484e-11 (1.000000e-06) (computed)
        gradient_accuracy = 0.000000e+00 (1.000000e-06)
        hessian_accuracy  = 0.000000e+00 (1.000000e-04)

      Molecular Coordinates:
        IntMolecularCoor Parameters:
          update_bmat = no
          scale_bonds = 1
          scale_bends = 1
          scale_tors = 1
          scale_outs = 1
          symmetry_tolerance = 1.000000e-05
          simple_tolerance = 1.000000e-03
          coordinate_tolerance = 1.000000e-07
          have_fixed_values = 0
          max_update_steps = 100
          max_update_disp = 0.500000
          have_fixed_values = 0

        Molecular formula: CH2
        molecule<Molecule>: (
          symmetry = c1
          unit = "angstrom"
          {  n atoms                        geometry                     }={
             1     C [    0.0000000000     0.0000000000    -0.1000000000]
             2     H [    0.0000000000     0.8570000000     0.5960000000]
             3     H [    0.0000000000    -0.8570000000     0.5960000000]
          }
        )
        Atomic Masses:
           12.00000    1.00783    1.00783
        Reference origin =  [    0.0000000000     0.0000000000     0.0000000000]

        Bonds:
          STRE       s1     1.10402    1    2         C-H
          STRE       s2     1.10402    1    3         C-H
        Bends:
          BEND       b1   101.83746    2    1    3      H-C-H

        SymmMolecularCoor Parameters:
          change_coordinates = no
          transform_hessian = yes
          max_kappa2 = 10.000000

      Electronic basis:
        GaussianBasisSet:
          nbasis = 24
          nshell = 11
          nprim  = 24
          name = "cc-pVDZ"
      Reference Wavefunction:
        Function Parameters:
          value_accuracy    = 4.482484e-09 (1.000000e-08) (computed)
          gradient_accuracy = 0.000000e+00 (1.000000e-06)
          hessian_accuracy  = 0.000000e+00 (1.000000e-04)

        Molecule:
          Molecular formula: CH2
          molecule<Molecule>: (
            symmetry = c1
            unit = "angstrom"
            {  n atoms                        geometry                     }={
               1     C [    0.0000000000     0.0000000000    -0.1000000000]
               2     H [    0.0000000000     0.8570000000     0.5960000000]
               3     H [    0.0000000000    -0.8570000000     0.5960000000]
            }
          )
          Atomic Masses:
             12.00000    1.00783    1.00783
          Reference origin =  [    0.0000000000     0.0000000000     0.0000000000]

        Electronic basis:
          GaussianBasisSet:
            nbasis = 24
            nshell = 11
            nprim  = 24
            name = "cc-pVDZ"
        SCF Parameters:
          maxiter = 100
          density_reset_frequency = 10
          level_shift = 0.250000

        HSOSSCF Parameters:
          charge = 0
          ndocc = 3
          nsocc = 2
          docc = [ 3 ]
          socc = [ 2 ]



  ConsumableResources: (
    memory = 256MB ( max used: 241MB )
    disk = [./ 0B] ( max used: 0B )
  )
                                                                                       CPU Wall
mpqc:                                                                                 8.65 8.65
  calc:                                                                               8.50 8.51
    mp2-r12 energy:                                                                   8.50 8.50
      CABS singles MP2 energy:                                                        6.35 6.35
        build_only:                                                                   3.91 3.91
          FockBuildThreads:                                                           5.35 5.35
      mp2-r12/c pair energies:                                                        1.17 1.17
        MP2 pair energies:                                                            0.01 0.01
          MO ints retrieve:                                                           0.00 0.00
        OBS singles MP2 energy:                                                       0.31 0.31
          build_only:                                                                 0.13 0.13
            FockBuildThreads:                                                         0.29 0.29
        tbint_tform_iRjS <i(sym)[A] i(sym)[A]|ERI|mu mu>(b1 b2|k1 k2):                0.20 0.20
          mp2-r12/a passes:                                                           0.11 0.11
            MO ints store:                                                            0.00 0.00
            ints+1qt+2qt:                                                             0.11 0.11
        tbint_tform_iRjS <i(sym)[A] i(sym)[B]|ERI|mu mu>(b1 b2|k1 k2):                0.20 0.20
          mp2-r12/a passes:                                                           0.11 0.11
            MO ints store:                                                            0.00 0.00
            ints+1qt+2qt:                                                             0.11 0.11
        tbint_tform_iRjS <i(sym)[B] i(sym)[B]|ERI|mu mu>(b1 b2|k1 k2):                0.19 0.19
          mp2-r12/a passes:                                                           0.11 0.11
            MO ints store:                                                            0.00 0.00
            ints+1qt+2qt:                                                             0.11 0.11
        tbint_tform_ixjy <i(sym)[A] i(sym)[A]|ERI|a(sym)[A] a(sym)[A]>(b1 b2|k1 k2):  0.08 0.08
          mp2-r12/a passes:                                                           0.00 0.00
            3. q.t.:                                                                  0.00 0.00
            4. q.t.:                                                                  0.00 0.00
            MO ints store:                                                            0.00 0.00
        tbint_tform_ixjy <i(sym)[A] i(sym)[B]|ERI|a(sym)[A] a(sym)[B]>(b1 b2|k1 k2):  0.08 0.08
          mp2-r12/a passes:                                                           0.00 0.00
            3. q.t.:                                                                  0.00 0.00
            4. q.t.:                                                                  0.00 0.00
            MO ints store:                                                            0.00 0.00
        tbint_tform_ixjy <i(sym)[B] i(sym)[B]|ERI|a(sym)[B] a(sym)[B]>(b1 b2|k1 k2):  0.09 0.09
          mp2-r12/a passes:                                                           0.00 0.00
            3. q.t.:                                                                  0.00 0.00
            4. q.t.:                                                                  0.00 0.00
            MO ints store:                                                            0.00 0.00
      vector:                                                                         0.97 0.97
        density:                                                                      0.00 0.00
        evals:                                                                        0.01 0.01
        extrap:                                                                       0.01 0.01
        fock:                                                                         0.86 0.86
          start thread:                                                               0.85 0.85
          stop thread:                                                                0.00 0.00
  input:                                                                              0.15 0.15
    vector:                                                                           0.09 0.09
      density:                                                                        0.00 0.00
      evals:                                                                          0.00 0.00
      extrap:                                                                         0.00 0.00
      fock:                                                                           0.05 0.05
        start thread:                                                                 0.04 0.04
        stop thread:                                                                  0.00 0.00

  End Time: Thu Feb 24 16:38:51 2011

