
                    MPQC: Massively Parallel Quantum Chemistry
                                Version 3.0.0-alpha

  Machine:    i386-apple-darwin8.11.1
  User:       evaleev@h80ad9188.dhcp.vt.edu
  Start Time: Thu May  8 12:09:38 2008

  Using ProcMessageGrp for message passing (number of nodes = 1).
  Using PthreadThreadGrp for threading (number of threads = 1).
  Using ProcMemoryGrp for distributed shared memory.
  Total number of processors = 1

  Using IntegralLibint2 by default for molecular integrals evaluation

  Reading file /Users/evaleev/Development/workspace/mpqc-install-cca+comm/share/mpqc/3.0.0-alpha/atominfo.kv.

  IntCoorGen: generated 3 coordinates.
  Forming optimization coordinates:
    SymmMolecularCoor::form_variable_coordinates()
      expected 3 coordinates
      found 2 variable coordinates
      found 0 constant coordinates
  Reading file /Users/evaleev/Development/workspace/mpqc-install-cca+comm/share/mpqc/3.0.0-alpha/basis/cc-pvdz.kv.
      Reading file /Users/evaleev/Development/workspace/mpqc-install-cca+comm/share/mpqc/3.0.0-alpha/basis/dz_LdunningR.kv.

      CLSCF::init: total charge = 0

      Starting from core Hamiltonian guess

      Using symmetric orthogonalization.
      n(basis):             8     0     4     2
      Maximum orthogonalization residual = 3.50763
      Minimum orthogonalization residual = 0.0574104
      docc = [ 3 0 1 1 ]
      nbasis = 14

  CLSCF::init: total charge = 0

  Projecting guess wavefunction into the present basis set

      SCF::compute: energy accuracy = 1.0000000e-06

      nuclear repulsion energy =    9.1571164588

      integral intermediate storage = 1953752 bytes
      integral cache = 30044568 bytes
      Beginning iterations.  Basis is DZ (Dunning).
                      4284 integrals
      iter     1 energy =  -75.6929826973 delta = 2.35942e-01
                      4284 integrals
      iter     2 energy =  -75.9969199201 delta = 5.90609e-02
                      4284 integrals
      iter     3 energy =  -76.0095041153 delta = 1.43489e-02
                      4284 integrals
      iter     4 energy =  -76.0104942081 delta = 5.95029e-03
                      4284 integrals
      iter     5 energy =  -76.0106554883 delta = 1.61684e-03
                      4284 integrals
      iter     6 energy =  -76.0106673002 delta = 6.25926e-04
                      4257 integrals
      iter     7 energy =  -76.0106682693 delta = 2.13656e-04
                      4284 integrals
      iter     8 energy =  -76.0106683083 delta = 3.37513e-05
                      4284 integrals
      iter     9 energy =  -76.0106683092 delta = 6.20406e-06
                      4284 integrals
      iter    10 energy =  -76.0106683092 delta = 1.59718e-06
                      4272 integrals
      iter    11 energy =  -76.0106683092 delta = 6.53286e-08

      HOMO is     1  B2 =  -0.504005
      LUMO is     4  A1 =   0.218660

      total scf energy =  -76.0106683092

      Projecting the guess density.

        The number of electrons in the guess density = 10
        Using symmetric orthogonalization.
        n(basis):            11     2     7     4
        Maximum orthogonalization residual = 3.66509
        Minimum orthogonalization residual = 0.0352018
        The number of electrons in the projected density = 9.99253

  docc = [ 3 0 1 1 ]
  nbasis = 24
  Reading file /Users/evaleev/Development/workspace/mpqc-install-cca+comm/share/mpqc/3.0.0-alpha/basis/aug-cc-pvdz.kv.
  ints_file = mp2f12_mp2f12slashaprime10ccpvdzaugccpvdzc2v.moints

  Molecular formula H2O

  The following keywords in "/Users/evaleev/Development/workspace/mpqc/src/bin/mpqc/validate/ref/mp2f12_mp2f12slashaprime10ccpvdzaugccpvdzc2v.in" were ignored:
    mpqc:mole:reference:guess_wavefunction:multiplicity
    mpqc:mole:reference:multiplicity
    mpqc:integrals

  MPQC options:
    matrixkit     = <ReplSCMatrixKit>
    filename      = mp2f12_mp2f12slashaprime10ccpvdzaugccpvdzc2v
    restart_file  = mp2f12_mp2f12slashaprime10ccpvdzaugccpvdzc2v.ckpt
    restart       = no
    checkpoint    = no
    savestate     = no
    do_energy     = yes
    do_gradient   = no
    optimize      = no
    write_pdb     = no
    print_mole    = yes
    print_timings = yes
switched off integral check in mbptr12.cc/compute

  SCF::compute: energy accuracy = 1.0000000e-08

  nuclear repulsion energy =    9.1571164588

  integral intermediate storage = 1970464 bytes
  integral cache = 30024736 bytes
  Beginning iterations.  Basis is cc-pVDZ.
                 31972 integrals
  iter     1 energy =  -75.9894459794 delta = 1.63329e-01
                 31972 integrals
  iter     2 energy =  -76.0251605458 delta = 1.17686e-02
                 31972 integrals
  iter     3 energy =  -76.0258587094 delta = 1.94238e-03
                 31972 integrals
  iter     4 energy =  -76.0258857767 delta = 4.37786e-04
                 31972 integrals
  iter     5 energy =  -76.0258879700 delta = 1.05751e-04
                 31972 integrals
  iter     6 energy =  -76.0258882354 delta = 4.25537e-05
                 31972 integrals
  iter     7 energy =  -76.0258882399 delta = 5.95036e-06
                 31972 integrals
  iter     8 energy =  -76.0258882402 delta = 2.04017e-06
                 31972 integrals
  iter     9 energy =  -76.0258882403 delta = 3.87940e-07
                 31972 integrals
  iter    10 energy =  -76.0258882403 delta = 5.58931e-08
                 31972 integrals
  iter    11 energy =  -76.0258882403 delta = 1.32428e-08
                 31972 integrals
  iter    12 energy =  -76.0258882403 delta = 1.71870e-09

  HOMO is     1  B2 =  -0.491067
  LUMO is     4  A1 =   0.185922

  total scf energy =  -76.0258882403
  Orthogonalizing basis for space RIBS:
    Using symmetric orthogonalization.
    n(basis):            18     4    12     7
    Maximum orthogonalization residual = 5.65442
    Minimum orthogonalization residual = 0.00288355
  Orthogonalizing basis for space OBS+ABS:
    WARNING: 24 basis functions ignored in symmetric orthogonalization.
    Using symmetric orthogonalization.
    n(basis):            29     6    19    11
    Maximum orthogonalization residual = 9.13819
    Minimum orthogonalization residual = 0.00397789
  SVD-projecting out doubly-occupied symmetry-blocked MOs out of RIBS to obtain space CABS
    5 basis functions projected out of RIBS.
    n(basis):            15     4    11     6
    Maximum singular value = 1
    Minimum singular value = 1
  SVD-projecting out unoccupied symmetry-blocked MOs out of CABS to obtain space CABS
    19 basis functions projected out of CABS.
    n(basis):             7     2     5     3
    Maximum singular value = 1
    Minimum singular value = 1

  Entered G12 diagonal intermediates evaluator

    Entered generic tensor (<i i|i i>) evaluator
      Entered <i i| G12[0] |m m>_bb integrals evaluator (transform type ikjy)
        Memory available per node:      32000000 Bytes
        Static memory used per node:    1003456 Bytes
        Total memory used per node:     1235976 Bytes
        Memory required for one pass:   1235976 Bytes
        Minimum memory required:        1062456 Bytes
        Number of passes:               1
        Batch size:                     4
        Beginning pass 1
        Begin loop over shells (ints, 1+2+3 q.t.)
          working on shell pair (  0   0),  0.000% complete (0 of 66)
          working on shell pair (  3   1), 10.606% complete (7 of 66)
          working on shell pair (  4   4), 21.212% complete (14 of 66)
          working on shell pair (  6   0), 31.818% complete (21 of 66)
          working on shell pair (  7   0), 42.424% complete (28 of 66)
          working on shell pair (  7   7), 53.030% complete (35 of 66)
          working on shell pair (  8   6), 63.636% complete (42 of 66)
          working on shell pair (  9   4), 74.242% complete (49 of 66)
          working on shell pair ( 10   1), 84.848% complete (56 of 66)
          working on shell pair ( 10   8), 95.455% complete (63 of 66)
        End of loop over shells
        Begin fourth q.t.
        End of fourth q.t.
      Detecting non-totally-symmetric integrals ... none
      Computing intermediates on 1 processors
    Exited generic tensor (<i i|i i>) evaluator

    Entered generic tensor (<i i|i i>) evaluator
      Entered <i i| G12[0,0] |i i>_bb integrals evaluator (transform type ikjy)
        Memory available per node:      32000000 Bytes
        Static memory used per node:    1003072 Bytes
        Total memory used per node:     1212128 Bytes
        Memory required for one pass:   1212128 Bytes
        Minimum memory required:        1056032 Bytes
        Number of passes:               1
        Batch size:                     4
        Beginning pass 1
        Begin loop over shells (ints, 1+2+3 q.t.)
          working on shell pair (  0   0),  0.000% complete (0 of 66)
          working on shell pair (  3   1), 10.606% complete (7 of 66)
          working on shell pair (  4   4), 21.212% complete (14 of 66)
          working on shell pair (  6   0), 31.818% complete (21 of 66)
          working on shell pair (  7   0), 42.424% complete (28 of 66)
          working on shell pair (  7   7), 53.030% complete (35 of 66)
          working on shell pair (  8   6), 63.636% complete (42 of 66)
          working on shell pair (  9   4), 74.242% complete (49 of 66)
          working on shell pair ( 10   1), 84.848% complete (56 of 66)
          working on shell pair ( 10   8), 95.455% complete (63 of 66)
        End of loop over shells
        Begin fourth q.t.
        End of fourth q.t.
      Detecting non-totally-symmetric integrals ... none
      Computing intermediates on 1 processors
    Exited generic tensor (<i i|i i>) evaluator

    Entered generic tensor (<i i|i i>) evaluator
      Computing intermediates on 1 processors
    Exited generic tensor (<i i|i i>) evaluator
  Exited G12 diagonal intermediates evaluator

  Entered generic contraction (<i i|i i> = <i i|p p> . <i i|p p>^T)
    Entered <i i| G12[0] |p p>_bb integrals evaluator (transform type ikjy)
      Memory available per node:      32000000 Bytes
      Static memory used per node:    1010752 Bytes
      Total memory used per node:     1689088 Bytes
      Memory required for one pass:   1689088 Bytes
      Minimum memory required:        1184512 Bytes
      Number of passes:               1
      Batch size:                     4
      Beginning pass 1
      Begin loop over shells (ints, 1+2+3 q.t.)
        working on shell pair (  0   0),  0.000% complete (0 of 66)
        working on shell pair (  3   1), 10.606% complete (7 of 66)
        working on shell pair (  4   4), 21.212% complete (14 of 66)
        working on shell pair (  6   0), 31.818% complete (21 of 66)
        working on shell pair (  7   0), 42.424% complete (28 of 66)
        working on shell pair (  7   7), 53.030% complete (35 of 66)
        working on shell pair (  8   6), 63.636% complete (42 of 66)
        working on shell pair (  9   4), 74.242% complete (49 of 66)
        working on shell pair ( 10   1), 84.848% complete (56 of 66)
        working on shell pair ( 10   8), 95.455% complete (63 of 66)
      End of loop over shells
      Begin fourth q.t.
      End of fourth q.t.
    Detecting non-totally-symmetric integrals ... none
    Computing intermediates on 1 processors
  Exited generic contraction (<i i|i i> = <i i|p p> . <i i|p p>^T)

  Entered generic contraction (<i i|i i> = <i i|p p> . <i i|p p>^T)
    Computing intermediates on 1 processors
  Exited generic contraction (<i i|i i> = <i i|p p> . <i i|p p>^T)

  Entered generic contraction (<i i|i i> = <i i|p p> . <i i|p p>^T)
    Computing intermediates on 1 processors
  Exited generic contraction (<i i|i i> = <i i|p p> . <i i|p p>^T)

  Entered generic contraction (<i i|i i> = <i i|p p> . <i i|p p>^T)
    Computing intermediates on 1 processors
  Exited generic contraction (<i i|i i> = <i i|p p> . <i i|p p>^T)

  Entered generic contraction (<i i|i i> = <i i|m a'> . <i i|m a'>^T)
    Entered <i i| G12[0] |m a'>_bb integrals evaluator (transform type ikjy)
      Memory available per node:      32000000 Bytes
      Static memory used per node:    1008072 Bytes
      Total memory used per node:     1306552 Bytes
      Memory required for one pass:   1306552 Bytes
      Minimum memory required:        1084072 Bytes
      Number of passes:               1
      Batch size:                     4
      Beginning pass 1
      Begin loop over shells (ints, 1+2+3 q.t.)
        working on shell pair (  0   0),  0.000% complete (0 of 198)
        working on shell pair (  1   9), 10.101% complete (20 of 198)
        working on shell pair (  3   7), 20.202% complete (40 of 198)
        working on shell pair (  5   5), 30.303% complete (60 of 198)
        working on shell pair (  7   3), 40.404% complete (80 of 198)
        working on shell pair (  9   1), 50.505% complete (100 of 198)
        working on shell pair ( 10  10), 60.606% complete (120 of 198)
        working on shell pair ( 12   8), 70.707% complete (140 of 198)
        working on shell pair ( 14   6), 80.808% complete (160 of 198)
        working on shell pair ( 16   4), 90.909% complete (180 of 198)
      End of loop over shells
      Begin fourth q.t.
      End of fourth q.t.
    Detecting non-totally-symmetric integrals ... none
    Computing intermediates on 1 processors
  Exited generic contraction (<i i|i i> = <i i|m a'> . <i i|m a'>^T)

  Entered generic contraction (<i i|i i> = <i i|m a'> . <i i|m a'>^T)
    Computing intermediates on 1 processors
  Exited generic contraction (<i i|i i> = <i i|m a'> . <i i|m a'>^T)

  Entered generic contraction (<i i|i i> = <i i|m a'> . <i i|m a'>^T)
    Computing intermediates on 1 processors
  Exited generic contraction (<i i|i i> = <i i|m a'> . <i i|m a'>^T)

  Entered generic contraction (<i i|i i> = <i i|m a'> . <i i|m a'>^T)
    Computing intermediates on 1 processors
  Exited generic contraction (<i i|i i> = <i i|m a'> . <i i|m a'>^T)

  Entered B(BC) intermediate evaluator
  Exited B(BC) intermediate evaluator

  Entered MP2 pair energies (<i i|a a>) evaluator
    Computing intermediates on 1 processors
  Exited MP2 pair energies (<i i|a a>) evaluator

  Entered MP2 pair energies (<i i|a a>) evaluator
    Computing intermediates on 1 processors
  Exited MP2 pair energies (<i i|a a>) evaluator
  Computing orthonormal alpha-beta geminal space.
    Using canonical orthogonalization.
    n(basis):            16
    Maximum orthogonalization residual = 0.0056898
    Minimum orthogonalization residual = 0.000975021
  Computing orthonormal alpha-alpha geminal space.
    Using canonical orthogonalization.
    n(basis):             6
    Maximum orthogonalization residual = 0.00187405
    Minimum orthogonalization residual = 0.000975021

  Singlet MBPT2-F12/A' pair energies:
      i       j        mp2(ij)        r12(ij)      mp2-r12(ij)
    -----   -----   ------------   ------------   ------------
      1       1     -0.008947046   -0.005905562   -0.014852608
      2       1     -0.012272428   -0.010681122   -0.022953550
      2       2     -0.019751020   -0.007492384   -0.027243405
      3       1     -0.009466858   -0.010083042   -0.019549900
      3       2     -0.012722847   -0.006810478   -0.019533325
      3       3     -0.017329041   -0.009775449   -0.027104490
      4       1     -0.009075206   -0.011578290   -0.020653497
      4       2     -0.008904392   -0.007442077   -0.016346469
      4       3     -0.010041762   -0.009615052   -0.019656814
      4       4     -0.016925640   -0.011519235   -0.028444875

  Triplet MBPT2-F12/A' pair energies:
      i       j        mp2(ij)        r12(ij)      mp2-r12(ij)
    -----   -----   ------------   ------------   ------------
      2       1     -0.005940691   -0.003054083   -0.008994774
      3       1     -0.005621228   -0.004144090   -0.009765318
      3       2     -0.018814377   -0.003883032   -0.022697409
      4       1     -0.005854165   -0.005275441   -0.011129606
      4       2     -0.019864522   -0.004568200   -0.024432721
      4       3     -0.019849686   -0.005827907   -0.025677594

  Singlet MP2 correlation energy [au]:             -0.125436238838
  Triplet MP2 correlation energy [au]:             -0.075944669208
  Singlet (MP2)-F12/ A' correlation energy [au]:   -0.090902693300
  Triplet (MP2)-F12/ A' correlation energy [au]:   -0.026752752920
  Singlet MP2-F12/ A' correlation energy [au]:     -0.216338932138
  Triplet MP2-F12/ A' correlation energy [au]:     -0.102697422127

  RHF energy [au]:                                -76.025888240261
  MP2 correlation energy [au]:                     -0.201380908046
  (MBPT2)-F12/ A' correlation energy [au]:         -0.117655446220
  MBPT2-F12/ A' correlation energy [au]:           -0.319036354265
  MBPT2-F12/ A' energy [au]:                      -76.344924594526


  Value of the MolecularEnergy:  -76.3449245945

  MBPT2_R12:
    Spin-adapted algorithm: true
    Use new MP2R12Energy: false
    Compute Hylleraas functional: false
    R12Technology:
      CorrelationFactor:
        Function 0:
          Functional form: G12
          [ Exponent Coefficient] = [ [0.549916 0.360094] [3.13186 0.346982] [20.611 0.198984]  ]

      GBC assumed: true
      EBC assumed: true
      EBC-free method: Valeev
      Enforce positive definiteness of B, but not ~B(ij)
      ABS method variant: CABS  (Valeev)
      Standard Approximation: A'
      LinearR12Ansatz:
        Orbital Product Space: ij
        Projector: 2  , i.e. (1-P1)(1-P2)-V1V2
        Ansatz: orbital-invariant
        WOF: false
      Max # ABS indices: 2
    MBPT2:
      Function Parameters:
        value_accuracy    = 1.718698e-07 (1.000000e-06) (computed)
        gradient_accuracy = 0.000000e+00 (1.000000e-06)
        hessian_accuracy  = 0.000000e+00 (1.000000e-04)

      Molecular Coordinates:
        IntMolecularCoor Parameters:
          update_bmat = no
          scale_bonds = 1
          scale_bends = 1
          scale_tors = 1
          scale_outs = 1
          symmetry_tolerance = 1.000000e-05
          simple_tolerance = 1.000000e-03
          coordinate_tolerance = 1.000000e-07
          have_fixed_values = 0
          max_update_steps = 100
          max_update_disp = 0.500000
          have_fixed_values = 0

        Molecular formula: H2O
        molecule<Molecule>: (
          symmetry = c2v
          unit = "angstrom"
          {  n atoms                        geometry                     }={
             1     O [    0.0000000000     0.0000000000     0.3693729440]
             2     H [    0.7839758990     0.0000000000    -0.1846864720]
             3     H [   -0.7839758990    -0.0000000000    -0.1846864720]
          }
        )
        Atomic Masses:
           15.99491    1.00783    1.00783

        Bonds:
          STRE       s1     0.96000    1    2         O-H
          STRE       s2     0.96000    1    3         O-H
        Bends:
          BEND       b1   109.50000    2    1    3      H-O-H

        SymmMolecularCoor Parameters:
          change_coordinates = no
          transform_hessian = yes
          max_kappa2 = 10.000000

      Electronic basis:
        GaussianBasisSet:
          nbasis = 24
          nshell = 11
          nprim  = 24
          name = "cc-pVDZ"
      Reference Wavefunction:
        Function Parameters:
          value_accuracy    = 1.718698e-09 (1.000000e-08) (computed)
          gradient_accuracy = 0.000000e+00 (1.000000e-06)
          hessian_accuracy  = 0.000000e+00 (1.000000e-04)

        Molecule:
          Molecular formula: H2O
          molecule<Molecule>: (
            symmetry = c2v
            unit = "angstrom"
            {  n atoms                        geometry                     }={
               1     O [    0.0000000000     0.0000000000     0.3693729440]
               2     H [    0.7839758990     0.0000000000    -0.1846864720]
               3     H [   -0.7839758990    -0.0000000000    -0.1846864720]
            }
          )
          Atomic Masses:
             15.99491    1.00783    1.00783

        Electronic basis:
          GaussianBasisSet:
            nbasis = 24
            nshell = 11
            nprim  = 24
            name = "cc-pVDZ"
        SCF Parameters:
          maxiter = 100
          density_reset_frequency = 10
          level_shift = 0.000000

        CLSCF Parameters:
          charge = 0
          ndocc = 5
          docc = [ 3 0 1 1 ]


                                                       CPU  Wall
mpqc:                                                15.06 15.67
  calc:                                              14.51 15.10
    mp2-f12 energy:                                  14.51 15.09
      "diagonal" part of G12 intermediates:           7.06  7.25
        Generic tensor:                               7.02  7.21
          MO ints retrieve:                           0.00  0.00
          tbint_tform_ikjy <i i| G12[0,0] |i i>_bb:   4.93  5.07
            mp2-r12/a passes:                         4.93  5.07
              4. q.t.:                                0.00  0.00
              MO ints store:                          0.00  0.00
              ints+1qt+2qt+3qt:                       4.93  5.07
          tbint_tform_ikjy <i i| G12[0] |m m>_bb:     2.08  2.14
            mp2-r12/a passes:                         2.08  2.14
              4. q.t.:                                0.00  0.00
              MO ints store:                          0.00  0.00
              ints+1qt+2qt+3qt:                       2.08  2.13
      B(BC) intermediate:                             0.00  0.00
      MP2 pair energies:                              0.01  0.01
        MO ints retrieve:                             0.00  0.00
      mp2-f12/a' pair energies:                       0.01  0.01
      mp2-f12a intermeds (tensor contract):           6.16  6.50
        Generic tensor contract:                      6.16  6.49
          MO ints retrieve:                           0.02  0.02
          tbint_tform_ikjy <i i| G12[0] |m a'>_bb:    3.99  4.14
            mp2-r12/a passes:                         3.99  4.14
              4. q.t.:                                0.00  0.00
              MO ints store:                          0.00  0.00
              ints+1qt+2qt+3qt:                       3.99  4.14
          tbint_tform_ikjy <i i| G12[0] |p p>_bb:     2.04  2.11
            mp2-r12/a passes:                         2.04  2.11
              4. q.t.:                                0.00  0.00
              MO ints store:                          0.00  0.00
              ints+1qt+2qt+3qt:                       2.03  2.11
      vector:                                         1.16  1.20
        density:                                      0.00  0.00
        evals:                                        0.01  0.01
        extrap:                                       0.01  0.01
        fock:                                         0.97  1.01
          accum:                                      0.00  0.00
          ao_gmat:                                    0.92  0.96
            start thread:                             0.92  0.96
            stop thread:                              0.00  0.00
          init pmax:                                  0.00  0.00
          local data:                                 0.00  0.00
          setup:                                      0.02  0.02
          sum:                                        0.00  0.00
          symm:                                       0.02  0.03
  input:                                              0.55  0.57
    vector:                                           0.29  0.30
      density:                                        0.00  0.00
      evals:                                          0.00  0.00
      extrap:                                         0.01  0.01
      fock:                                           0.18  0.18
        accum:                                        0.00  0.00
        ao_gmat:                                      0.15  0.16
          start thread:                               0.15  0.16
          stop thread:                                0.00  0.00
        init pmax:                                    0.00  0.00
        local data:                                   0.00  0.00
        setup:                                        0.01  0.01
        sum:                                          0.00  0.00
        symm:                                         0.01  0.01

  End Time: Thu May  8 12:09:54 2008

