
                    MPQC: Massively Parallel Quantum Chemistry
                                Version 3.0.0-alpha

  Machine:    Darwin-x86_64
  User:       evaleev@EdBookPro.local
  Start Time: Thu Feb 18 09:43:50 2016

  Using MPIMessageGrp for message passing (number of nodes = 1).
  Using PthreadThreadGrp for threading (number of threads = 1).
  Using MTMPIMemoryGrp for distributed shared memory.
  Total number of processors = 1

  Using IntegralLibint2 by default for molecular integrals evaluation
  Given resources: ConsumableResources: ( memory = 1.07GB disk = [./ unlimited] )

  Reading file /Users/evaleev/Development/workspace/install/mpqc-clang/share/mpqc/3.0.0-alpha/atominfo.kv.

  IntCoorGen: generated 3 coordinates.
  Forming optimization coordinates:
    SymmMolecularCoor::form_variable_coordinates()
      expected 3 coordinates
      found 2 variable coordinates
      found 0 constant coordinates
  Reading file /Users/evaleev/Development/workspace/install/mpqc-clang/share/mpqc/3.0.0-alpha/basis/cc-pvdz.kv.
  Reading file /Users/evaleev/Development/workspace/install/mpqc-clang/share/mpqc/3.0.0-alpha/basis/cc-pvtz-ri.kv.
  Desired Function Parameters:
    value_accuracy    = 1.0000000e-08

  Using symmetric orthogonalization.
  n(basis):            24
  Maximum orthogonalization residual = 3.66509
  Minimum orthogonalization residual = 0.0352018
  Reading file /Users/evaleev/Development/workspace/install/mpqc-clang/share/mpqc/3.0.0-alpha/basis/cc-pvdz-f12-cabs.kv.

  Molecular formula H2O

  The following keywords in "/Users/evaleev/Development/workspace/mpqc/test/ref/psiccsdpt2f12_h2opsiccsd_tf12ccpvdzccpvdzf12cabsccpvtzric1.in" were ignored:
    mpqc:mole:reference:multiplicity
    mpqc:integrals

  MPQC options:
    matrixkit       = <ReplSCMatrixKit>
    filename        = psiccsdpt2f12_h2opsiccsd_tf12ccpvdzccpvdzf12cabsccpvtzric1
    restart_file    = psiccsdpt2f12_h2opsiccsd_tf12ccpvdzccpvdzf12cabsccpvtzric1.ckpt
    restart         = no
    checkpoint      = no
    savestate       = no
    do_energy       = yes
    do_gradient     = no
    do_freq         = no
    optimize        = no
    write_xyz       = yes
    print_mole      = yes
    print_timings   = yes
    print_resources = yes

    Desired Function Parameters:

  Desired Function Parameters:
    value_accuracy    = 1.0000000e-06

  Using symmetric orthogonalization.
  n(basis):            24
  Maximum orthogonalization residual = 3.66509
  Minimum orthogonalization residual = 0.0352018

  Entered (2)_S energy evaluator
    Orthogonalizing basis for space RIBS:
      Using symmetric orthogonalization.
      n(basis):           134
      Maximum orthogonalization residual = 8.06036
      Minimum orthogonalization residual = 9.08341e-07
    SVD-projecting out  occupied symmetry-blocked MOs out of RIBS to obtain space CABS
      5 basis functions projected out of RIBS.
      n(basis):           129
      Maximum singular value = 1
      Minimum singular value = 1
    SVD-projecting out  unoccupied symmetry-blocked MOs out of CABS to obtain space CABS
      19 basis functions projected out of CABS.
      n(basis):           110
      Maximum singular value = 1
      Minimum singular value = 1
    E(MP2 OBS+CABS singles = (2)_S) =        -0.017845349573687
  Exited (2)_S energy evaluator
  Built TwoBodyMOIntsTransform_ijR: name = <mu Mu|ERI|mu >
  Built TwoBodyMOIntsTransform_ijR_from_iqR: name = <mu Mu|ERI|i >
  Built DensityFitting: name = (mu i|DF(ERI)|Mu)
  Built PermutedDensityFitting: name = (i mu|DF(ERI)|Mu)
  Built TransformedDensityFitting: name = (i p|DF(ERI)|Mu)
  Built TwoBodyMOIntsTransform_ijR: name = <i Mu|G12'[0]|mu >
  Built TwoBodyMOIntsTransform_ijR_from_iqR: name = <i Mu|G12'[0]|p >
  Built TwoBodyMOIntsTransform_ixjy_df: name = <i i|G12'[0]|p p>

  Entered alpha-beta MP2 pair energies evaluator
  Exited alpha-beta MP2 pair energies evaluator

  Entered alpha-alpha MP2 pair energies evaluator
  Exited alpha-alpha MP2 pair energies evaluator
  Built TransformedDensityFitting: name = (i i|DF(ERI)|Mu)
  Built TwoBodyMOIntsTransform_ijR_from_iqR: name = <i Mu|G12'[0]|i >
  Built TwoBodyMOIntsTransform_ixjy_df: name = <i i|G12'[0]|i i>
  Built TransformedDensityFitting: name = (i m|DF(ERI)|Mu)
  Built TwoBodyMOIntsTransform_ijR: name = <mu' Mu|ERI|mu >
  Built TwoBodyMOIntsTransform_ijR_from_iqR: name = <mu' Mu|ERI|i >
  Built DensityFitting: name = (mu' i|DF(ERI)|Mu)
  Built PermutedDensityFitting: name = (i mu'|DF(ERI)|Mu)
  Built TransformedDensityFitting: name = (i a'|DF(ERI)|Mu)
  Built TwoBodyMOIntsTransform_ijR: name = <i Mu|G12'[0]|mu' >
  Built TwoBodyMOIntsTransform_ijR_from_iqR: name = <i Mu|G12'[0]|a' >
  Built TwoBodyMOIntsTransform_ijR_from_iqR: name = <i Mu|G12'[0]|m >
  Built TwoBodyMOIntsTransform_ixjy_df: name = <i i|G12'[0]|m a'>
  Built TwoBodyMOIntsTransform_ixjy_df: name = <i i|G12'[0]|a' m>
  Built TwoBodyMOIntsTransform_ijR: name = <i Mu|G12'[0,0]|mu >
  Built TwoBodyMOIntsTransform_ijR_from_iqR: name = <i Mu|G12'[0,0]|i >
  Built TwoBodyMOIntsTransform_ixjy_df: name = <i i|G12'[0,0]|i i>
  Built TransformedDensityFitting: name = (i p'|DF(ERI)|Mu)
  Built TwoBodyMOIntsTransform_ijR_from_iqR: name = <i Mu|G12'[0]|p' >
  Built TwoBodyMOIntsTransform_ixjy_df: name = <i i|G12'[0]|p' p'>
  Built TransformedDensityFitting: name = (i p'_K(p')[A]|DF(ERI)|Mu)
  Built TwoBodyMOIntsTransform_ijR_from_iqR: name = <i Mu|G12'[0]|p'_K(p')[A] >
  Built TwoBodyMOIntsTransform_ixjy_df: name = <i i|G12'[0]|p'_K(p')[A] p'>
  Built TwoBodyMOIntsTransform_ixjy_df: name = <i i|G12'[0]|p' m>
  Built TransformedDensityFitting: name = (i p'_F(p')[A]|DF(ERI)|Mu)
  Built TwoBodyMOIntsTransform_ijR_from_iqR: name = <i Mu|G12'[0]|p'_F(p')[A] >
  Built TwoBodyMOIntsTransform_ixjy_df: name = <i i|G12'[0]|p'_F(p')[A] m>
  Built TransformedDensityFitting: name = (i e|DF(ERI)|Mu)
  Built TwoBodyMOIntsTransform_ijR_from_iqR: name = <i Mu|G12'[0]|e >
  Built TwoBodyMOIntsTransform_ixjy_df: name = <i i|G12'[0]|p e>
  Built TransformedDensityFitting: name = (i p_F(p)[A]|DF(ERI)|Mu)
  Built TwoBodyMOIntsTransform_ijR_from_iqR: name = <i Mu|G12'[0]|p_F(p)[A] >
  Built TwoBodyMOIntsTransform_ixjy_df: name = <i i|G12'[0]|p_F(p)[A] e>
  Built TransformedDensityFitting: name = (i m_F(p')[A]|DF(ERI)|Mu)
  Built TwoBodyMOIntsTransform_ijR_from_iqR: name = <i Mu|G12'[0]|m_F(p')[A] >
  Built TwoBodyMOIntsTransform_ixjy_df: name = <i i|G12'[0]|m_F(p')[A] a'>
  Built TransformedDensityFitting: name = (i p_F(a')[A]|DF(ERI)|Mu)
  Built TwoBodyMOIntsTransform_ijR_from_iqR: name = <i Mu|G12'[0]|p_F(a')[A] >
  Built TwoBodyMOIntsTransform_ixjy_df: name = <i i|G12'[0]|p_F(a')[A] e>
  Built TransformedDensityFitting: name = (i m_F(m)[A]|DF(ERI)|Mu)
  Built TwoBodyMOIntsTransform_ijR_from_iqR: name = <i Mu|G12'[0]|m_F(m)[A] >
  Built TwoBodyMOIntsTransform_ixjy_df: name = <i i|G12'[0]|m_F(m)[A] a'>
  Built TransformedDensityFitting: name = (i i_hJ(p')[A]|DF(ERI)|Mu)
  Built TwoBodyMOIntsTransform_ijR: name = <i Mu|G12'[0,0]|mu' >
  Built TwoBodyMOIntsTransform_ijR_from_iqR: name = <i Mu|G12'[0,0]|i_hJ(p')[A] >
  Built TwoBodyMOIntsTransform_ixjy_df: name = <i i|G12'[0,0]|i_hJ(p')[A] i>

  Entered generic contraction (<i i|p p> = <i i|p p> . <p p|p p>^T)
    Built TwoBodyMOIntsTransform_ijR_from_iqR: name = <mu Mu|ERI|p >
    Built DensityFitting: name = (mu p|DF(ERI)|Mu)
    Built PermutedDensityFitting: name = (p mu|DF(ERI)|Mu)
    Built TransformedDensityFitting: name = (p p|DF(ERI)|Mu)
    Built TwoBodyMOIntsTransform_ijR: name = <p Mu|ERI|mu >
    Built TwoBodyMOIntsTransform_ijR_from_iqR: name = <p Mu|ERI|p >
    Built TwoBodyMOIntsTransform_ixjy_df: name = <p p|ERI|p p>
  Exited generic contraction (<i i|p p> = <i i|p p> . <p p|p p>^T)

  Entered generic contraction (<i i|p p> = <i i|m a'> . <p p|m a'>^T)
    Built TransformedDensityFitting: name = (p m|DF(ERI)|Mu)
    Built TwoBodyMOIntsTransform_ijR: name = <p Mu|ERI|mu' >
    Built TwoBodyMOIntsTransform_ijR_from_iqR: name = <p Mu|ERI|a' >
    Built TwoBodyMOIntsTransform_ixjy_df: name = <p p|ERI|m a'>
  Exited generic contraction (<i i|p p> = <i i|m a'> . <p p|m a'>^T)

  Entered generic contraction (<i i|p p> = <i i|p p> . <p p|p p>^T)
  Exited generic contraction (<i i|p p> = <i i|p p> . <p p|p p>^T)

  Entered generic contraction (<i i|p p> = <i i|m a'> . <p p|m a'>^T)
  Exited generic contraction (<i i|p p> = <i i|m a'> . <p p|m a'>^T)
  E2(AB)        =   -0.092111615928480
  E2(AA)        =   -0.014834580189718
  E2(s)         =   -0.084694325833621
  E2(t)         =   -0.022251870284576
  E2(CABS)      =   -0.017845349573687
  E2            =   -0.124791545691884
  ECCSD         =   -0.213082172608975
  ECCSD_PT2R12  =   -0.337873718300852
  E(T)          =   -0.003021822303882
  ECCSD_PT2R12T =   -0.340895540604734
  ECCSD_PT2R12T+REF =  -76.366783780862676
Value of the MolecularEnergy:  -76.3667837809

  PsiCCSD_PT2R12T:
    PsiCC_PT2R12:
      Spin-adapted algorithm: true
      Include CABS singles? : true
        E(CABS singles) =        -0.017845349573687
      R12WavefunctionWorld:
        WavefunctionWorld:
          Density-Fitting Parameters:
            basis set:
              GaussianBasisSet:
                nbasis = 141
                nshell = 43
                nprim  = 43
                name = "cc-pVTZ-RI"
            kernel = ERI
            solver = Cholesky (inverse)
          How to Store Transformed Integrals: posix
          Transformed Integrals file suffix: ./psiccsdpt2f12_h2opsiccsd_tf12ccpvdzccpvdzf12cabsccpvtzric1.moints

        PsiSCF_RefWavefunction:
          spin_restricted = true
          # frozen core   = 0
          # frozen virt   = 0
          PsiCLHF:
            total_charge = 0
            docc = [ 5 ]
            Function Parameters:
              value_accuracy    = 1.000000e-08 (1.000000e-08) (computed)
              gradient_accuracy = 0.000000e+00 (1.000000e-06)
              hessian_accuracy  = 0.000000e+00 (1.000000e-04)

            Molecule:
              Molecular formula: H2O
              molecule<Molecule>: (
                symmetry = c1
                unit = "angstrom"
                {  n atoms                        geometry                     }={
                   1     O [    0.0000000000     0.0000000000     0.3693729440]
                   2     H [    0.7839758990     0.0000000000    -0.1846864720]
                   3     H [   -0.7839758990     0.0000000000    -0.1846864720]
                }
              )
              Atomic Masses:
                 15.99491    1.00783    1.00783
              Reference origin =  [    0.0000000000     0.0000000000     0.0000000000]

            Electronic basis:
              GaussianBasisSet:
                nbasis = 24
                nshell = 11
                nprim  = 24
                name = "cc-pVDZ"
            Integral factory = IntegralLibint2
            magnetic moment = 0

            PsiExEnv:
              Location of Psi: /Users/evaleev/Development/workspace/build/mpqc-clang-opt/external/build/psi3/include/../bin
              Current Psi Working Directory: .
              Current Psi File Prefix: psiccsdpt2f12_h2opsiccsd_tf12ccpvdzccpvdzf12cabsccpvtzric1.psi
              Number of Scratch Groups: 1
              Scratch Group 0: ./


        Auxiliary Basis Set (ABS):
          GaussianBasisSet:
            nbasis = 110
            nshell = 32
            nprim  = 32
            name = "cc-pVDZ-F12-CABS"

        R12Technology:
          CorrelationFactor: STG-3G[1.5]
            [ Exponent Coefficient] = [ [     0.549916470288    -0.240062723910 ] [     3.131856748698    -0.231321126375 ] [    20.611027373229    -0.132656191582 ]  ]

          Coupling included: false
          GBC assumed: true
          EBC assumed: true
          EBC-free method: Valeev
          Enforce positive definiteness of B, but not ~B(ij)
          RI method for many-electron integrals: CABS+ (CABS using the union of OBS and ABS for RI)
          ABS linear depenendence tolerance = 1e-08
          Standard Approximation: C
          R12Ansatz:
            Geminal orbital Product Space: ij
            Space of orbital products from which geminal substitutions are allowed: ij
            Projector: 2  , i.e. (1-O1)(1-O2)-V1V2
            Ansatz: diagonal with fixed amplitudes
            WOF: false
          H0_dk_approx_pauli: false
          Max # ABS indices: 2
        Spin-adapted algorithm: false

      PsiCorrWavefunction:
        Function Parameters:
          value_accuracy    = 1.000000e-06 (1.000000e-06) (computed)
          gradient_accuracy = 0.000000e+00 (1.000000e-06)
          hessian_accuracy  = 0.000000e+00 (1.000000e-04)

        Molecular Coordinates:
          IntMolecularCoor Parameters:
            update_bmat = no
            scale_bonds = 1
            scale_bends = 1
            scale_tors = 1
            scale_outs = 1
            symmetry_tolerance = 1.000000e-05
            simple_tolerance = 1.000000e-03
            coordinate_tolerance = 1.000000e-07
            have_fixed_values = 0
            max_update_steps = 100
            max_update_disp = 0.500000
            have_fixed_values = 0

          Molecular formula: H2O
          molecule<Molecule>: (
            symmetry = c1
            unit = "angstrom"
            {  n atoms                        geometry                     }={
               1     O [    0.0000000000     0.0000000000     0.3693729440]
               2     H [    0.7839758990     0.0000000000    -0.1846864720]
               3     H [   -0.7839758990     0.0000000000    -0.1846864720]
            }
          )
          Atomic Masses:
             15.99491    1.00783    1.00783
          Reference origin =  [    0.0000000000     0.0000000000     0.0000000000]

          Bonds:
            STRE       s1     0.96000    1    2         O-H
            STRE       s2     0.96000    1    3         O-H
          Bends:
            BEND       b1   109.50000    2    1    3      H-O-H

          SymmMolecularCoor Parameters:
            change_coordinates = no
            transform_hessian = yes
            max_kappa2 = 10.000000

        Electronic basis:
          GaussianBasisSet:
            nbasis = 24
            nshell = 11
            nprim  = 24
            name = "cc-pVDZ"
        Integral factory = IntegralLibint2
        magnetic moment = 0

        PsiExEnv:
          Location of Psi: /Users/evaleev/Development/workspace/build/mpqc-clang-opt/external/build/psi3/include/../bin
          Current Psi Working Directory: .
          Current Psi File Prefix: psiccsdpt2f12_h2opsiccsd_tf12ccpvdzccpvdzf12cabsccpvtzric1.psi
          Number of Scratch Groups: 1
          Scratch Group 0: ./

        PsiCLHF:
          total_charge = 0
          docc = [ 5 ]
          Function Parameters:
            value_accuracy    = 1.000000e-08 (1.000000e-08) (computed)
            gradient_accuracy = 0.000000e+00 (1.000000e-06)
            hessian_accuracy  = 0.000000e+00 (1.000000e-04)

          Molecule:
            Molecular formula: H2O
            molecule<Molecule>: (
              symmetry = c1
              unit = "angstrom"
              {  n atoms                        geometry                     }={
                 1     O [    0.0000000000     0.0000000000     0.3693729440]
                 2     H [    0.7839758990     0.0000000000    -0.1846864720]
                 3     H [   -0.7839758990     0.0000000000    -0.1846864720]
              }
            )
            Atomic Masses:
               15.99491    1.00783    1.00783
            Reference origin =  [    0.0000000000     0.0000000000     0.0000000000]

          Electronic basis:
            GaussianBasisSet:
              nbasis = 24
              nshell = 11
              nprim  = 24
              name = "cc-pVDZ"
          Integral factory = IntegralLibint2
          magnetic moment = 0

          PsiExEnv:
            Location of Psi: /Users/evaleev/Development/workspace/build/mpqc-clang-opt/external/build/psi3/include/../bin
            Current Psi Working Directory: .
            Current Psi File Prefix: psiccsdpt2f12_h2opsiccsd_tf12ccpvdzccpvdzf12cabsccpvtzric1.psi
            Number of Scratch Groups: 1
            Scratch Group 0: ./


        frozen_docc = [0 ]
        frozen_uocc = [0 ]

  ConsumableResources: (
    memory = 1.07GB
    disk = [./ unlimited]
  )
                                                                   CPU  Wall
mpqc:                                                           102.44 13.83
  calc:                                                         102.37 13.61
    (2)_S energy:                                                19.61  2.55
      build_only:                                                 9.31  1.20
        FockBuildThreads:                                        18.00  2.33
    MP2 pair energies:                                            0.00  0.00
      MO ints retrieve:                                           0.00  0.00
    R12 intermeds (tensor contract): Vpqxy:                      17.28  2.25
      Generic tensor contract:                                   16.17  2.11
        MO ints retrieve:                                         0.06  0.01
        tbint_tform_ixjy_df <p p|ERI|m a'>:                       4.56  0.59
          TransformedDensityFitting (p m|DF(ERI)|Mu):             0.87  0.11
          tbint_tform_ijR_using_iqR <p Mu|ERI|a' >:               2.50  0.33
            tbint_tform_ijR <p Mu|ERI|mu' >:                      1.48  0.20
        tbint_tform_ixjy_df <p p|ERI|p p>:                        7.92  1.04
          DensityFitting (mu p|DF(ERI)|Mu):                       2.25  0.29
            tbint_tform_ijR_using_iqR <mu Mu|ERI|p >:             1.13  0.15
          PermutedDensityFitting (p mu|DF(ERI)|Mu):               1.09  0.14
          TransformedDensityFitting (p p|DF(ERI)|Mu):             1.12  0.14
          tbint_tform_ijR_using_iqR <p Mu|ERI|p >:                2.24  0.30
            tbint_tform_ijR <p Mu|ERI|mu >:                       1.15  0.16
    tbint_tform_ixjy_df <i i|G12'[0,0]|i i>:                      3.16  0.42
      tbint_tform_ijR_using_iqR <i Mu|G12'[0,0]|i >:              2.37  0.31
        tbint_tform_ijR <i Mu|G12'[0,0]|mu >:                     1.59  0.21
    tbint_tform_ixjy_df <i i|G12'[0,0]|i_hJ(p')[A] i>:            4.54  0.60
      TransformedDensityFitting (i i_hJ(p')[A]|DF(ERI)|Mu):       0.00  0.00
      tbint_tform_ijR_using_iqR <i Mu|G12'[0,0]|i_hJ(p')[A] >:    3.41  0.45
        tbint_tform_ijR <i Mu|G12'[0,0]|mu' >:                    2.84  0.38
    tbint_tform_ixjy_df <i i|G12'[0]|a' m>:                       2.98  0.39
    tbint_tform_ixjy_df <i i|G12'[0]|i i>:                        1.27  0.16
      TransformedDensityFitting (i i|DF(ERI)|Mu):                 0.03  0.00
      tbint_tform_ijR_using_iqR <i Mu|G12'[0]|i >:                0.54  0.07
    tbint_tform_ixjy_df <i i|G12'[0]|m a'>:                      10.16  1.33
      DensityFitting (mu' i|DF(ERI)|Mu):                          2.40  0.31
        tbint_tform_ijR_using_iqR <mu' Mu|ERI|i >:                1.71  0.22
          tbint_tform_ijR <mu' Mu|ERI|mu >:                       1.10  0.14
      PermutedDensityFitting (i mu'|DF(ERI)|Mu):                  0.61  0.08
      TransformedDensityFitting (i a'|DF(ERI)|Mu):                0.60  0.08
      TransformedDensityFitting (i m|DF(ERI)|Mu):                 0.00  0.00
      tbint_tform_ijR_using_iqR <i Mu|G12'[0]|a' >:               3.61  0.47
        tbint_tform_ijR <i Mu|G12'[0]|mu' >:                      2.36  0.31
      tbint_tform_ijR_using_iqR <i Mu|G12'[0]|m >:                0.94  0.12
    tbint_tform_ixjy_df <i i|G12'[0]|m_F(m)[A] a'>:               1.66  0.22
      TransformedDensityFitting (i m_F(m)[A]|DF(ERI)|Mu):         0.00  0.00
      tbint_tform_ijR_using_iqR <i Mu|G12'[0]|m_F(m)[A] >:        0.47  0.06
    tbint_tform_ixjy_df <i i|G12'[0]|m_F(p')[A] a'>:              1.80  0.24
      TransformedDensityFitting (i m_F(p')[A]|DF(ERI)|Mu):        0.00  0.00
      tbint_tform_ijR_using_iqR <i Mu|G12'[0]|m_F(p')[A] >:       0.54  0.07
    tbint_tform_ixjy_df <i i|G12'[0]|p e>:                        2.48  0.32
      TransformedDensityFitting (i e|DF(ERI)|Mu):                 0.00  0.00
      tbint_tform_ijR_using_iqR <i Mu|G12'[0]|e >:                0.85  0.11
    tbint_tform_ixjy_df <i i|G12'[0]|p p>:                        6.47  0.84
      DensityFitting (mu i|DF(ERI)|Mu):                           2.16  0.28
        tbint_tform_ijR_using_iqR <mu Mu|ERI|i >:                 1.52  0.20
          tbint_tform_ijR <mu Mu|ERI|mu >:                        0.88  0.11
      PermutedDensityFitting (i mu|DF(ERI)|Mu):                   0.59  0.08
      TransformedDensityFitting (i p|DF(ERI)|Mu):                 0.55  0.07
      tbint_tform_ijR_using_iqR <i Mu|G12'[0]|p >:                1.80  0.23
        tbint_tform_ijR <i Mu|G12'[0]|mu >:                       1.14  0.14
    tbint_tform_ixjy_df <i i|G12'[0]|p' m>:                       1.84  0.24
    tbint_tform_ixjy_df <i i|G12'[0]|p' p'>:                      4.32  0.56
      TransformedDensityFitting (i p'|DF(ERI)|Mu):                0.79  0.10
      tbint_tform_ijR_using_iqR <i Mu|G12'[0]|p' >:               0.92  0.12
    tbint_tform_ixjy_df <i i|G12'[0]|p'_F(p')[A] m>:              3.48  0.45
      TransformedDensityFitting (i p'_F(p')[A]|DF(ERI)|Mu):       0.88  0.11
      tbint_tform_ijR_using_iqR <i Mu|G12'[0]|p'_F(p')[A] >:      0.79  0.10
    tbint_tform_ixjy_df <i i|G12'[0]|p'_K(p')[A] p'>:             4.11  0.55
      TransformedDensityFitting (i p'_K(p')[A]|DF(ERI)|Mu):       0.69  0.09
      tbint_tform_ijR_using_iqR <i Mu|G12'[0]|p'_K(p')[A] >:      0.82  0.11
    tbint_tform_ixjy_df <i i|G12'[0]|p_F(a')[A] e>:               2.27  0.30
      TransformedDensityFitting (i p_F(a')[A]|DF(ERI)|Mu):        0.49  0.06
      tbint_tform_ijR_using_iqR <i Mu|G12'[0]|p_F(a')[A] >:       0.58  0.08
    tbint_tform_ixjy_df <i i|G12'[0]|p_F(p)[A] e>:                2.35  0.30
      TransformedDensityFitting (i p_F(p)[A]|DF(ERI)|Mu):         0.55  0.07
      tbint_tform_ijR_using_iqR <i Mu|G12'[0]|p_F(p)[A] >:        0.60  0.07
  input:                                                          0.06  0.22

  End Time: Thu Feb 18 09:44:04 2016

